../Core/Src/stm32f1xx_it.c:34:6:NMI_Handler	4	static
../Core/Src/stm32f1xx_it.c:45:6:HardFault_Handler	4	static
../Core/Src/stm32f1xx_it.c:56:6:MemManage_Handler	4	static
../Core/Src/stm32f1xx_it.c:67:6:BusFault_Handler	4	static
../Core/Src/stm32f1xx_it.c:78:6:UsageFault_Handler	4	static
../Core/Src/stm32f1xx_it.c:89:6:SVC_Handler	4	static
../Core/Src/stm32f1xx_it.c:96:6:DebugMon_Handler	4	static
../Core/Src/stm32f1xx_it.c:103:6:PendSV_Handler	4	static
../Core/Src/stm32f1xx_it.c:110:6:SysTick_Handler	8	static
