Archive member included to satisfy reference by file (symbol)

d:/programs/st/stm32cubeide_1.9.0/stm32cubeide/plugins/com.st.stm32cube.ide.mcu.externaltools.gnu-tools-for-stm32.10.3-2021.10.win32_1.0.0.202111181127/tools/bin/../lib/gcc/arm-none-eabi/10.3.1/../../../../arm-none-eabi/lib/thumb/v7-m/nofp\libc_nano.a(lib_a-assert.o)
                              ./Core/Src/API/ring_buffer/ring_buffer.o (__assert_func)
d:/programs/st/stm32cubeide_1.9.0/stm32cubeide/plugins/com.st.stm32cube.ide.mcu.externaltools.gnu-tools-for-stm32.10.3-2021.10.win32_1.0.0.202111181127/tools/bin/../lib/gcc/arm-none-eabi/10.3.1/../../../../arm-none-eabi/lib/thumb/v7-m/nofp\libc_nano.a(lib_a-errno.o)
                              ./Core/Src/syscalls.o (__errno)
d:/programs/st/stm32cubeide_1.9.0/stm32cubeide/plugins/com.st.stm32cube.ide.mcu.externaltools.gnu-tools-for-stm32.10.3-2021.10.win32_1.0.0.202111181127/tools/bin/../lib/gcc/arm-none-eabi/10.3.1/../../../../arm-none-eabi/lib/thumb/v7-m/nofp\libc_nano.a(lib_a-exit.o)
                              d:/programs/st/stm32cubeide_1.9.0/stm32cubeide/plugins/com.st.stm32cube.ide.mcu.externaltools.gnu-tools-for-stm32.10.3-2021.10.win32_1.0.0.202111181127/tools/bin/../lib/gcc/arm-none-eabi/10.3.1/../../../../arm-none-eabi/lib/thumb/v7-m/nofp/crt0.o (exit)
d:/programs/st/stm32cubeide_1.9.0/stm32cubeide/plugins/com.st.stm32cube.ide.mcu.externaltools.gnu-tools-for-stm32.10.3-2021.10.win32_1.0.0.202111181127/tools/bin/../lib/gcc/arm-none-eabi/10.3.1/../../../../arm-none-eabi/lib/thumb/v7-m/nofp\libc_nano.a(lib_a-fprintf.o)
                              d:/programs/st/stm32cubeide_1.9.0/stm32cubeide/plugins/com.st.stm32cube.ide.mcu.externaltools.gnu-tools-for-stm32.10.3-2021.10.win32_1.0.0.202111181127/tools/bin/../lib/gcc/arm-none-eabi/10.3.1/../../../../arm-none-eabi/lib/thumb/v7-m/nofp\libc_nano.a(lib_a-assert.o) (fiprintf)
d:/programs/st/stm32cubeide_1.9.0/stm32cubeide/plugins/com.st.stm32cube.ide.mcu.externaltools.gnu-tools-for-stm32.10.3-2021.10.win32_1.0.0.202111181127/tools/bin/../lib/gcc/arm-none-eabi/10.3.1/../../../../arm-none-eabi/lib/thumb/v7-m/nofp\libc_nano.a(lib_a-impure.o)
                              d:/programs/st/stm32cubeide_1.9.0/stm32cubeide/plugins/com.st.stm32cube.ide.mcu.externaltools.gnu-tools-for-stm32.10.3-2021.10.win32_1.0.0.202111181127/tools/bin/../lib/gcc/arm-none-eabi/10.3.1/../../../../arm-none-eabi/lib/thumb/v7-m/nofp\libc_nano.a(lib_a-exit.o) (_global_impure_ptr)
d:/programs/st/stm32cubeide_1.9.0/stm32cubeide/plugins/com.st.stm32cube.ide.mcu.externaltools.gnu-tools-for-stm32.10.3-2021.10.win32_1.0.0.202111181127/tools/bin/../lib/gcc/arm-none-eabi/10.3.1/../../../../arm-none-eabi/lib/thumb/v7-m/nofp\libc_nano.a(lib_a-init.o)
                              d:/programs/st/stm32cubeide_1.9.0/stm32cubeide/plugins/com.st.stm32cube.ide.mcu.externaltools.gnu-tools-for-stm32.10.3-2021.10.win32_1.0.0.202111181127/tools/bin/../lib/gcc/arm-none-eabi/10.3.1/../../../../arm-none-eabi/lib/thumb/v7-m/nofp/crt0.o (__libc_init_array)
d:/programs/st/stm32cubeide_1.9.0/stm32cubeide/plugins/com.st.stm32cube.ide.mcu.externaltools.gnu-tools-for-stm32.10.3-2021.10.win32_1.0.0.202111181127/tools/bin/../lib/gcc/arm-none-eabi/10.3.1/../../../../arm-none-eabi/lib/thumb/v7-m/nofp\libc_nano.a(lib_a-malloc.o)
                              ./Core/Src/API/ring_buffer/ring_buffer.o (malloc)
d:/programs/st/stm32cubeide_1.9.0/stm32cubeide/plugins/com.st.stm32cube.ide.mcu.externaltools.gnu-tools-for-stm32.10.3-2021.10.win32_1.0.0.202111181127/tools/bin/../lib/gcc/arm-none-eabi/10.3.1/../../../../arm-none-eabi/lib/thumb/v7-m/nofp\libc_nano.a(lib_a-memset.o)
                              d:/programs/st/stm32cubeide_1.9.0/stm32cubeide/plugins/com.st.stm32cube.ide.mcu.externaltools.gnu-tools-for-stm32.10.3-2021.10.win32_1.0.0.202111181127/tools/bin/../lib/gcc/arm-none-eabi/10.3.1/../../../../arm-none-eabi/lib/thumb/v7-m/nofp/crt0.o (memset)
d:/programs/st/stm32cubeide_1.9.0/stm32cubeide/plugins/com.st.stm32cube.ide.mcu.externaltools.gnu-tools-for-stm32.10.3-2021.10.win32_1.0.0.202111181127/tools/bin/../lib/gcc/arm-none-eabi/10.3.1/../../../../arm-none-eabi/lib/thumb/v7-m/nofp\libc_nano.a(lib_a-nano-freer.o)
                              d:/programs/st/stm32cubeide_1.9.0/stm32cubeide/plugins/com.st.stm32cube.ide.mcu.externaltools.gnu-tools-for-stm32.10.3-2021.10.win32_1.0.0.202111181127/tools/bin/../lib/gcc/arm-none-eabi/10.3.1/../../../../arm-none-eabi/lib/thumb/v7-m/nofp\libc_nano.a(lib_a-malloc.o) (_free_r)
d:/programs/st/stm32cubeide_1.9.0/stm32cubeide/plugins/com.st.stm32cube.ide.mcu.externaltools.gnu-tools-for-stm32.10.3-2021.10.win32_1.0.0.202111181127/tools/bin/../lib/gcc/arm-none-eabi/10.3.1/../../../../arm-none-eabi/lib/thumb/v7-m/nofp\libc_nano.a(lib_a-nano-mallocr.o)
[...]
Memory Configuration

Name             Origin             Length             Attributes
RAM              0x0000000020000000 0x0000000000005000 xrw
FLASH            0x0000000008000000 0x0000000000010000 xr
*default*        0x0000000000000000 0xffffffffffffffff

Linker script and memory map

LOAD d:/programs/st/stm32cubeide_1.9.0/stm32cubeide/plugins/com.st.stm32cube.ide.mcu.externaltools.gnu-tools-for-stm32.10.3-2021.10.win32_1.0.0.202111181127/tools/bin/../lib/gcc/arm-none-eabi/10.3.1/thumb/v7-m/nofp/crti.o
LOAD d:/programs/st/stm32cubeide_1.9.0/stm32cubeide/plugins/com.st.stm32cube.ide.mcu.externaltools.gnu-tools-for-stm32.10.3-2021.10.win32_1.0.0.202111181127/tools/bin/../lib/gcc/arm-none-eabi/10.3.1/thumb/v7-m/nofp/crtbegin.o
LOAD d:/programs/st/stm32cubeide_1.9.0/stm32cubeide/plugins/com.st.stm32cube.ide.mcu.externaltools.gnu-tools-for-stm32.10.3-2021.10.win32_1.0.0.202111181127/tools/bin/../lib/gcc/arm-none-eabi/10.3.1/../../../../arm-none-eabi/lib/thumb/v7-m/nofp/crt0.o
LOAD ./Core/Fonts/font12.o
LOAD ./Core/Fonts/font150.o
LOAD ./Core/Fonts/font16.o
LOAD ./Core/Fonts/font20.o
LOAD ./Core/Fonts/font24.o
LOAD ./Core/Fonts/font8.o
LOAD ./Core/Icons/back_icon.o
LOAD ./Core/Icons/batt_error_icon.o
LOAD ./Core/Icons/batt_warning_icon.o
LOAD ./Core/Icons/battery_icon.o
LOAD ./Core/Icons/drawers_icon.o
LOAD ./Core/Icons/enable_icon.o
LOAD ./Core/Icons/play_icon.o
LOAD ./Core/Icons/recording_icon.o
LOAD ./Core/Icons/thermostat_icon.o
LOAD ./Core/Icons/trash_icon.o
LOAD ./Core/Src/API/buttons/buttons.o
LOAD ./Core/Src/API/event_queue/event_queue.o
LOAD ./Core/Src/API/printf_dbg/itm_dbg.o
LOAD ./Core/Src/API/printf_dbg/printf_dbg.o
LOAD ./Core/Src/API/ring_buffer/ring_buffer.o
LOAD ./Core/Src/API/time_event/time_event.o
LOAD ./Core/Src/API/time_event/time_irq_update.o
LOAD ./Core/Src/FSMs/drawer/drawer_fsm.o
LOAD ./Core/Src/FSMs/event_manager/event_manager_fsm.o
LOAD ./Core/Src/FSMs/feeder/feeder_fsm.o
LOAD ./Core/Src/FSMs/power/power_fsm.o
LOAD ./Core/Src/FSMs/temperature/temp_ctrl_fsm.o
LOAD ./Core/Src/FSMs/ui/ui_draw.o
LOAD ./Core/Src/FSMs/ui/ui_fsm.o
LOAD ./Core/Src/gpio_irq.o
LOAD ./Core/Src/init_periph.o
LOAD ./Core/Src/main.o
LOAD ./Core/Src/stm32f1xx_hal_msp.o
LOAD ./Core/Src/stm32f1xx_it.o
LOAD ./Core/Src/syscalls.o
LOAD ./Core/Src/sysmem.o
LOAD ./Core/Src/system_stm32f1xx.o
LOAD ./Core/Startup/startup_stm32f103r8tx.o
LOAD ./Core/lcd/ili9488.o
LOAD ./Core/lcd/lcd_api.o
LOAD ./Core/lcd/lcd_spi_io.o
LOAD ./Drivers/STM32F1xx_HAL_Driver/Src/stm32f1xx_hal.o
LOAD ./Drivers/STM32F1xx_HAL_Driver/Src/stm32f1xx_hal_adc.o
LOAD ./Drivers/STM32F1xx_HAL_Driver/Src/stm32f1xx_hal_adc_ex.o
LOAD ./Drivers/STM32F1xx_HAL_Driver/Src/stm32f1xx_hal_cortex.o
LOAD ./Drivers/STM32F1xx_HAL_Driver/Src/stm32f1xx_hal_dma.o
LOAD ./Drivers/STM32F1xx_HAL_Driver/Src/stm32f1xx_hal_exti.o
LOAD ./Drivers/STM32F1xx_HAL_Driver/Src/stm32f1xx_hal_flash.o
LOAD ./Drivers/STM32F1xx_HAL_Driver/Src/stm32f1xx_hal_flash_ex.o
LOAD ./Drivers/STM32F1xx_HAL_Driver/Src/stm32f1xx_hal_gpio.o
LOAD ./Drivers/STM32F1xx_HAL_Driver/Src/stm32f1xx_hal_gpio_ex.o
LOAD ./Drivers/STM32F1xx_HAL_Driver/Src/stm32f1xx_hal_i2c.o
LOAD ./Drivers/STM32F1xx_HAL_Driver/Src/stm32f1xx_hal_pwr.o
LOAD ./Drivers/STM32F1xx_HAL_Driver/Src/stm32f1xx_hal_rcc.o
LOAD ./Drivers/STM32F1xx_HAL_Driver/Src/stm32f1xx_hal_rcc_ex.o
LOAD ./Drivers/STM32F1xx_HAL_Driver/Src/stm32f1xx_hal_spi.o
LOAD ./Drivers/STM32F1xx_HAL_Driver/Src/stm32f1xx_hal_tim.o
LOAD ./Drivers/STM32F1xx_HAL_Driver/Src/stm32f1xx_hal_tim_ex.o
START GROUP
LOAD d:/programs/st/stm32cubeide_1.9.0/stm32cubeide/plugins/com.st.stm32cube.ide.mcu.externaltools.gnu-tools-for-stm32.10.3-2021.10.win32_1.0.0.202111181127/tools/bin/../lib/gcc/arm-none-eabi/10.3.1/../../../../arm-none-eabi/lib/thumb/v7-m/nofp\libc_nano.a
LOAD d:/programs/st/stm32cubeide_1.9.0/stm32cubeide/plugins/com.st.stm32cube.ide.mcu.externaltools.gnu-tools-for-stm32.10.3-2021.10.win32_1.0.0.202111181127/tools/bin/../lib/gcc/arm-none-eabi/10.3.1/../../../../arm-none-eabi/lib/thumb/v7-m/nofp\libm.a
END GROUP
START GROUP
LOAD d:/programs/st/stm32cubeide_1.9.0/stm32cubeide/plugins/com.st.stm32cube.ide.mcu.externaltools.gnu-tools-for-stm32.10.3-2021.10.win32_1.0.0.202111181127/tools/bin/../lib/gcc/arm-none-eabi/10.3.1/thumb/v7-m/nofp\libgcc.a
LOAD d:/programs/st/stm32cubeide_1.9.0/stm32cubeide/plugins/com.st.stm32cube.ide.mcu.externaltools.gnu-tools-for-stm32.10.3-2021.10.win32_1.0.0.202111181127/tools/bin/../lib/gcc/arm-none-eabi/10.3.1/../../../../arm-none-eabi/lib/thumb/v7-m/nofp\libc_nano.a
END GROUP
START GROUP
LOAD d:/programs/st/stm32cubeide_1.9.0/stm32cubeide/plugins/com.st.stm32cube.ide.mcu.externaltools.gnu-tools-for-stm32.10.3-2021.10.win32_1.0.0.202111181127/tools/bin/../lib/gcc/arm-none-eabi/10.3.1/thumb/v7-m/nofp\libgcc.a
LOAD d:/programs/st/stm32cubeide_1.9.0/stm32cubeide/plugins/com.st.stm32cube.ide.mcu.externaltools.gnu-tools-for-stm32.10.3-2021.10.win32_1.0.0.202111181127/tools/bin/../lib/gcc/arm-none-eabi/10.3.1/../../../../arm-none-eabi/lib/thumb/v7-m/nofp\libc_nano.a
LOAD d:/programs/st/stm32cubeide_1.9.0/stm32cubeide/plugins/com.st.stm32cube.ide.mcu.externaltools.gnu-tools-for-stm32.10.3-2021.10.win32_1.0.0.202111181127/tools/bin/../lib/gcc/arm-none-eabi/10.3.1/../../../../arm-none-eabi/lib/thumb/v7-m/nofp\libnosys.a
END GROUP
START GROUP
LOAD d:/programs/st/stm32cubeide_1.9.0/stm32cubeide/plugins/com.st.stm32cube.ide.mcu.externaltools.gnu-tools-for-stm32.10.3-2021.10.win32_1.0.0.202111181127/tools/bin/../lib/gcc/arm-none-eabi/10.3.1/thumb/v7-m/nofp\libgcc.a
LOAD d:/programs/st/stm32cubeide_1.9.0/stm32cubeide/plugins/com.st.stm32cube.ide.mcu.externaltools.gnu-tools-for-stm32.10.3-2021.10.win32_1.0.0.202111181127/tools/bin/../lib/gcc/arm-none-eabi/10.3.1/../../../../arm-none-eabi/lib/thumb/v7-m/nofp\libc_nano.a
LOAD d:/programs/st/stm32cubeide_1.9.0/stm32cubeide/plugins/com.st.stm32cube.ide.mcu.externaltools.gnu-tools-for-stm32.10.3-2021.10.win32_1.0.0.202111181127/tools/bin/../lib/gcc/arm-none-eabi/10.3.1/../../../../arm-none-eabi/lib/thumb/v7-m/nofp\libnosys.a
END GROUP
LOAD d:/programs/st/stm32cubeide_1.9.0/stm32cubeide/plugins/com.st.stm32cube.ide.mcu.externaltools.gnu-tools-for-stm32.10.3-2021.10.win32_1.0.0.202111181127/tools/bin/../lib/gcc/arm-none-eabi/10.3.1/thumb/v7-m/nofp/crtend.o
LOAD d:/programs/st/stm32cubeide_1.9.0/stm32cubeide/plugins/com.st.stm32cube.ide.mcu.externaltools.gnu-tools-for-stm32.10.3-2021.10.win32_1.0.0.202111181127/tools/bin/../lib/gcc/arm-none-eabi/10.3.1/thumb/v7-m/nofp/crtn.o
                0x0000000020005000                _estack = (ORIGIN (RAM) + LENGTH (RAM))
                0x0000000000000200                _Min_Heap_Size = 0x200
                0x0000000000000400                _Min_Stack_Size = 0x400

.isr_vector     0x0000000008000000      0x10c
                0x0000000008000000                . = ALIGN (0x4)
 *(.isr_vector)
 .isr_vector    0x0000000008000000      0x10c ./Core/Startup/startup_stm32f103r8tx.o
                0x0000000008000000                g_pfnVectors
                0x000000000800010c                . = ALIGN (0x4)

.text           0x000000000800010c     0x8270
                0x000000000800010c                . = ALIGN (0x4)
 *(.text)
 .text          0x000000000800010c       0x40 d:/programs/st/stm32cubeide_1.9.0/stm32cubeide/plugins/com.st.stm32cube.ide.mcu.externaltools.gnu-tools-for-stm32.10.3-2021.10.win32_1.0.0.202111181127/tools/bin/../lib/gcc/arm-none-eabi/10.3.1/thumb/v7-m/nofp/crtbegin.o
 .text          0x000000000800014c      0x378 d:/programs/st/stm32cubeide_1.9.0/stm32cubeide/plugins/com.st.stm32cube.ide.mcu.externaltools.gnu-tools-for-stm32.10.3-2021.10.win32_1.0.0.202111181127/tools/bin/../lib/gcc/arm-none-eabi/10.3.1/thumb/v7-m/nofp\libgcc.a(_arm_addsubdf3.o)
                0x000000000800014c                __aeabi_drsub
                0x0000000008000154                __aeabi_dsub
                0x0000000008000154                __subdf3
                0x0000000008000158                __aeabi_dadd
                0x0000000008000158                __adddf3
                0x00000000080003d0                __floatunsidf
                0x00000000080003d0                __aeabi_ui2d
                0x00000000080003f0                __floatsidf
                0x00000000080003f0                __aeabi_i2d
                0x0000000008000414                __aeabi_f2d
                0x0000000008000414                __extendsfdf2
                0x0000000008000458                __floatundidf
                0x0000000008000458                __aeabi_ul2d
                0x0000000008000468                __floatdidf
                0x0000000008000468                __aeabi_l2d
 .text          0x00000000080004c4      0x424 d:/programs/st/stm32cubeide_1.9.0/stm32cubeide/plugins/com.st.stm32cube.ide.mcu.externaltools.gnu-tools-for-stm32.10.3-2021.10.win32_1.0.0.202111181127/tools/bin/../lib/gcc/arm-none-eabi/10.3.1/thumb/v7-m/nofp\libgcc.a(_arm_muldivdf3.o)
                0x00000000080004c4                __aeabi_dmul
                0x00000000080004c4                __muldf3
                0x0000000008000718                __divdf3
                0x0000000008000718                __aeabi_ddiv
 .text          0x00000000080008e8       0xa0 d:/programs/st/stm32cubeide_1.9.0/stm32cubeide/plugins/com.st.stm32cube.ide.mcu.externaltools.gnu-tools-for-stm32.10.3-2021.10.win32_1.0.0.202111181127/tools/bin/../lib/gcc/arm-none-eabi/10.3.1/thumb/v7-m/nofp\libgcc.a(_arm_truncdfsf2.o)
                0x00000000080008e8                __truncdfsf2
                0x00000000080008e8                __aeabi_d2f
 .text          0x0000000008000988       0x4c d:/programs/st/stm32cubeide_1.9.0/stm32cubeide/plugins/com.st.stm32cube.ide.mcu.externaltools.gnu-tools-for-stm32.10.3-2021.10.win32_1.0.0.202111181127/tools/bin/../lib/gcc/arm-none-eabi/10.3.1/thumb/v7-m/nofp\libgcc.a(_arm_fixsfsi.o)
                0x0000000008000988                __aeabi_f2iz
                0x0000000008000988                __fixsfsi
 *(.text*)
 .text.btn_debounce_init
                0x00000000080009d4       0x90 ./Core/Src/API/buttons/buttons.o
                0x00000000080009d4                btn_debounce_init
 .text.btn_key_enter_combination
                0x0000000008000a64      0x170 ./Core/Src/API/buttons/buttons.o
 .text.btn_enter_key_combination
                0x0000000008000bd4      0x124 ./Core/Src/API/buttons/buttons.o
 .text.poll_down_key_pressed
                0x0000000008000cf8       0x60 ./Core/Src/API/buttons/buttons.o
 .text.btn_debounce_run
                0x0000000008000d58       0xf8 ./Core/Src/API/buttons/buttons.o
                0x0000000008000d58                btn_debounce_run
 .text.event_print_info
                0x0000000008000e50       0x28 ./Core/Src/API/event_queue/event_queue.o
 .text.event_queue_init
                0x0000000008000e78       0x2c ./Core/Src/API/event_queue/event_queue.o
                0x0000000008000e78                event_queue_init
 .text.event_queue_get_pending
                0x0000000008000ea4       0x16 ./Core/Src/API/event_queue/event_queue.o
                0x0000000008000ea4                event_queue_get_pending
 *fill*         0x0000000008000eba        0x2 
 .text.event_queue_write
                0x0000000008000ebc       0x88 ./Core/Src/API/event_queue/event_queue.o
                0x0000000008000ebc                event_queue_write
 .text.event_queue_read
                0x0000000008000f44       0x94 ./Core/Src/API/event_queue/event_queue.o
                0x0000000008000f44                event_queue_read
 .text.ITM_SendChar
                0x0000000008000fd8       0x4c ./Core/Src/API/printf_dbg/itm_dbg.o
 .text.itm_enable
                0x0000000008001024       0x30 ./Core/Src/API/printf_dbg/itm_dbg.o
                0x0000000008001024                itm_enable
 .text.itm_write
                0x0000000008001054       0x36 ./Core/Src/API/printf_dbg/itm_dbg.o
                0x0000000008001054                itm_write
 .text._write   0x000000000800108a       0x1e ./Core/Src/API/printf_dbg/printf_dbg.o
                0x000000000800108a                _write
 .text.print_buffer
                0x00000000080010a8       0x8c ./Core/Src/API/printf_dbg/printf_dbg.o
                0x00000000080010a8                print_buffer
 .text.head_ptr_advance
                0x0000000008001134       0x80 ./Core/Src/API/ring_buffer/ring_buffer.o
 .text.tail_ptr_retreat
                0x00000000080011b4       0x4c ./Core/Src/API/ring_buffer/ring_buffer.o
 .text.is_ring_buffer_empty
                0x0000000008001200       0x4c ./Core/Src/API/ring_buffer/ring_buffer.o
                0x0000000008001200                is_ring_buffer_empty
 .text.ring_buffer_init
                0x000000000800124c       0x88 ./Core/Src/API/ring_buffer/ring_buffer.o
                0x000000000800124c                ring_buffer_init
 .text.ring_buffer_reset
                0x00000000080012d4       0x40 ./Core/Src/API/ring_buffer/ring_buffer.o
                0x00000000080012d4                ring_buffer_reset
 .text.ring_buffer_get_data_len
                0x0000000008001314       0x6c ./Core/Src/API/ring_buffer/ring_buffer.o
                0x0000000008001314                ring_buffer_get_data_len
 .text.ring_buffer_get_free_space
                0x0000000008001380       0x3c ./Core/Src/API/ring_buffer/ring_buffer.o
                0x0000000008001380                ring_buffer_get_free_space
 .text.ring_buffer_put
                0x00000000080013bc       0x50 ./Core/Src/API/ring_buffer/ring_buffer.o
                0x00000000080013bc                ring_buffer_put
 .text.ring_buffer_get
                0x000000000800140c       0x6c ./Core/Src/API/ring_buffer/ring_buffer.o
                0x000000000800140c                ring_buffer_get
 .text.ring_buffer_write
                0x0000000008001478       0x80 ./Core/Src/API/ring_buffer/ring_buffer.o
                0x0000000008001478                ring_buffer_write
 .text.ring_buffer_read
                0x00000000080014f8       0x70 ./Core/Src/API/ring_buffer/ring_buffer.o
                0x00000000080014f8                ring_buffer_read
 .text.time_event_start
                0x0000000008001568       0x28 ./Core/Src/API/time_event/time_event.o
                0x0000000008001568                time_event_start
 .text.time_event_stop
                0x0000000008001590       0x24 ./Core/Src/API/time_event/time_event.o
                0x0000000008001590                time_event_stop
 .text.time_event_is_active
                0x00000000080015b4       0x16 ./Core/Src/API/time_event/time_event.o
                0x00000000080015b4                time_event_is_active
 .text.time_event_update
                0x00000000080015ca       0x42 ./Core/Src/API/time_event/time_event.o
                0x00000000080015ca                time_event_update
 .text.time_event_is_raised
                0x000000000800160c       0x16 ./Core/Src/API/time_event/time_event.o
                0x000000000800160c                time_event_is_raised
 *fill*         0x0000000008001622        0x2 
 .text.time_event_set_pending_update
                0x0000000008001624       0x20 ./Core/Src/API/time_event/time_event.o
                0x0000000008001624                time_event_set_pending_update
 .text.time_event_get_pending_update
                0x0000000008001644       0x18 ./Core/Src/API/time_event/time_event.o
                0x0000000008001644                time_event_get_pending_update
 .text.HAL_SYSTICK_Callback
                0x000000000800165c        0xe ./Core/Src/API/time_event/time_irq_update.o
                0x000000000800165c                HAL_SYSTICK_Callback
 *fill*         0x000000000800166a        0x2 
 .text.time_events_poll_update
                0x000000000800166c       0x30 ./Core/Src/API/time_event/time_irq_update.o
                0x000000000800166c                time_events_poll_update
 .text.drawer_fsm_get_info
                0x000000000800169c       0x16 ./Core/Src/FSMs/drawer/drawer_fsm.o
                0x000000000800169c                drawer_fsm_get_info
 .text.drawer_fsm_set_ext_evt
                0x00000000080016b2       0x12 ./Core/Src/FSMs/drawer/drawer_fsm.o
                0x00000000080016b2                drawer_fsm_set_ext_evt
 .text.event_manager_fsm_get
                0x00000000080016c4       0x14 ./Core/Src/FSMs/event_manager/event_manager_fsm.o
                0x00000000080016c4                event_manager_fsm_get
 .text.fsm_set_next_state
                0x00000000080016d8       0x22 ./Core/Src/FSMs/event_manager/event_manager_fsm.o
 .text.event_manager_fsm_run
                0x00000000080016fa       0x2e ./Core/Src/FSMs/event_manager/event_manager_fsm.o
                0x00000000080016fa                event_manager_fsm_run
 .text.event_manager_fsm_init
                0x0000000008001728       0x28 ./Core/Src/FSMs/event_manager/event_manager_fsm.o
                0x0000000008001728                event_manager_fsm_init
 .text.enter_seq_wait_event
                0x0000000008001750       0x18 ./Core/Src/FSMs/event_manager/event_manager_fsm.o
 .text.exit_action_wait_event
                0x0000000008001768       0x22 ./Core/Src/FSMs/event_manager/event_manager_fsm.o
 .text.during_action_wait_event
                0x000000000800178a       0x26 ./Core/Src/FSMs/event_manager/event_manager_fsm.o
 .text.wait_event_on_react
                0x00000000080017b0       0x40 ./Core/Src/FSMs/event_manager/event_manager_fsm.o
 .text.enter_seq_notify_event
                0x00000000080017f0       0x1e ./Core/Src/FSMs/event_manager/event_manager_fsm.o
 .text.entry_action_notify_event
                0x000000000800180e       0x44 ./Core/Src/FSMs/event_manager/event_manager_fsm.o
 .text.notify_event_on_react
                0x0000000008001852       0x1e ./Core/Src/FSMs/event_manager/event_manager_fsm.o
 .text.event_manager_write
                0x0000000008001870       0x20 ./Core/Src/FSMs/event_manager/event_manager_fsm.o
                0x0000000008001870                event_manager_write
 .text.ui_draw_window
                0x0000000008001890       0x64 ./Core/Src/FSMs/ui/ui_draw.o
 .text.ui_clear_window
                0x00000000080018f4       0x32 ./Core/Src/FSMs/ui/ui_draw.o
 .text.ui_draw_icon
                0x0000000008001926       0x22 ./Core/Src/FSMs/ui/ui_draw.o
 .text.ui_draw_circle
                0x0000000008001948       0x38 ./Core/Src/FSMs/ui/ui_draw.o
 .text.ui_fill_circle
                0x0000000008001980       0x38 ./Core/Src/FSMs/ui/ui_draw.o
 .text.ui_fill_window
                0x00000000080019b8       0x36 ./Core/Src/FSMs/ui/ui_draw.o
 *fill*         0x00000000080019ee        0x2 
 .text.ui_display_string
                0x00000000080019f0       0x48 ./Core/Src/FSMs/ui/ui_draw.o
 .text.ui_battery_init
                0x0000000008001a38       0xe0 ./Core/Src/FSMs/ui/ui_draw.o
                0x0000000008001a38                ui_battery_init
 .text.ui_battery_show
                0x0000000008001b18       0x2e ./Core/Src/FSMs/ui/ui_draw.o
                0x0000000008001b18                ui_battery_show
 *fill*         0x0000000008001b46        0x2 
 .text.ui_battery_draw_charge
                0x0000000008001b48      0x114 ./Core/Src/FSMs/ui/ui_draw.o
 .text.ui_battery_set_config
                0x0000000008001c5c       0x7c ./Core/Src/FSMs/ui/ui_draw.o
                0x0000000008001c5c                ui_battery_set_config
 .text.ui_drawers_init
                0x0000000008001cd8       0x66 ./Core/Src/FSMs/ui/ui_draw.o
                0x0000000008001cd8                ui_drawers_init
 *fill*         0x0000000008001d3e        0x2 
 .text.ui_drawers_show
                0x0000000008001d40       0xc4 ./Core/Src/FSMs/ui/ui_draw.o
                0x0000000008001d40                ui_drawers_show
 .text.ui_drawers_set_config
                0x0000000008001e04       0xf4 ./Core/Src/FSMs/ui/ui_draw.o
                0x0000000008001e04                ui_drawers_set_config
 .text.ui_feeder_menu_init
                0x0000000008001ef8      0x2a0 ./Core/Src/FSMs/ui/ui_draw.o
                0x0000000008001ef8                ui_feeder_menu_init
 .text.ui_feeder_menu_show
                0x0000000008002198       0xf0 ./Core/Src/FSMs/ui/ui_draw.o
                0x0000000008002198                ui_feeder_menu_show
 .text.ui_date_time_init
                0x0000000008002288       0x90 ./Core/Src/FSMs/ui/ui_draw.o
                0x0000000008002288                ui_date_time_init
 .text.ui_date_time_set_config
                0x0000000008002318       0xe8 ./Core/Src/FSMs/ui/ui_draw.o
                0x0000000008002318                ui_date_time_set_config
 .text.ui_thermostat_init
                0x0000000008002400       0xa0 ./Core/Src/FSMs/ui/ui_draw.o
                0x0000000008002400                ui_thermostat_init
 .text.ui_thermostat_show
                0x00000000080024a0       0x64 ./Core/Src/FSMs/ui/ui_draw.o
                0x00000000080024a0                ui_thermostat_show
 .text.ui_thermostat_set_config
                0x0000000008002504       0xa0 ./Core/Src/FSMs/ui/ui_draw.o
                0x0000000008002504                ui_thermostat_set_config
 .text.ui_petcall_init
                0x00000000080025a4       0x4c ./Core/Src/FSMs/ui/ui_draw.o
                0x00000000080025a4                ui_petcall_init
 .text.ui_petcall_show
                0x00000000080025f0       0x3a ./Core/Src/FSMs/ui/ui_draw.o
                0x00000000080025f0                ui_petcall_show
 .text.ui_petcall_set_config
                0x000000000800262a       0x30 ./Core/Src/FSMs/ui/ui_draw.o
                0x000000000800262a                ui_petcall_set_config
 *fill*         0x000000000800265a        0x2 
 .text.ui_fsm_get
                0x000000000800265c       0x14 ./Core/Src/FSMs/ui/ui_fsm.o
                0x000000000800265c                ui_fsm_get
 .text.ui_fsm_init
                0x0000000008002670       0x16 ./Core/Src/FSMs/ui/ui_fsm.o
                0x0000000008002670                ui_fsm_init
 *fill*         0x0000000008002686        0x2 
 .text.ui_fsm_run
                0x0000000008002688       0x4c ./Core/Src/FSMs/ui/ui_fsm.o
                0x0000000008002688                ui_fsm_run
 .text.fsm_set_next_state
                0x00000000080026d4       0x28 ./Core/Src/FSMs/ui/ui_fsm.o
 .text.ui_fsm_time_update
                0x00000000080026fc       0x36 ./Core/Src/FSMs/ui/ui_fsm.o
                0x00000000080026fc                ui_fsm_time_update
 .text.ui_fsm_write_event
                0x0000000008002732       0x24 ./Core/Src/FSMs/ui/ui_fsm.o
                0x0000000008002732                ui_fsm_write_event
 .text.enter_seq_main_menu
                0x0000000008002756       0x1e ./Core/Src/FSMs/ui/ui_fsm.o
 .text.entry_action_main_menu
                0x0000000008002774       0x8c ./Core/Src/FSMs/ui/ui_fsm.o
 .text.main_menu_on_react
                0x0000000008002800      0x164 ./Core/Src/FSMs/ui/ui_fsm.o
 .text.drawer_request_enter_seq
                0x0000000008002964       0x1e ./Core/Src/FSMs/ui/ui_fsm.o
 *fill*         0x0000000008002982        0x2 
 .text.entry_action_drawer_request
                0x0000000008002984       0x50 ./Core/Src/FSMs/ui/ui_fsm.o
 .text.drawer_request_on_react
                0x00000000080029d4       0x40 ./Core/Src/FSMs/ui/ui_fsm.o
 .text.notify_manual_drawer_operation
                0x0000000008002a14       0x80 ./Core/Src/FSMs/ui/ui_fsm.o
 .text.gui_update_battery
                0x0000000008002a94       0x58 ./Core/Src/FSMs/ui/ui_fsm.o
 .text.main_menu_enter_pressed
                0x0000000008002aec       0x38 ./Core/Src/FSMs/ui/ui_fsm.o
 .text.ui_update_item_selection
                0x0000000008002b24       0xbc ./Core/Src/FSMs/ui/ui_fsm.o
 .text.HAL_GPIO_EXTI_Callback
                0x0000000008002be0       0xc0 ./Core/Src/gpio_irq.o
                0x0000000008002be0                HAL_GPIO_EXTI_Callback
 .text.EXTI0_IRQHandler
                0x0000000008002ca0        0xe ./Core/Src/gpio_irq.o
                0x0000000008002ca0                EXTI0_IRQHandler
 .text.EXTI4_IRQHandler
                0x0000000008002cae        0xe ./Core/Src/gpio_irq.o
                0x0000000008002cae                EXTI4_IRQHandler
 .text.EXTI9_5_IRQHandler
                0x0000000008002cbc       0x14 ./Core/Src/gpio_irq.o
                0x0000000008002cbc                EXTI9_5_IRQHandler
 .text.SystemClock_Config
                0x0000000008002cd0       0xb6 ./Core/Src/init_periph.o
 *fill*         0x0000000008002d86        0x2 
 .text.MX_ADC1_Init
                0x0000000008002d88       0x7c ./Core/Src/init_periph.o
 .text.MX_I2C1_Init
                0x0000000008002e04       0x5c ./Core/Src/init_periph.o
 .text.MX_SPI2_Init
                0x0000000008002e60       0x6c ./Core/Src/init_periph.o
 .text.MX_TIM1_Init
                0x0000000008002ecc       0x78 ./Core/Src/init_periph.o
 .text.MX_DMA_Init
                0x0000000008002f44       0x4c ./Core/Src/init_periph.o
 .text.MX_GPIO_Init
                0x0000000008002f90      0x1e8 ./Core/Src/init_periph.o
 .text.init_peripherals
                0x0000000008003178       0x30 ./Core/Src/init_periph.o
                0x0000000008003178                init_peripherals
 .text.main     0x00000000080031a8       0x50 ./Core/Src/main.o
                0x00000000080031a8                main
 .text.Error_Handler
                0x00000000080031f8        0xa ./Core/Src/main.o
                0x00000000080031f8                Error_Handler
 *fill*         0x0000000008003202        0x2 
 .text.HAL_MspInit
                0x0000000008003204       0x64 ./Core/Src/stm32f1xx_hal_msp.o
                0x0000000008003204                HAL_MspInit
 .text.HAL_ADC_MspInit
                0x0000000008003268       0x78 ./Core/Src/stm32f1xx_hal_msp.o
                0x0000000008003268                HAL_ADC_MspInit
 .text.HAL_I2C_MspInit
                0x00000000080032e0       0x7c ./Core/Src/stm32f1xx_hal_msp.o
                0x00000000080032e0                HAL_I2C_MspInit
 .text.HAL_SPI_MspInit
                0x000000000800335c      0x140 ./Core/Src/stm32f1xx_hal_msp.o
                0x000000000800335c                HAL_SPI_MspInit
 .text.HAL_TIM_OnePulse_MspInit
                0x000000000800349c       0x3c ./Core/Src/stm32f1xx_hal_msp.o
                0x000000000800349c                HAL_TIM_OnePulse_MspInit
 .text.NMI_Handler
                0x00000000080034d8        0x6 ./Core/Src/stm32f1xx_it.o
                0x00000000080034d8                NMI_Handler
 .text.HardFault_Handler
                0x00000000080034de        0x6 ./Core/Src/stm32f1xx_it.o
                0x00000000080034de                HardFault_Handler
 .text.MemManage_Handler
                0x00000000080034e4        0x6 ./Core/Src/stm32f1xx_it.o
                0x00000000080034e4                MemManage_Handler
 .text.BusFault_Handler
                0x00000000080034ea        0x6 ./Core/Src/stm32f1xx_it.o
                0x00000000080034ea                BusFault_Handler
 .text.UsageFault_Handler
                0x00000000080034f0        0x6 ./Core/Src/stm32f1xx_it.o
                0x00000000080034f0                UsageFault_Handler
 .text.SVC_Handler
                0x00000000080034f6        0xc ./Core/Src/stm32f1xx_it.o
                0x00000000080034f6                SVC_Handler
 .text.DebugMon_Handler
                0x0000000008003502        0xc ./Core/Src/stm32f1xx_it.o
                0x0000000008003502                DebugMon_Handler
 .text.PendSV_Handler
                0x000000000800350e        0xc ./Core/Src/stm32f1xx_it.o
                0x000000000800350e                PendSV_Handler
 .text.SysTick_Handler
                0x000000000800351a       0x10 ./Core/Src/stm32f1xx_it.o
                0x000000000800351a                SysTick_Handler
 .text._getpid  0x000000000800352a        0xe ./Core/Src/syscalls.o
                0x000000000800352a                _getpid
 .text._kill    0x0000000008003538       0x20 ./Core/Src/syscalls.o
                0x0000000008003538                _kill
 .text._exit    0x0000000008003558       0x14 ./Core/Src/syscalls.o
                0x0000000008003558                _exit
 .text._read    0x000000000800356c       0x3a ./Core/Src/syscalls.o
                0x000000000800356c                _read
 .text._close   0x00000000080035a6       0x16 ./Core/Src/syscalls.o
                0x00000000080035a6                _close
 .text._fstat   0x00000000080035bc       0x1e ./Core/Src/syscalls.o
                0x00000000080035bc                _fstat
 .text._isatty  0x00000000080035da       0x14 ./Core/Src/syscalls.o
                0x00000000080035da                _isatty
 .text._lseek   0x00000000080035ee       0x18 ./Core/Src/syscalls.o
                0x00000000080035ee                _lseek
 *fill*         0x0000000008003606        0x2 
 .text._sbrk    0x0000000008003608       0x6c ./Core/Src/sysmem.o
                0x0000000008003608                _sbrk
 .text.SystemInit
                0x0000000008003674        0xc ./Core/Src/system_stm32f1xx.o
                0x0000000008003674                SystemInit
 .text.Reset_Handler
                0x0000000008003680       0x48 ./Core/Startup/startup_stm32f103r8tx.o
                0x0000000008003680                Reset_Handler
 .text.Default_Handler
                0x00000000080036c8        0x2 ./Core/Startup/startup_stm32f103r8tx.o
                0x00000000080036c8                RTC_Alarm_IRQHandler
                0x00000000080036c8                EXTI2_IRQHandler
                0x00000000080036c8                TIM1_CC_IRQHandler
                0x00000000080036c8                PVD_IRQHandler
                0x00000000080036c8                EXTI3_IRQHandler
                0x00000000080036c8                I2C2_EV_IRQHandler
                0x00000000080036c8                ADC1_2_IRQHandler
                0x00000000080036c8                SPI1_IRQHandler
                0x00000000080036c8                TAMPER_IRQHandler
                0x00000000080036c8                USART3_IRQHandler
                0x00000000080036c8                RTC_IRQHandler
                0x00000000080036c8                DMA1_Channel7_IRQHandler
                0x00000000080036c8                CAN1_RX1_IRQHandler
                0x00000000080036c8                TIM4_IRQHandler
                0x00000000080036c8                I2C1_EV_IRQHandler
                0x00000000080036c8                DMA1_Channel6_IRQHandler
                0x00000000080036c8                TIM3_IRQHandler
                0x00000000080036c8                RCC_IRQHandler
                0x00000000080036c8                TIM1_TRG_COM_IRQHandler
                0x00000000080036c8                DMA1_Channel1_IRQHandler
                0x00000000080036c8                Default_Handler
                0x00000000080036c8                EXTI15_10_IRQHandler
                0x00000000080036c8                SPI2_IRQHandler
                0x00000000080036c8                USB_LP_CAN1_RX0_IRQHandler
                0x00000000080036c8                USB_HP_CAN1_TX_IRQHandler
                0x00000000080036c8                DMA1_Channel3_IRQHandler
                0x00000000080036c8                TIM1_UP_IRQHandler
                0x00000000080036c8                WWDG_IRQHandler
                0x00000000080036c8                TIM2_IRQHandler
                0x00000000080036c8                TIM1_BRK_IRQHandler
                0x00000000080036c8                EXTI1_IRQHandler
                0x00000000080036c8                USART2_IRQHandler
                0x00000000080036c8                I2C2_ER_IRQHandler
                0x00000000080036c8                DMA1_Channel2_IRQHandler
                0x00000000080036c8                CAN1_SCE_IRQHandler
                0x00000000080036c8                FLASH_IRQHandler
                0x00000000080036c8                USART1_IRQHandler
                0x00000000080036c8                I2C1_ER_IRQHandler
                0x00000000080036c8                USBWakeUp_IRQHandler
 *fill*         0x00000000080036ca        0x2 
 .text.ili9488_Init
                0x00000000080036cc      0x130 ./Core/lcd/ili9488.o
                0x00000000080036cc                ili9488_Init
 .text.ili9488_DisplayOn
                0x00000000080037fc       0x14 ./Core/lcd/ili9488.o
                0x00000000080037fc                ili9488_DisplayOn
 .text.ili9488_DisplayOff
                0x0000000008003810       0x14 ./Core/lcd/ili9488.o
                0x0000000008003810                ili9488_DisplayOff
 .text.ili9488_GetLcdPixelWidth
                0x0000000008003824       0x10 ./Core/lcd/ili9488.o
                0x0000000008003824                ili9488_GetLcdPixelWidth
 .text.ili9488_GetLcdPixelHeight
                0x0000000008003834       0x10 ./Core/lcd/ili9488.o
                0x0000000008003834                ili9488_GetLcdPixelHeight
 .text.ili9488_ReadID
                0x0000000008003844       0x48 ./Core/lcd/ili9488.o
                0x0000000008003844                ili9488_ReadID
 .text.ili9488_SetCursor
                0x000000000800388c       0x84 ./Core/lcd/ili9488.o
                0x000000000800388c                ili9488_SetCursor
 .text.ili9488_write16to24
                0x0000000008003910       0x42 ./Core/lcd/ili9488.o
                0x0000000008003910                ili9488_write16to24
 .text.ili9488_WritePixel
                0x0000000008003952       0x94 ./Core/lcd/ili9488.o
                0x0000000008003952                ili9488_WritePixel
 .text.ili9488_ReadPixel
                0x00000000080039e6       0x94 ./Core/lcd/ili9488.o
                0x00000000080039e6                ili9488_ReadPixel
 *fill*         0x0000000008003a7a        0x2 
 .text.ili9488_SetDisplayWindow
                0x0000000008003a7c       0xd0 ./Core/lcd/ili9488.o
                0x0000000008003a7c                ili9488_SetDisplayWindow
 .text.ili9488_DrawHLine
                0x0000000008003b4c       0x36 ./Core/lcd/ili9488.o
                0x0000000008003b4c                ili9488_DrawHLine
 .text.ili9488_DrawVLine
                0x0000000008003b82       0x38 ./Core/lcd/ili9488.o
                0x0000000008003b82                ili9488_DrawVLine
 .text.ili9488_FillRect
                0x0000000008003bba       0x58 ./Core/lcd/ili9488.o
                0x0000000008003bba                ili9488_FillRect
 *fill*         0x0000000008003c12        0x2 
 .text.ili9488_DrawBitmap
                0x0000000008003c14      0x120 ./Core/lcd/ili9488.o
                0x0000000008003c14                ili9488_DrawBitmap
 .text.ili9488_DrawRGBImage
                0x0000000008003d34       0x60 ./Core/lcd/ili9488.o
                0x0000000008003d34                ili9488_DrawRGBImage
 .text.ili9488_ReadRGBImage
                0x0000000008003d94       0x4c ./Core/lcd/ili9488.o
                0x0000000008003d94                ili9488_ReadRGBImage
 .text.ili9488_Scroll
                0x0000000008003de0       0xbc ./Core/lcd/ili9488.o
                0x0000000008003de0                ili9488_Scroll
 .text.BSP_LCD_Init
                0x0000000008003e9c       0x48 ./Core/lcd/lcd_api.o
                0x0000000008003e9c                BSP_LCD_Init
 .text.BSP_LCD_GetXSize
                0x0000000008003ee4       0x18 ./Core/lcd/lcd_api.o
                0x0000000008003ee4                BSP_LCD_GetXSize
 .text.BSP_LCD_GetYSize
                0x0000000008003efc       0x18 ./Core/lcd/lcd_api.o
                0x0000000008003efc                BSP_LCD_GetYSize
 .text.BSP_LCD_SetTextColor
                0x0000000008003f14       0x20 ./Core/lcd/lcd_api.o
                0x0000000008003f14                BSP_LCD_SetTextColor
 .text.BSP_LCD_SetBackColor
                0x0000000008003f34       0x20 ./Core/lcd/lcd_api.o
                0x0000000008003f34                BSP_LCD_SetBackColor
 .text.BSP_LCD_SetFont
                0x0000000008003f54       0x1c ./Core/lcd/lcd_api.o
                0x0000000008003f54                BSP_LCD_SetFont
 .text.BSP_LCD_Clear
                0x0000000008003f70       0x3c ./Core/lcd/lcd_api.o
                0x0000000008003f70                BSP_LCD_Clear
 .text.BSP_LCD_DisplayChar
                0x0000000008003fac       0x54 ./Core/lcd/lcd_api.o
                0x0000000008003fac                BSP_LCD_DisplayChar
 .text.BSP_LCD_DisplayStringAt
                0x0000000008004000      0x120 ./Core/lcd/lcd_api.o
                0x0000000008004000                BSP_LCD_DisplayStringAt
 .text.BSP_LCD_DrawPixel
                0x0000000008004120       0x38 ./Core/lcd/lcd_api.o
                0x0000000008004120                BSP_LCD_DrawPixel
 .text.BSP_LCD_DrawHLine
                0x0000000008004158       0x74 ./Core/lcd/lcd_api.o
                0x0000000008004158                BSP_LCD_DrawHLine
 .text.BSP_LCD_DrawVLine
                0x00000000080041cc       0x74 ./Core/lcd/lcd_api.o
                0x00000000080041cc                BSP_LCD_DrawVLine
 .text.BSP_LCD_DrawRect
                0x0000000008004240       0x6a ./Core/lcd/lcd_api.o
                0x0000000008004240                BSP_LCD_DrawRect
 *fill*         0x00000000080042aa        0x2 
 .text.BSP_LCD_DrawCircle
                0x00000000080042ac      0x170 ./Core/lcd/lcd_api.o
                0x00000000080042ac                BSP_LCD_DrawCircle
 .text.BSP_LCD_DrawBitmap
                0x000000000800441c       0xb4 ./Core/lcd/lcd_api.o
                0x000000000800441c                BSP_LCD_DrawBitmap
 .text.BSP_LCD_FillRect
                0x00000000080044d0       0x48 ./Core/lcd/lcd_api.o
                0x00000000080044d0                BSP_LCD_FillRect
 .text.BSP_LCD_FillCircle
                0x0000000008004518      0x118 ./Core/lcd/lcd_api.o
                0x0000000008004518                BSP_LCD_FillCircle
 .text.DrawChar
                0x0000000008004630      0x1e4 ./Core/lcd/lcd_api.o
 .text.SetDisplayWindow
                0x0000000008004814       0x44 ./Core/lcd/lcd_api.o
 .text.__NVIC_EnableIRQ
                0x0000000008004858       0x38 ./Core/lcd/lcd_spi_io.o
 .text.__NVIC_SetPriority
                0x0000000008004890       0x54 ./Core/lcd/lcd_spi_io.o
 .text.LcdDirRead
                0x00000000080048e4       0x80 ./Core/lcd/lcd_spi_io.o
                0x00000000080048e4                LcdDirRead
 .text.LcdDirWrite
                0x0000000008004964       0x64 ./Core/lcd/lcd_spi_io.o
                0x0000000008004964                LcdDirWrite
 .text.LcdWrite8
                0x00000000080049c8       0x34 ./Core/lcd/lcd_spi_io.o
                0x00000000080049c8                LcdWrite8
 .text.LcdCmdWrite8
                0x00000000080049fc       0x40 ./Core/lcd/lcd_spi_io.o
                0x00000000080049fc                LcdCmdWrite8
 .text.WaitForDmaEnd
                0x0000000008004a3c       0x1c ./Core/lcd/lcd_spi_io.o
                0x0000000008004a3c                WaitForDmaEnd
 .text.DMA1_Channel5_IRQHandler
                0x0000000008004a58       0x7c ./Core/lcd/lcd_spi_io.o
                0x0000000008004a58                DMA1_Channel5_IRQHandler
 .text.LCD_IO_WriteMultiData
                0x0000000008004ad4       0x88 ./Core/lcd/lcd_spi_io.o
                0x0000000008004ad4                LCD_IO_WriteMultiData
 .text.LCD_IO_WriteMultiData8
                0x0000000008004b5c       0xa0 ./Core/lcd/lcd_spi_io.o
                0x0000000008004b5c                LCD_IO_WriteMultiData8
 .text.LCD_IO_WriteMultiData16
                0x0000000008004bfc       0xec ./Core/lcd/lcd_spi_io.o
                0x0000000008004bfc                LCD_IO_WriteMultiData16
 .text.DMA1_Channel4_IRQHandler
                0x0000000008004ce8       0xb4 ./Core/lcd/lcd_spi_io.o
                0x0000000008004ce8                DMA1_Channel4_IRQHandler
 .text.LCD_IO_ReadMultiData
                0x0000000008004d9c       0x6c ./Core/lcd/lcd_spi_io.o
                0x0000000008004d9c                LCD_IO_ReadMultiData
 .text.LCD_IO_ReadMultiData8
                0x0000000008004e08       0x7c ./Core/lcd/lcd_spi_io.o
                0x0000000008004e08                LCD_IO_ReadMultiData8
 .text.LCD_IO_ReadMultiData16to24
                0x0000000008004e84      0x184 ./Core/lcd/lcd_spi_io.o
                0x0000000008004e84                LCD_IO_ReadMultiData16to24
 .text.LCD_IO_Delay
                0x0000000008005008       0x20 ./Core/lcd/lcd_spi_io.o
                0x0000000008005008                LCD_IO_Delay
 .text.LCD_Delay
                0x0000000008005028       0x16 ./Core/lcd/lcd_spi_io.o
                0x0000000008005028                LCD_Delay
 *fill*         0x000000000800503e        0x2 
 .text.LCD_IO_Bl_OnOff
                0x0000000008005040       0x2c ./Core/lcd/lcd_spi_io.o
                0x0000000008005040                LCD_IO_Bl_OnOff
 .text.LCD_IO_Init
                0x000000000800506c      0x128 ./Core/lcd/lcd_spi_io.o
                0x000000000800506c                LCD_IO_Init
 .text.LCD_IO_WriteCmd8
                0x0000000008005194       0x38 ./Core/lcd/lcd_spi_io.o
                0x0000000008005194                LCD_IO_WriteCmd8
 .text.LCD_IO_WriteData8
                0x00000000080051cc       0x38 ./Core/lcd/lcd_spi_io.o
                0x00000000080051cc                LCD_IO_WriteData8
 .text.LCD_IO_WriteCmd8DataFill16
                0x0000000008005204       0x4c ./Core/lcd/lcd_spi_io.o
                0x0000000008005204                LCD_IO_WriteCmd8DataFill16
 .text.LCD_IO_WriteCmd8MultipleData8
                0x0000000008005250       0x40 ./Core/lcd/lcd_spi_io.o
                0x0000000008005250                LCD_IO_WriteCmd8MultipleData8
 .text.LCD_IO_WriteCmd8MultipleData16
                0x0000000008005290       0x48 ./Core/lcd/lcd_spi_io.o
                0x0000000008005290                LCD_IO_WriteCmd8MultipleData16
 .text.LCD_IO_ReadCmd8MultipleData8
                0x00000000080052d8       0x4c ./Core/lcd/lcd_spi_io.o
                0x00000000080052d8                LCD_IO_ReadCmd8MultipleData8
 .text.LCD_IO_ReadCmd8MultipleData24to16
                0x0000000008005324       0x4c ./Core/lcd/lcd_spi_io.o
                0x0000000008005324                LCD_IO_ReadCmd8MultipleData24to16
 .text.HAL_Init
                0x0000000008005370       0x2c ./Drivers/STM32F1xx_HAL_Driver/Src/stm32f1xx_hal.o
                0x0000000008005370                HAL_Init
 .text.HAL_InitTick
                0x000000000800539c       0x60 ./Drivers/STM32F1xx_HAL_Driver/Src/stm32f1xx_hal.o
                0x000000000800539c                HAL_InitTick
 .text.HAL_IncTick
                0x00000000080053fc       0x24 ./Drivers/STM32F1xx_HAL_Driver/Src/stm32f1xx_hal.o
                0x00000000080053fc                HAL_IncTick
 .text.HAL_GetTick
                0x0000000008005420       0x14 ./Drivers/STM32F1xx_HAL_Driver/Src/stm32f1xx_hal.o
                0x0000000008005420                HAL_GetTick
 .text.HAL_Delay
                0x0000000008005434       0x48 ./Drivers/STM32F1xx_HAL_Driver/Src/stm32f1xx_hal.o
                0x0000000008005434                HAL_Delay
 .text.HAL_ADC_Init
                0x000000000800547c      0x1b0 ./Drivers/STM32F1xx_HAL_Driver/Src/stm32f1xx_hal_adc.o
                0x000000000800547c                HAL_ADC_Init
 .text.HAL_ADC_ConfigChannel
                0x000000000800562c      0x1f0 ./Drivers/STM32F1xx_HAL_Driver/Src/stm32f1xx_hal_adc.o
                0x000000000800562c                HAL_ADC_ConfigChannel
 .text.ADC_ConversionStop_Disable
                0x000000000800581c       0x82 ./Drivers/STM32F1xx_HAL_Driver/Src/stm32f1xx_hal_adc.o
                0x000000000800581c                ADC_ConversionStop_Disable
 *fill*         0x000000000800589e        0x2 
 .text.__NVIC_SetPriorityGrouping
                0x00000000080058a0       0x48 ./Drivers/STM32F1xx_HAL_Driver/Src/stm32f1xx_hal_cortex.o
 .text.__NVIC_GetPriorityGrouping
                0x00000000080058e8       0x1c ./Drivers/STM32F1xx_HAL_Driver/Src/stm32f1xx_hal_cortex.o
 .text.__NVIC_EnableIRQ
                0x0000000008005904       0x38 ./Drivers/STM32F1xx_HAL_Driver/Src/stm32f1xx_hal_cortex.o
 .text.__NVIC_SetPriority
                0x000000000800593c       0x54 ./Drivers/STM32F1xx_HAL_Driver/Src/stm32f1xx_hal_cortex.o
 .text.NVIC_EncodePriority
                0x0000000008005990       0x64 ./Drivers/STM32F1xx_HAL_Driver/Src/stm32f1xx_hal_cortex.o
 .text.SysTick_Config
                0x00000000080059f4       0x44 ./Drivers/STM32F1xx_HAL_Driver/Src/stm32f1xx_hal_cortex.o
 .text.HAL_NVIC_SetPriorityGrouping
                0x0000000008005a38       0x16 ./Drivers/STM32F1xx_HAL_Driver/Src/stm32f1xx_hal_cortex.o
                0x0000000008005a38                HAL_NVIC_SetPriorityGrouping
 .text.HAL_NVIC_SetPriority
                0x0000000008005a4e       0x38 ./Drivers/STM32F1xx_HAL_Driver/Src/stm32f1xx_hal_cortex.o
                0x0000000008005a4e                HAL_NVIC_SetPriority
 .text.HAL_NVIC_EnableIRQ
                0x0000000008005a86       0x1c ./Drivers/STM32F1xx_HAL_Driver/Src/stm32f1xx_hal_cortex.o
                0x0000000008005a86                HAL_NVIC_EnableIRQ
 .text.HAL_SYSTICK_Config
                0x0000000008005aa2       0x18 ./Drivers/STM32F1xx_HAL_Driver/Src/stm32f1xx_hal_cortex.o
                0x0000000008005aa2                HAL_SYSTICK_Config
 *fill*         0x0000000008005aba        0x2 
 .text.HAL_DMA_Init
                0x0000000008005abc       0xb4 ./Drivers/STM32F1xx_HAL_Driver/Src/stm32f1xx_hal_dma.o
                0x0000000008005abc                HAL_DMA_Init
 .text.HAL_GPIO_Init
                0x0000000008005b70      0x308 ./Drivers/STM32F1xx_HAL_Driver/Src/stm32f1xx_hal_gpio.o
                0x0000000008005b70                HAL_GPIO_Init
 .text.HAL_GPIO_ReadPin
                0x0000000008005e78       0x2e ./Drivers/STM32F1xx_HAL_Driver/Src/stm32f1xx_hal_gpio.o
                0x0000000008005e78                HAL_GPIO_ReadPin
 .text.HAL_GPIO_WritePin
                0x0000000008005ea6       0x30 ./Drivers/STM32F1xx_HAL_Driver/Src/stm32f1xx_hal_gpio.o
                0x0000000008005ea6                HAL_GPIO_WritePin
 *fill*         0x0000000008005ed6        0x2 
 .text.HAL_GPIO_EXTI_IRQHandler
                0x0000000008005ed8       0x30 ./Drivers/STM32F1xx_HAL_Driver/Src/stm32f1xx_hal_gpio.o
                0x0000000008005ed8                HAL_GPIO_EXTI_IRQHandler
 .text.HAL_I2C_Init
                0x0000000008005f08      0x288 ./Drivers/STM32F1xx_HAL_Driver/Src/stm32f1xx_hal_i2c.o
                0x0000000008005f08                HAL_I2C_Init
 .text.HAL_RCC_OscConfig
                0x0000000008006190      0x504 ./Drivers/STM32F1xx_HAL_Driver/Src/stm32f1xx_hal_rcc.o
                0x0000000008006190                HAL_RCC_OscConfig
 .text.HAL_RCC_ClockConfig
                0x0000000008006694      0x1d4 ./Drivers/STM32F1xx_HAL_Driver/Src/stm32f1xx_hal_rcc.o
                0x0000000008006694                HAL_RCC_ClockConfig
 .text.HAL_RCC_GetSysClockFreq
                0x0000000008006868       0xbc ./Drivers/STM32F1xx_HAL_Driver/Src/stm32f1xx_hal_rcc.o
                0x0000000008006868                HAL_RCC_GetSysClockFreq
 .text.HAL_RCC_GetHCLKFreq
                0x0000000008006924       0x14 ./Drivers/STM32F1xx_HAL_Driver/Src/stm32f1xx_hal_rcc.o
                0x0000000008006924                HAL_RCC_GetHCLKFreq
 .text.HAL_RCC_GetPCLK1Freq
                0x0000000008006938       0x28 ./Drivers/STM32F1xx_HAL_Driver/Src/stm32f1xx_hal_rcc.o
                0x0000000008006938                HAL_RCC_GetPCLK1Freq
 .text.RCC_Delay
                0x0000000008006960       0x3c ./Drivers/STM32F1xx_HAL_Driver/Src/stm32f1xx_hal_rcc.o
 .text.HAL_RCCEx_PeriphCLKConfig
                0x000000000800699c      0x16c ./Drivers/STM32F1xx_HAL_Driver/Src/stm32f1xx_hal_rcc_ex.o
                0x000000000800699c                HAL_RCCEx_PeriphCLKConfig
 .text.HAL_SPI_Init
                0x0000000008006b08      0x108 ./Drivers/STM32F1xx_HAL_Driver/Src/stm32f1xx_hal_spi.o
                0x0000000008006b08                HAL_SPI_Init
 .text.HAL_TIM_OnePulse_Init
                0x0000000008006c10       0xa0 ./Drivers/STM32F1xx_HAL_Driver/Src/stm32f1xx_hal_tim.o
                0x0000000008006c10                HAL_TIM_OnePulse_Init
 .text.TIM_Base_SetConfig
                0x0000000008006cb0       0xc4 ./Drivers/STM32F1xx_HAL_Driver/Src/stm32f1xx_hal_tim.o
                0x0000000008006cb0                TIM_Base_SetConfig
 .text.HAL_TIMEx_MasterConfigSynchronization
                0x0000000008006d74       0xbc ./Drivers/STM32F1xx_HAL_Driver/Src/stm32f1xx_hal_tim_ex.o
                0x0000000008006d74                HAL_TIMEx_MasterConfigSynchronization
 .text.__assert_func
                0x0000000008006e30       0x3c d:/programs/st/stm32cubeide_1.9.0/stm32cubeide/plugins/com.st.stm32cube.ide.mcu.externaltools.gnu-tools-for-stm32.10.3-2021.10.win32_1.0.0.202111181127/tools/bin/../lib/gcc/arm-none-eabi/10.3.1/../../../../arm-none-eabi/lib/thumb/v7-m/nofp\libc_nano.a(lib_a-assert.o)
                0x0000000008006e30                __assert_func
 .text.__errno  0x0000000008006e6c        0xc d:/programs/st/stm32cubeide_1.9.0/stm32cubeide/plugins/com.st.stm32cube.ide.mcu.externaltools.gnu-tools-for-stm32.10.3-2021.10.win32_1.0.0.202111181127/tools/bin/../lib/gcc/arm-none-eabi/10.3.1/../../../../arm-none-eabi/lib/thumb/v7-m/nofp\libc_nano.a(lib_a-errno.o)
                0x0000000008006e6c                __errno
 .text.fprintf  0x0000000008006e78       0x24 d:/programs/st/stm32cubeide_1.9.0/stm32cubeide/plugins/com.st.stm32cube.ide.mcu.externaltools.gnu-tools-for-stm32.10.3-2021.10.win32_1.0.0.202111181127/tools/bin/../lib/gcc/arm-none-eabi/10.3.1/../../../../arm-none-eabi/lib/thumb/v7-m/nofp\libc_nano.a(lib_a-fprintf.o)
                0x0000000008006e78                fiprintf
                0x0000000008006e78                fprintf
 .text.__libc_init_array
                0x0000000008006e9c       0x48 d:/programs/st/stm32cubeide_1.9.0/stm32cubeide/plugins/com.st.stm32cube.ide.mcu.externaltools.gnu-tools-for-stm32.10.3-2021.10.win32_1.0.0.202111181127/tools/bin/../lib/gcc/arm-none-eabi/10.3.1/../../../../arm-none-eabi/lib/thumb/v7-m/nofp\libc_nano.a(lib_a-init.o)
                0x0000000008006e9c                __libc_init_array
 .text.malloc   0x0000000008006ee4       0x10 d:/programs/st/stm32cubeide_1.9.0/stm32cubeide/plugins/com.st.stm32cube.ide.mcu.externaltools.gnu-tools-for-stm32.10.3-2021.10.win32_1.0.0.202111181127/tools/bin/../lib/gcc/arm-none-eabi/10.3.1/../../../../arm-none-eabi/lib/thumb/v7-m/nofp\libc_nano.a(lib_a-malloc.o)
                0x0000000008006ee4                malloc
 .text.memset   0x0000000008006ef4       0x10 d:/programs/st/stm32cubeide_1.9.0/stm32cubeide/plugins/com.st.stm32cube.ide.mcu.externaltools.gnu-tools-for-stm32.10.3-2021.10.win32_1.0.0.202111181127/tools/bin/../lib/gcc/arm-none-eabi/10.3.1/../../../../arm-none-eabi/lib/thumb/v7-m/nofp\libc_nano.a(lib_a-memset.o)
                0x0000000008006ef4                memset
 .text._free_r  0x0000000008006f04       0x90 d:/programs/st/stm32cubeide_1.9.0/stm32cubeide/plugins/com.st.stm32cube.ide.mcu.externaltools.gnu-tools-for-stm32.10.3-2021.10.win32_1.0.0.202111181127/tools/bin/../lib/gcc/arm-none-eabi/10.3.1/../../../../arm-none-eabi/lib/thumb/v7-m/nofp\libc_nano.a(lib_a-nano-freer.o)
                0x0000000008006f04                _free_r
 .text.sbrk_aligned
                0x0000000008006f94       0x40 d:/programs/st/stm32cubeide_1.9.0/stm32cubeide/plugins/com.st.stm32cube.ide.mcu.externaltools.gnu-tools-for-stm32.10.3-2021.10.win32_1.0.0.202111181127/tools/bin/../lib/gcc/arm-none-eabi/10.3.1/../../../../arm-none-eabi/lib/thumb/v7-m/nofp\libc_nano.a(lib_a-nano-mallocr.o)
 .text._malloc_r
                0x0000000008006fd4       0xe8 d:/programs/st/stm32cubeide_1.9.0/stm32cubeide/plugins/com.st.stm32cube.ide.mcu.externaltools.gnu-tools-for-stm32.10.3-2021.10.win32_1.0.0.202111181127/tools/bin/../lib/gcc/arm-none-eabi/10.3.1/../../../../arm-none-eabi/lib/thumb/v7-m/nofp\libc_nano.a(lib_a-nano-mallocr.o)
                0x0000000008006fd4                _malloc_r
 .text.__sfputc_r
                0x00000000080070bc       0x2a d:/programs/st/stm32cubeide_1.9.0/stm32cubeide/plugins/com.st.stm32cube.ide.mcu.externaltools.gnu-tools-for-stm32.10.3-2021.10.win32_1.0.0.202111181127/tools/bin/../lib/gcc/arm-none-eabi/10.3.1/../../../../arm-none-eabi/lib/thumb/v7-m/nofp\libc_nano.a(lib_a-nano-vfprintf.o)
 .text.__sfputs_r
                0x00000000080070e6       0x24 d:/programs/st/stm32cubeide_1.9.0/stm32cubeide/plugins/com.st.stm32cube.ide.mcu.externaltools.gnu-tools-for-stm32.10.3-2021.10.win32_1.0.0.202111181127/tools/bin/../lib/gcc/arm-none-eabi/10.3.1/../../../../arm-none-eabi/lib/thumb/v7-m/nofp\libc_nano.a(lib_a-nano-vfprintf.o)
                0x00000000080070e6                __sfputs_r
 *fill*         0x000000000800710a        0x2 
 .text._vfprintf_r
                0x000000000800710c      0x260 d:/programs/st/stm32cubeide_1.9.0/stm32cubeide/plugins/com.st.stm32cube.ide.mcu.externaltools.gnu-tools-for-stm32.10.3-2021.10.win32_1.0.0.202111181127/tools/bin/../lib/gcc/arm-none-eabi/10.3.1/../../../../arm-none-eabi/lib/thumb/v7-m/nofp\libc_nano.a(lib_a-nano-vfprintf.o)
                0x000000000800710c                _vfprintf_r
                0x000000000800710c                _vfiprintf_r
 .text._printf_common
                0x000000000800736c       0xde d:/programs/st/stm32cubeide_1.9.0/stm32cubeide/plugins/com.st.stm32cube.ide.mcu.externaltools.gnu-tools-for-stm32.10.3-2021.10.win32_1.0.0.202111181127/tools/bin/../lib/gcc/arm-none-eabi/10.3.1/../../../../arm-none-eabi/lib/thumb/v7-m/nofp\libc_nano.a(lib_a-nano-vfprintf_i.o)
                0x000000000800736c                _printf_common
 *fill*         0x000000000800744a        0x2 
 .text._printf_i
                0x000000000800744c      0x24c d:/programs/st/stm32cubeide_1.9.0/stm32cubeide/plugins/com.st.stm32cube.ide.mcu.externaltools.gnu-tools-for-stm32.10.3-2021.10.win32_1.0.0.202111181127/tools/bin/../lib/gcc/arm-none-eabi/10.3.1/../../../../arm-none-eabi/lib/thumb/v7-m/nofp\libc_nano.a(lib_a-nano-vfprintf_i.o)
                0x000000000800744c                _printf_i
 .text.printf   0x0000000008007698       0x30 d:/programs/st/stm32cubeide_1.9.0/stm32cubeide/plugins/com.st.stm32cube.ide.mcu.externaltools.gnu-tools-for-stm32.10.3-2021.10.win32_1.0.0.202111181127/tools/bin/../lib/gcc/arm-none-eabi/10.3.1/../../../../arm-none-eabi/lib/thumb/v7-m/nofp\libc_nano.a(lib_a-printf.o)
                0x0000000008007698                iprintf
                0x0000000008007698                printf
 .text._puts_r  0x00000000080076c8       0xdc d:/programs/st/stm32cubeide_1.9.0/stm32cubeide/plugins/com.st.stm32cube.ide.mcu.externaltools.gnu-tools-for-stm32.10.3-2021.10.win32_1.0.0.202111181127/tools/bin/../lib/gcc/arm-none-eabi/10.3.1/../../../../arm-none-eabi/lib/thumb/v7-m/nofp\libc_nano.a(lib_a-puts.o)
                0x00000000080076c8                _puts_r
 .text.puts     0x00000000080077a4       0x10 d:/programs/st/stm32cubeide_1.9.0/stm32cubeide/plugins/com.st.stm32cube.ide.mcu.externaltools.gnu-tools-for-stm32.10.3-2021.10.win32_1.0.0.202111181127/tools/bin/../lib/gcc/arm-none-eabi/10.3.1/../../../../arm-none-eabi/lib/thumb/v7-m/nofp\libc_nano.a(lib_a-puts.o)
                0x00000000080077a4                puts
 .text._sbrk_r  0x00000000080077b4       0x20 d:/programs/st/stm32cubeide_1.9.0/stm32cubeide/plugins/com.st.stm32cube.ide.mcu.externaltools.gnu-tools-for-stm32.10.3-2021.10.win32_1.0.0.202111181127/tools/bin/../lib/gcc/arm-none-eabi/10.3.1/../../../../arm-none-eabi/lib/thumb/v7-m/nofp\libc_nano.a(lib_a-sbrkr.o)
                0x00000000080077b4                _sbrk_r
 .text.sprintf  0x00000000080077d4       0x40 d:/programs/st/stm32cubeide_1.9.0/stm32cubeide/plugins/com.st.stm32cube.ide.mcu.externaltools.gnu-tools-for-stm32.10.3-2021.10.win32_1.0.0.202111181127/tools/bin/../lib/gcc/arm-none-eabi/10.3.1/../../../../arm-none-eabi/lib/thumb/v7-m/nofp\libc_nano.a(lib_a-sprintf.o)
                0x00000000080077d4                siprintf
                0x00000000080077d4                sprintf
 .text.__swbuf_r
                0x0000000008007814       0xa4 d:/programs/st/stm32cubeide_1.9.0/stm32cubeide/plugins/com.st.stm32cube.ide.mcu.externaltools.gnu-tools-for-stm32.10.3-2021.10.win32_1.0.0.202111181127/tools/bin/../lib/gcc/arm-none-eabi/10.3.1/../../../../arm-none-eabi/lib/thumb/v7-m/nofp\libc_nano.a(lib_a-wbuf.o)
                0x0000000008007814                __swbuf_r
 .text.__swsetup_r
                0x00000000080078b8       0xdc d:/programs/st/stm32cubeide_1.9.0/stm32cubeide/plugins/com.st.stm32cube.ide.mcu.externaltools.gnu-tools-for-stm32.10.3-2021.10.win32_1.0.0.202111181127/tools/bin/../lib/gcc/arm-none-eabi/10.3.1/../../../../arm-none-eabi/lib/thumb/v7-m/nofp\libc_nano.a(lib_a-wsetup.o)
                0x00000000080078b8                __swsetup_r
 .text.abort    0x0000000008007994        0xe d:/programs/st/stm32cubeide_1.9.0/stm32cubeide/plugins/com.st.stm32cube.ide.mcu.externaltools.gnu-tools-for-stm32.10.3-2021.10.win32_1.0.0.202111181127/tools/bin/../lib/gcc/arm-none-eabi/10.3.1/../../../../arm-none-eabi/lib/thumb/v7-m/nofp\libc_nano.a(lib_a-abort.o)
                0x0000000008007994                abort
 *fill*         0x00000000080079a2        0x2 
 .text.__sflush_r
                0x00000000080079a4      0x104 d:/programs/st/stm32cubeide_1.9.0/stm32cubeide/plugins/com.st.stm32cube.ide.mcu.externaltools.gnu-tools-for-stm32.10.3-2021.10.win32_1.0.0.202111181127/tools/bin/../lib/gcc/arm-none-eabi/10.3.1/../../../../arm-none-eabi/lib/thumb/v7-m/nofp\libc_nano.a(lib_a-fflush.o)
                0x00000000080079a4                __sflush_r
 .text._fflush_r
                0x0000000008007aa8       0x78 d:/programs/st/stm32cubeide_1.9.0/stm32cubeide/plugins/com.st.stm32cube.ide.mcu.externaltools.gnu-tools-for-stm32.10.3-2021.10.win32_1.0.0.202111181127/tools/bin/../lib/gcc/arm-none-eabi/10.3.1/../../../../arm-none-eabi/lib/thumb/v7-m/nofp\libc_nano.a(lib_a-fflush.o)
                0x0000000008007aa8                _fflush_r
 .text.std      0x0000000008007b20       0x48 d:/programs/st/stm32cubeide_1.9.0/stm32cubeide/plugins/com.st.stm32cube.ide.mcu.externaltools.gnu-tools-for-stm32.10.3-2021.10.win32_1.0.0.202111181127/tools/bin/../lib/gcc/arm-none-eabi/10.3.1/../../../../arm-none-eabi/lib/thumb/v7-m/nofp\libc_nano.a(lib_a-findfp.o)
 .text._cleanup_r
                0x0000000008007b68        0xc d:/programs/st/stm32cubeide_1.9.0/stm32cubeide/plugins/com.st.stm32cube.ide.mcu.externaltools.gnu-tools-for-stm32.10.3-2021.10.win32_1.0.0.202111181127/tools/bin/../lib/gcc/arm-none-eabi/10.3.1/../../../../arm-none-eabi/lib/thumb/v7-m/nofp\libc_nano.a(lib_a-findfp.o)
                0x0000000008007b68                _cleanup_r
 .text.__sfmoreglue
                0x0000000008007b74       0x2c d:/programs/st/stm32cubeide_1.9.0/stm32cubeide/plugins/com.st.stm32cube.ide.mcu.externaltools.gnu-tools-for-stm32.10.3-2021.10.win32_1.0.0.202111181127/tools/bin/../lib/gcc/arm-none-eabi/10.3.1/../../../../arm-none-eabi/lib/thumb/v7-m/nofp\libc_nano.a(lib_a-findfp.o)
                0x0000000008007b74                __sfmoreglue
 .text.__sfp_lock_acquire
                0x0000000008007ba0        0xc d:/programs/st/stm32cubeide_1.9.0/stm32cubeide/plugins/com.st.stm32cube.ide.mcu.externaltools.gnu-tools-for-stm32.10.3-2021.10.win32_1.0.0.202111181127/tools/bin/../lib/gcc/arm-none-eabi/10.3.1/../../../../arm-none-eabi/lib/thumb/v7-m/nofp\libc_nano.a(lib_a-findfp.o)
                0x0000000008007ba0                __sfp_lock_acquire
 .text.__sfp_lock_release
                0x0000000008007bac        0xc d:/programs/st/stm32cubeide_1.9.0/stm32cubeide/plugins/com.st.stm32cube.ide.mcu.externaltools.gnu-tools-for-stm32.10.3-2021.10.win32_1.0.0.202111181127/tools/bin/../lib/gcc/arm-none-eabi/10.3.1/../../../../arm-none-eabi/lib/thumb/v7-m/nofp\libc_nano.a(lib_a-findfp.o)
                0x0000000008007bac                __sfp_lock_release
 .text.__sinit_lock_acquire
                0x0000000008007bb8        0xc d:/programs/st/stm32cubeide_1.9.0/stm32cubeide/plugins/com.st.stm32cube.ide.mcu.externaltools.gnu-tools-for-stm32.10.3-2021.10.win32_1.0.0.202111181127/tools/bin/../lib/gcc/arm-none-eabi/10.3.1/../../../../arm-none-eabi/lib/thumb/v7-m/nofp\libc_nano.a(lib_a-findfp.o)
                0x0000000008007bb8                __sinit_lock_acquire
 .text.__sinit_lock_release
                0x0000000008007bc4        0xc d:/programs/st/stm32cubeide_1.9.0/stm32cubeide/plugins/com.st.stm32cube.ide.mcu.externaltools.gnu-tools-for-stm32.10.3-2021.10.win32_1.0.0.202111181127/tools/bin/../lib/gcc/arm-none-eabi/10.3.1/../../../../arm-none-eabi/lib/thumb/v7-m/nofp\libc_nano.a(lib_a-findfp.o)
                0x0000000008007bc4                __sinit_lock_release
 .text.__sinit  0x0000000008007bd0       0x70 d:/programs/st/stm32cubeide_1.9.0/stm32cubeide/plugins/com.st.stm32cube.ide.mcu.externaltools.gnu-tools-for-stm32.10.3-2021.10.win32_1.0.0.202111181127/tools/bin/../lib/gcc/arm-none-eabi/10.3.1/../../../../arm-none-eabi/lib/thumb/v7-m/nofp\libc_nano.a(lib_a-findfp.o)
                0x0000000008007bd0                __sinit
 .text.__sfp    0x0000000008007c40       0x8c d:/programs/st/stm32cubeide_1.9.0/stm32cubeide/plugins/com.st.stm32cube.ide.mcu.externaltools.gnu-tools-for-stm32.10.3-2021.10.win32_1.0.0.202111181127/tools/bin/../lib/gcc/arm-none-eabi/10.3.1/../../../../arm-none-eabi/lib/thumb/v7-m/nofp\libc_nano.a(lib_a-findfp.o)
                0x0000000008007c40                __sfp
 .text._fwalk_reent
                0x0000000008007ccc       0x3e d:/programs/st/stm32cubeide_1.9.0/stm32cubeide/plugins/com.st.stm32cube.ide.mcu.externaltools.gnu-tools-for-stm32.10.3-2021.10.win32_1.0.0.202111181127/tools/bin/../lib/gcc/arm-none-eabi/10.3.1/../../../../arm-none-eabi/lib/thumb/v7-m/nofp\libc_nano.a(lib_a-fwalk.o)
                0x0000000008007ccc                _fwalk_reent
 .text.__retarget_lock_init_recursive
                0x0000000008007d0a        0x2 d:/programs/st/stm32cubeide_1.9.0/stm32cubeide/plugins/com.st.stm32cube.ide.mcu.externaltools.gnu-tools-for-stm32.10.3-2021.10.win32_1.0.0.202111181127/tools/bin/../lib/gcc/arm-none-eabi/10.3.1/../../../../arm-none-eabi/lib/thumb/v7-m/nofp\libc_nano.a(lib_a-lock.o)
                0x0000000008007d0a                __retarget_lock_init_recursive
 .text.__retarget_lock_acquire_recursive
                0x0000000008007d0c        0x2 d:/programs/st/stm32cubeide_1.9.0/stm32cubeide/plugins/com.st.stm32cube.ide.mcu.externaltools.gnu-tools-for-stm32.10.3-2021.10.win32_1.0.0.202111181127/tools/bin/../lib/gcc/arm-none-eabi/10.3.1/../../../../arm-none-eabi/lib/thumb/v7-m/nofp\libc_nano.a(lib_a-lock.o)
                0x0000000008007d0c                __retarget_lock_acquire_recursive
 .text.__retarget_lock_release_recursive
                0x0000000008007d0e        0x2 d:/programs/st/stm32cubeide_1.9.0/stm32cubeide/plugins/com.st.stm32cube.ide.mcu.externaltools.gnu-tools-for-stm32.10.3-2021.10.win32_1.0.0.202111181127/tools/bin/../lib/gcc/arm-none-eabi/10.3.1/../../../../arm-none-eabi/lib/thumb/v7-m/nofp\libc_nano.a(lib_a-lock.o)
                0x0000000008007d0e                __retarget_lock_release_recursive
 .text.__swhatbuf_r
                0x0000000008007d10       0x4a d:/programs/st/stm32cubeide_1.9.0/stm32cubeide/plugins/com.st.stm32cube.ide.mcu.externaltools.gnu-tools-for-stm32.10.3-2021.10.win32_1.0.0.202111181127/tools/bin/../lib/gcc/arm-none-eabi/10.3.1/../../../../arm-none-eabi/lib/thumb/v7-m/nofp\libc_nano.a(lib_a-makebuf.o)
                0x0000000008007d10                __swhatbuf_r
 *fill*         0x0000000008007d5a        0x2 
 .text.__smakebuf_r
                0x0000000008007d5c       0x80 d:/programs/st/stm32cubeide_1.9.0/stm32cubeide/plugins/com.st.stm32cube.ide.mcu.externaltools.gnu-tools-for-stm32.10.3-2021.10.win32_1.0.0.202111181127/tools/bin/../lib/gcc/arm-none-eabi/10.3.1/../../../../arm-none-eabi/lib/thumb/v7-m/nofp\libc_nano.a(lib_a-makebuf.o)
                0x0000000008007d5c                __smakebuf_r
 .text.memchr   0x0000000008007ddc       0x1c d:/programs/st/stm32cubeide_1.9.0/stm32cubeide/plugins/com.st.stm32cube.ide.mcu.externaltools.gnu-tools-for-stm32.10.3-2021.10.win32_1.0.0.202111181127/tools/bin/../lib/gcc/arm-none-eabi/10.3.1/../../../../arm-none-eabi/lib/thumb/v7-m/nofp\libc_nano.a(lib_a-memchr-stub.o)
                0x0000000008007ddc                memchr
 .text.memcpy   0x0000000008007df8       0x1c d:/programs/st/stm32cubeide_1.9.0/stm32cubeide/plugins/com.st.stm32cube.ide.mcu.externaltools.gnu-tools-for-stm32.10.3-2021.10.win32_1.0.0.202111181127/tools/bin/../lib/gcc/arm-none-eabi/10.3.1/../../../../arm-none-eabi/lib/thumb/v7-m/nofp\libc_nano.a(lib_a-memcpy-stub.o)
                0x0000000008007df8                memcpy
 .text.memmove  0x0000000008007e14       0x34 d:/programs/st/stm32cubeide_1.9.0/stm32cubeide/plugins/com.st.stm32cube.ide.mcu.externaltools.gnu-tools-for-stm32.10.3-2021.10.win32_1.0.0.202111181127/tools/bin/../lib/gcc/arm-none-eabi/10.3.1/../../../../arm-none-eabi/lib/thumb/v7-m/nofp\libc_nano.a(lib_a-memmove.o)
                0x0000000008007e14                memmove
 .text.__malloc_lock
                0x0000000008007e48        0xc d:/programs/st/stm32cubeide_1.9.0/stm32cubeide/plugins/com.st.stm32cube.ide.mcu.externaltools.gnu-tools-for-stm32.10.3-2021.10.win32_1.0.0.202111181127/tools/bin/../lib/gcc/arm-none-eabi/10.3.1/../../../../arm-none-eabi/lib/thumb/v7-m/nofp\libc_nano.a(lib_a-mlock.o)
                0x0000000008007e48                __malloc_lock
 .text.__malloc_unlock
                0x0000000008007e54        0xc d:/programs/st/stm32cubeide_1.9.0/stm32cubeide/plugins/com.st.stm32cube.ide.mcu.externaltools.gnu-tools-for-stm32.10.3-2021.10.win32_1.0.0.202111181127/tools/bin/../lib/gcc/arm-none-eabi/10.3.1/../../../../arm-none-eabi/lib/thumb/v7-m/nofp\libc_nano.a(lib_a-mlock.o)
                0x0000000008007e54                __malloc_unlock
 .text._realloc_r
                0x0000000008007e60       0x5e d:/programs/st/stm32cubeide_1.9.0/stm32cubeide/plugins/com.st.stm32cube.ide.mcu.externaltools.gnu-tools-for-stm32.10.3-2021.10.win32_1.0.0.202111181127/tools/bin/../lib/gcc/arm-none-eabi/10.3.1/../../../../arm-none-eabi/lib/thumb/v7-m/nofp\libc_nano.a(lib_a-nano-reallocr.o)
                0x0000000008007e60                _realloc_r
 .text.__ssputs_r
                0x0000000008007ebe       0xb6 d:/programs/st/stm32cubeide_1.9.0/stm32cubeide/plugins/com.st.stm32cube.ide.mcu.externaltools.gnu-tools-for-stm32.10.3-2021.10.win32_1.0.0.202111181127/tools/bin/../lib/gcc/arm-none-eabi/10.3.1/../../../../arm-none-eabi/lib/thumb/v7-m/nofp\libc_nano.a(lib_a-nano-svfprintf.o)
                0x0000000008007ebe                __ssputs_r
 .text._svfprintf_r
                0x0000000008007f74      0x200 d:/programs/st/stm32cubeide_1.9.0/stm32cubeide/plugins/com.st.stm32cube.ide.mcu.externaltools.gnu-tools-for-stm32.10.3-2021.10.win32_1.0.0.202111181127/tools/bin/../lib/gcc/arm-none-eabi/10.3.1/../../../../arm-none-eabi/lib/thumb/v7-m/nofp\libc_nano.a(lib_a-nano-svfprintf.o)
                0x0000000008007f74                _svfiprintf_r
                0x0000000008007f74                _svfprintf_r
 .text._raise_r
                0x0000000008008174       0x50 d:/programs/st/stm32cubeide_1.9.0/stm32cubeide/plugins/com.st.stm32cube.ide.mcu.externaltools.gnu-tools-for-stm32.10.3-2021.10.win32_1.0.0.202111181127/tools/bin/../lib/gcc/arm-none-eabi/10.3.1/../../../../arm-none-eabi/lib/thumb/v7-m/nofp\libc_nano.a(lib_a-signal.o)
                0x0000000008008174                _raise_r
 .text.raise    0x00000000080081c4       0x10 d:/programs/st/stm32cubeide_1.9.0/stm32cubeide/plugins/com.st.stm32cube.ide.mcu.externaltools.gnu-tools-for-stm32.10.3-2021.10.win32_1.0.0.202111181127/tools/bin/../lib/gcc/arm-none-eabi/10.3.1/../../../../arm-none-eabi/lib/thumb/v7-m/nofp\libc_nano.a(lib_a-signal.o)
                0x00000000080081c4                raise
 .text._kill_r  0x00000000080081d4       0x24 d:/programs/st/stm32cubeide_1.9.0/stm32cubeide/plugins/com.st.stm32cube.ide.mcu.externaltools.gnu-tools-for-stm32.10.3-2021.10.win32_1.0.0.202111181127/tools/bin/../lib/gcc/arm-none-eabi/10.3.1/../../../../arm-none-eabi/lib/thumb/v7-m/nofp\libc_nano.a(lib_a-signalr.o)
                0x00000000080081d4                _kill_r
 .text._getpid_r
                0x00000000080081f8        0x4 d:/programs/st/stm32cubeide_1.9.0/stm32cubeide/plugins/com.st.stm32cube.ide.mcu.externaltools.gnu-tools-for-stm32.10.3-2021.10.win32_1.0.0.202111181127/tools/bin/../lib/gcc/arm-none-eabi/10.3.1/../../../../arm-none-eabi/lib/thumb/v7-m/nofp\libc_nano.a(lib_a-signalr.o)
                0x00000000080081f8                _getpid_r
 .text.__sread  0x00000000080081fc       0x22 d:/programs/st/stm32cubeide_1.9.0/stm32cubeide/plugins/com.st.stm32cube.ide.mcu.externaltools.gnu-tools-for-stm32.10.3-2021.10.win32_1.0.0.202111181127/tools/bin/../lib/gcc/arm-none-eabi/10.3.1/../../../../arm-none-eabi/lib/thumb/v7-m/nofp\libc_nano.a(lib_a-stdio.o)
                0x00000000080081fc                __sread
 .text.__swrite
                0x000000000800821e       0x38 d:/programs/st/stm32cubeide_1.9.0/stm32cubeide/plugins/com.st.stm32cube.ide.mcu.externaltools.gnu-tools-for-stm32.10.3-2021.10.win32_1.0.0.202111181127/tools/bin/../lib/gcc/arm-none-eabi/10.3.1/../../../../arm-none-eabi/lib/thumb/v7-m/nofp\libc_nano.a(lib_a-stdio.o)
                0x000000000800821e                __swrite
 .text.__sseek  0x0000000008008256       0x24 d:/programs/st/stm32cubeide_1.9.0/stm32cubeide/plugins/com.st.stm32cube.ide.mcu.externaltools.gnu-tools-for-stm32.10.3-2021.10.win32_1.0.0.202111181127/tools/bin/../lib/gcc/arm-none-eabi/10.3.1/../../../../arm-none-eabi/lib/thumb/v7-m/nofp\libc_nano.a(lib_a-stdio.o)
                0x0000000008008256                __sseek
 .text.__sclose
                0x000000000800827a        0x8 d:/programs/st/stm32cubeide_1.9.0/stm32cubeide/plugins/com.st.stm32cube.ide.mcu.externaltools.gnu-tools-for-stm32.10.3-2021.10.win32_1.0.0.202111181127/tools/bin/../lib/gcc/arm-none-eabi/10.3.1/../../../../arm-none-eabi/lib/thumb/v7-m/nofp\libc_nano.a(lib_a-stdio.o)
                0x000000000800827a                __sclose
 *fill*         0x0000000008008282        0x2 
 .text._write_r
                0x0000000008008284       0x24 d:/programs/st/stm32cubeide_1.9.0/stm32cubeide/plugins/com.st.stm32cube.ide.mcu.externaltools.gnu-tools-for-stm32.10.3-2021.10.win32_1.0.0.202111181127/tools/bin/../lib/gcc/arm-none-eabi/10.3.1/../../../../arm-none-eabi/lib/thumb/v7-m/nofp\libc_nano.a(lib_a-writer.o)
                0x0000000008008284                _write_r
 .text._close_r
                0x00000000080082a8       0x20 d:/programs/st/stm32cubeide_1.9.0/stm32cubeide/plugins/com.st.stm32cube.ide.mcu.externaltools.gnu-tools-for-stm32.10.3-2021.10.win32_1.0.0.202111181127/tools/bin/../lib/gcc/arm-none-eabi/10.3.1/../../../../arm-none-eabi/lib/thumb/v7-m/nofp\libc_nano.a(lib_a-closer.o)
                0x00000000080082a8                _close_r
 .text._fstat_r
                0x00000000080082c8       0x24 d:/programs/st/stm32cubeide_1.9.0/stm32cubeide/plugins/com.st.stm32cube.ide.mcu.externaltools.gnu-tools-for-stm32.10.3-2021.10.win32_1.0.0.202111181127/tools/bin/../lib/gcc/arm-none-eabi/10.3.1/../../../../arm-none-eabi/lib/thumb/v7-m/nofp\libc_nano.a(lib_a-fstatr.o)
                0x00000000080082c8                _fstat_r
 .text._isatty_r
                0x00000000080082ec       0x20 d:/programs/st/stm32cubeide_1.9.0/stm32cubeide/plugins/com.st.stm32cube.ide.mcu.externaltools.gnu-tools-for-stm32.10.3-2021.10.win32_1.0.0.202111181127/tools/bin/../lib/gcc/arm-none-eabi/10.3.1/../../../../arm-none-eabi/lib/thumb/v7-m/nofp\libc_nano.a(lib_a-isattyr.o)
                0x00000000080082ec                _isatty_r
 .text._lseek_r
                0x000000000800830c       0x24 d:/programs/st/stm32cubeide_1.9.0/stm32cubeide/plugins/com.st.stm32cube.ide.mcu.externaltools.gnu-tools-for-stm32.10.3-2021.10.win32_1.0.0.202111181127/tools/bin/../lib/gcc/arm-none-eabi/10.3.1/../../../../arm-none-eabi/lib/thumb/v7-m/nofp\libc_nano.a(lib_a-lseekr.o)
                0x000000000800830c                _lseek_r
 .text._malloc_usable_size_r
                0x0000000008008330       0x10 d:/programs/st/stm32cubeide_1.9.0/stm32cubeide/plugins/com.st.stm32cube.ide.mcu.externaltools.gnu-tools-for-stm32.10.3-2021.10.win32_1.0.0.202111181127/tools/bin/../lib/gcc/arm-none-eabi/10.3.1/../../../../arm-none-eabi/lib/thumb/v7-m/nofp\libc_nano.a(lib_a-nano-msizer.o)
                0x0000000008008330                _malloc_usable_size_r
 .text._read_r  0x0000000008008340       0x24 d:/programs/st/stm32cubeide_1.9.0/stm32cubeide/plugins/com.st.stm32cube.ide.mcu.externaltools.gnu-tools-for-stm32.10.3-2021.10.win32_1.0.0.202111181127/tools/bin/../lib/gcc/arm-none-eabi/10.3.1/../../../../arm-none-eabi/lib/thumb/v7-m/nofp\libc_nano.a(lib_a-readr.o)
                0x0000000008008340                _read_r
 *(.glue_7)
 .glue_7        0x0000000008008364        0x0 linker stubs
 *(.glue_7t)
 .glue_7t       0x0000000008008364        0x0 linker stubs
 *(.eh_frame)
 .eh_frame      0x0000000008008364        0x0 d:/programs/st/stm32cubeide_1.9.0/stm32cubeide/plugins/com.st.stm32cube.ide.mcu.externaltools.gnu-tools-for-stm32.10.3-2021.10.win32_1.0.0.202111181127/tools/bin/../lib/gcc/arm-none-eabi/10.3.1/thumb/v7-m/nofp/crtbegin.o
 *(.init)
 .init          0x0000000008008364        0x4 d:/programs/st/stm32cubeide_1.9.0/stm32cubeide/plugins/com.st.stm32cube.ide.mcu.externaltools.gnu-tools-for-stm32.10.3-2021.10.win32_1.0.0.202111181127/tools/bin/../lib/gcc/arm-none-eabi/10.3.1/thumb/v7-m/nofp/crti.o
                0x0000000008008364                _init
 .init          0x0000000008008368        0x8 d:/programs/st/stm32cubeide_1.9.0/stm32cubeide/plugins/com.st.stm32cube.ide.mcu.externaltools.gnu-tools-for-stm32.10.3-2021.10.win32_1.0.0.202111181127/tools/bin/../lib/gcc/arm-none-eabi/10.3.1/thumb/v7-m/nofp/crtn.o
 *(.fini)
 .fini          0x0000000008008370        0x4 d:/programs/st/stm32cubeide_1.9.0/stm32cubeide/plugins/com.st.stm32cube.ide.mcu.externaltools.gnu-tools-for-stm32.10.3-2021.10.win32_1.0.0.202111181127/tools/bin/../lib/gcc/arm-none-eabi/10.3.1/thumb/v7-m/nofp/crti.o
                0x0000000008008370                _fini
 .fini          0x0000000008008374        0x8 d:/programs/st/stm32cubeide_1.9.0/stm32cubeide/plugins/com.st.stm32cube.ide.mcu.externaltools.gnu-tools-for-stm32.10.3-2021.10.win32_1.0.0.202111181127/tools/bin/../lib/gcc/arm-none-eabi/10.3.1/thumb/v7-m/nofp/crtn.o
                0x000000000800837c                . = ALIGN (0x4)
                0x000000000800837c                _etext = .

.vfp11_veneer   0x000000000800837c        0x0
 .vfp11_veneer  0x000000000800837c        0x0 linker stubs

.v4_bx          0x000000000800837c        0x0
 .v4_bx         0x000000000800837c        0x0 linker stubs

.iplt           0x000000000800837c        0x0
 .iplt          0x000000000800837c        0x0 d:/programs/st/stm32cubeide_1.9.0/stm32cubeide/plugins/com.st.stm32cube.ide.mcu.externaltools.gnu-tools-for-stm32.10.3-2021.10.win32_1.0.0.202111181127/tools/bin/../lib/gcc/arm-none-eabi/10.3.1/thumb/v7-m/nofp/crtbegin.o

.rodata         0x0000000008008380     0x75e4
                0x0000000008008380                . = ALIGN (0x4)
 *(.rodata)
 .rodata        0x0000000008008380      0x137 ./Core/Src/API/buttons/buttons.o
 *fill*         0x00000000080084b7        0x1 
 .rodata        0x00000000080084b8       0x5e ./Core/Src/API/event_queue/event_queue.o
 *fill*         0x0000000008008516        0x2 
 .rodata        0x0000000008008518       0x5e ./Core/Src/API/printf_dbg/printf_dbg.o
 *fill*         0x0000000008008576        0x2 
 .rodata        0x0000000008008578       0xa5 ./Core/Src/API/ring_buffer/ring_buffer.o
 *fill*         0x000000000800861d        0x3 
 .rodata        0x0000000008008620      0x12c ./Core/Src/FSMs/ui/ui_draw.o
 .rodata        0x000000000800874c       0x21 ./Core/Src/main.o
 *fill*         0x000000000800876d        0x3 
 .rodata        0x0000000008008770       0x31 ./Core/lcd/ili9488.o
 *fill*         0x00000000080087a1        0x3 
 .rodata        0x00000000080087a4       0x10 ./Drivers/STM32F1xx_HAL_Driver/Src/stm32f1xx_hal_rcc.o
 *(.rodata*)
 .rodata.Font16_Table
                0x00000000080087b4      0xbe0 ./Core/Fonts/font16.o
                0x00000000080087b4                Font16_Table
 .rodata.Font20_Table
                0x0000000008009394      0xed8 ./Core/Fonts/font20.o
                0x0000000008009394                Font20_Table
 .rodata.Font24_Table
                0x000000000800a26c     0x1ab8 ./Core/Fonts/font24.o
                0x000000000800a26c                Font24_Table
 .rodata.Font8_Table
                0x000000000800bd24      0x2f8 ./Core/Fonts/font8.o
                0x000000000800bd24                Font8_Table
 *fill*         0x000000000800c01c        0x4 
 .rodata.battery_icon
                0x000000000800c020     0x238e ./Core/Icons/battery_icon.o
                0x000000000800c020                battery_icon
 *fill*         0x000000000800e3ae        0x2 
 .rodata.thermostat
                0x000000000800e3b0     0x13a0 ./Core/Icons/thermostat_icon.o
                0x000000000800e3b0                thermostat
 .rodata.__func__.14
                0x000000000800f750       0x11 ./Core/Src/API/ring_buffer/ring_buffer.o
 *fill*         0x000000000800f761        0x3 
 .rodata.__func__.13
                0x000000000800f764       0x11 ./Core/Src/API/ring_buffer/ring_buffer.o
 *fill*         0x000000000800f775        0x3 
 .rodata.__func__.12
                0x000000000800f778       0x15 ./Core/Src/API/ring_buffer/ring_buffer.o
 *fill*         0x000000000800f78d        0x3 
 .rodata.__func__.10
                0x000000000800f790       0x11 ./Core/Src/API/ring_buffer/ring_buffer.o
 *fill*         0x000000000800f7a1        0x3 
 .rodata.__func__.8
                0x000000000800f7a4       0x12 ./Core/Src/API/ring_buffer/ring_buffer.o
 *fill*         0x000000000800f7b6        0x2 
 .rodata.__func__.7
                0x000000000800f7b8       0x19 ./Core/Src/API/ring_buffer/ring_buffer.o
 *fill*         0x000000000800f7d1        0x3 
 .rodata.__func__.5
                0x000000000800f7d4       0x1b ./Core/Src/API/ring_buffer/ring_buffer.o
 *fill*         0x000000000800f7ef        0x1 
 .rodata.__func__.4
                0x000000000800f7f0       0x10 ./Core/Src/API/ring_buffer/ring_buffer.o
 .rodata.__func__.3
                0x000000000800f800       0x10 ./Core/Src/API/ring_buffer/ring_buffer.o
 .rodata.__func__.2
                0x000000000800f810       0x12 ./Core/Src/API/ring_buffer/ring_buffer.o
 *fill*         0x000000000800f822        0x2 
 .rodata.__func__.1
                0x000000000800f824       0x11 ./Core/Src/API/ring_buffer/ring_buffer.o
 *fill*         0x000000000800f835        0x3 
 .rodata.drawer_pos.3
                0x000000000800f838       0x10 ./Core/Src/FSMs/ui/ui_draw.o
 .rodata.drawer_pos.2
                0x000000000800f848       0x10 ./Core/Src/FSMs/ui/ui_draw.o
 .rodata.header.1
                0x000000000800f858       0x20 ./Core/Src/FSMs/ui/ui_draw.o
 .rodata.AHBPrescTable
                0x000000000800f878       0x10 ./Core/Src/system_stm32f1xx.o
                0x000000000800f878                AHBPrescTable
 .rodata.APBPrescTable
                0x000000000800f888        0x8 ./Core/Src/system_stm32f1xx.o
                0x000000000800f888                APBPrescTable
 .rodata.__assert_func.str1.1
                0x000000000800f890       0x3c d:/programs/st/stm32cubeide_1.9.0/stm32cubeide/plugins/com.st.stm32cube.ide.mcu.externaltools.gnu-tools-for-stm32.10.3-2021.10.win32_1.0.0.202111181127/tools/bin/../lib/gcc/arm-none-eabi/10.3.1/../../../../arm-none-eabi/lib/thumb/v7-m/nofp\libc_nano.a(lib_a-assert.o)
                                         0x3d (size before relaxing)
 .rodata._global_impure_ptr
                0x000000000800f8cc        0x4 d:/programs/st/stm32cubeide_1.9.0/stm32cubeide/plugins/com.st.stm32cube.ide.mcu.externaltools.gnu-tools-for-stm32.10.3-2021.10.win32_1.0.0.202111181127/tools/bin/../lib/gcc/arm-none-eabi/10.3.1/../../../../arm-none-eabi/lib/thumb/v7-m/nofp\libc_nano.a(lib_a-impure.o)
                0x000000000800f8cc                _global_impure_ptr
 .rodata._vfprintf_r.str1.1
                0x000000000800f8d0       0x11 d:/programs/st/stm32cubeide_1.9.0/stm32cubeide/plugins/com.st.stm32cube.ide.mcu.externaltools.gnu-tools-for-stm32.10.3-2021.10.win32_1.0.0.202111181127/tools/bin/../lib/gcc/arm-none-eabi/10.3.1/../../../../arm-none-eabi/lib/thumb/v7-m/nofp\libc_nano.a(lib_a-nano-vfprintf.o)
 .rodata._printf_i.str1.1
                0x000000000800f8e1       0x22 d:/programs/st/stm32cubeide_1.9.0/stm32cubeide/plugins/com.st.stm32cube.ide.mcu.externaltools.gnu-tools-for-stm32.10.3-2021.10.win32_1.0.0.202111181127/tools/bin/../lib/gcc/arm-none-eabi/10.3.1/../../../../arm-none-eabi/lib/thumb/v7-m/nofp\libc_nano.a(lib_a-nano-vfprintf_i.o)
 *fill*         0x000000000800f903        0x1 
 .rodata.__sf_fake_stderr
                0x000000000800f904       0x20 d:/programs/st/stm32cubeide_1.9.0/stm32cubeide/plugins/com.st.stm32cube.ide.mcu.externaltools.gnu-tools-for-stm32.10.3-2021.10.win32_1.0.0.202111181127/tools/bin/../lib/gcc/arm-none-eabi/10.3.1/../../../../arm-none-eabi/lib/thumb/v7-m/nofp\libc_nano.a(lib_a-findfp.o)
                0x000000000800f904                __sf_fake_stderr
 .rodata.__sf_fake_stdin
                0x000000000800f924       0x20 d:/programs/st/stm32cubeide_1.9.0/stm32cubeide/plugins/com.st.stm32cube.ide.mcu.externaltools.gnu-tools-for-stm32.10.3-2021.10.win32_1.0.0.202111181127/tools/bin/../lib/gcc/arm-none-eabi/10.3.1/../../../../arm-none-eabi/lib/thumb/v7-m/nofp\libc_nano.a(lib_a-findfp.o)
                0x000000000800f924                __sf_fake_stdin
 .rodata.__sf_fake_stdout
                0x000000000800f944       0x20 d:/programs/st/stm32cubeide_1.9.0/stm32cubeide/plugins/com.st.stm32cube.ide.mcu.externaltools.gnu-tools-for-stm32.10.3-2021.10.win32_1.0.0.202111181127/tools/bin/../lib/gcc/arm-none-eabi/10.3.1/../../../../arm-none-eabi/lib/thumb/v7-m/nofp\libc_nano.a(lib_a-findfp.o)
                0x000000000800f944                __sf_fake_stdout
 .rodata._svfprintf_r.str1.1
                0x000000000800f964       0x11 d:/programs/st/stm32cubeide_1.9.0/stm32cubeide/plugins/com.st.stm32cube.ide.mcu.externaltools.gnu-tools-for-stm32.10.3-2021.10.win32_1.0.0.202111181127/tools/bin/../lib/gcc/arm-none-eabi/10.3.1/../../../../arm-none-eabi/lib/thumb/v7-m/nofp\libc_nano.a(lib_a-nano-svfprintf.o)
                0x000000000800f978                . = ALIGN (0x4)

.rel.dyn        0x000000000800f964        0x0
 .rel.iplt      0x000000000800f964        0x0 d:/programs/st/stm32cubeide_1.9.0/stm32cubeide/plugins/com.st.stm32cube.ide.mcu.externaltools.gnu-tools-for-stm32.10.3-2021.10.win32_1.0.0.202111181127/tools/bin/../lib/gcc/arm-none-eabi/10.3.1/thumb/v7-m/nofp/crtbegin.o

.ARM.extab      0x000000000800f964        0x0
                0x000000000800f964                . = ALIGN (0x4)
 *(.ARM.extab* .gnu.linkonce.armextab.*)
                0x000000000800f964                . = ALIGN (0x4)

.ARM            0x000000000800f964        0x0
                0x000000000800f964                . = ALIGN (0x4)
                0x000000000800f964                __exidx_start = .
 *(.ARM.exidx*)
                0x000000000800f964                __exidx_end = .
                0x000000000800f964                . = ALIGN (0x4)

.preinit_array  0x000000000800f964        0x0
                0x000000000800f964                . = ALIGN (0x4)
                0x000000000800f964                PROVIDE (__preinit_array_start = .)
 *(.preinit_array*)
                0x000000000800f964                PROVIDE (__preinit_array_end = .)
                0x000000000800f964                . = ALIGN (0x4)

.init_array     0x000000000800f964        0x4
                0x000000000800f964                . = ALIGN (0x4)
                0x000000000800f964                PROVIDE (__init_array_start = .)
 *(SORT_BY_NAME(.init_array.*))
 *(.init_array*)
 .init_array    0x000000000800f964        0x4 d:/programs/st/stm32cubeide_1.9.0/stm32cubeide/plugins/com.st.stm32cube.ide.mcu.externaltools.gnu-tools-for-stm32.10.3-2021.10.win32_1.0.0.202111181127/tools/bin/../lib/gcc/arm-none-eabi/10.3.1/thumb/v7-m/nofp/crtbegin.o
                0x000000000800f968                PROVIDE (__init_array_end = .)
                0x000000000800f968                . = ALIGN (0x4)

.fini_array     0x000000000800f968        0x4
                0x000000000800f968                . = ALIGN (0x4)
                [!provide]                        PROVIDE (__fini_array_start = .)
 *(SORT_BY_NAME(.fini_array.*))
 *(.fini_array*)
 .fini_array    0x000000000800f968        0x4 d:/programs/st/stm32cubeide_1.9.0/stm32cubeide/plugins/com.st.stm32cube.ide.mcu.externaltools.gnu-tools-for-stm32.10.3-2021.10.win32_1.0.0.202111181127/tools/bin/../lib/gcc/arm-none-eabi/10.3.1/thumb/v7-m/nofp/crtbegin.o
                [!provide]                        PROVIDE (__fini_array_end = .)
                0x000000000800f96c                . = ALIGN (0x4)
                0x000000000800f96c                _sidata = LOADADDR (.data)

.data           0x0000000020000000      0x124 load address 0x000000000800f96c
                0x0000000020000000                . = ALIGN (0x4)
                0x0000000020000000                _sdata = .
 *(.data)
 *(.data*)
 .data.Font16   0x0000000020000000        0x8 ./Core/Fonts/font16.o
                0x0000000020000000                Font16
 .data.Font20   0x0000000020000008        0x8 ./Core/Fonts/font20.o
                0x0000000020000008                Font20
 .data.Font24   0x0000000020000010        0x8 ./Core/Fonts/font24.o
                0x0000000020000010                Font24
 .data.Font8    0x0000000020000018        0x8 ./Core/Fonts/font8.o
                0x0000000020000018                Font8
 .data.pin_st.0
                0x0000000020000020        0x1 ./Core/Src/API/buttons/buttons.o
 *fill*         0x0000000020000021        0x3 
 .data.str_color
                0x0000000020000024       0x20 ./Core/Src/API/printf_dbg/printf_dbg.o
                0x0000000020000024                str_color
 .data.am_fm_str
                0x0000000020000044        0x8 ./Core/Src/FSMs/ui/ui_draw.o
 .data.c_f_str  0x000000002000004c        0x8 ./Core/Src/FSMs/ui/ui_draw.o
 .data.meals.0  0x0000000020000054       0x18 ./Core/Src/FSMs/ui/ui_draw.o
 .data.SystemCoreClock
                0x000000002000006c        0x4 ./Core/Src/system_stm32f1xx.o
                0x000000002000006c                SystemCoreClock
 .data.ili9488_drv
                0x0000000020000070       0x44 ./Core/lcd/ili9488.o
                0x0000000020000070                ili9488_drv
 .data.lcd_drv  0x00000000200000b4        0x4 ./Core/lcd/ili9488.o
                0x00000000200000b4                lcd_drv
 .data.uwTickPrio
                0x00000000200000b8        0x4 ./Drivers/STM32F1xx_HAL_Driver/Src/stm32f1xx_hal.o
                0x00000000200000b8                uwTickPrio
 .data.uwTickFreq
                0x00000000200000bc        0x1 ./Drivers/STM32F1xx_HAL_Driver/Src/stm32f1xx_hal.o
                0x00000000200000bc                uwTickFreq
 *fill*         0x00000000200000bd        0x3 
 .data._impure_ptr
                0x00000000200000c0        0x4 d:/programs/st/stm32cubeide_1.9.0/stm32cubeide/plugins/com.st.stm32cube.ide.mcu.externaltools.gnu-tools-for-stm32.10.3-2021.10.win32_1.0.0.202111181127/tools/bin/../lib/gcc/arm-none-eabi/10.3.1/../../../../arm-none-eabi/lib/thumb/v7-m/nofp\libc_nano.a(lib_a-impure.o)
                0x00000000200000c0                _impure_ptr
 .data.impure_data
                0x00000000200000c4       0x60 d:/programs/st/stm32cubeide_1.9.0/stm32cubeide/plugins/com.st.stm32cube.ide.mcu.externaltools.gnu-tools-for-stm32.10.3-2021.10.win32_1.0.0.202111181127/tools/bin/../lib/gcc/arm-none-eabi/10.3.1/../../../../arm-none-eabi/lib/thumb/v7-m/nofp\libc_nano.a(lib_a-impure.o)
 *(.RamFunc)
 *(.RamFunc*)
                0x0000000020000124                . = ALIGN (0x4)
                0x0000000020000124                _edata = .

.igot.plt       0x0000000020000124        0x0 load address 0x000000000800fa90
 .igot.plt      0x0000000020000124        0x0 d:/programs/st/stm32cubeide_1.9.0/stm32cubeide/plugins/com.st.stm32cube.ide.mcu.externaltools.gnu-tools-for-stm32.10.3-2021.10.win32_1.0.0.202111181127/tools/bin/../lib/gcc/arm-none-eabi/10.3.1/thumb/v7-m/nofp/crtbegin.o
                0x0000000020000124                . = ALIGN (0x4)

.bss            0x0000000020000128      0xa3c load address 0x000000000800fa90
                0x0000000020000128                _sbss = .
                0x0000000020000128                __bss_start__ = _sbss
 *(.bss)
 .bss           0x0000000020000128       0x1c d:/programs/st/stm32cubeide_1.9.0/stm32cubeide/plugins/com.st.stm32cube.ide.mcu.externaltools.gnu-tools-for-stm32.10.3-2021.10.win32_1.0.0.202111181127/tools/bin/../lib/gcc/arm-none-eabi/10.3.1/thumb/v7-m/nofp/crtbegin.o
 *(.bss*)
 .bss.navigation_btn
                0x0000000020000144       0x50 ./Core/Src/API/buttons/buttons.o
                0x0000000020000144                navigation_btn
 .bss.pending_time_update
                0x0000000020000194        0x1 ./Core/Src/API/time_event/time_event.o
                0x0000000020000194                pending_time_update
 *fill*         0x0000000020000195        0x3 
 .bss.queue_buffer
                0x0000000020000198       0xc8 ./Core/Src/FSMs/event_manager/event_manager_fsm.o
 .bss.event_manager_fsm
                0x0000000020000260       0x38 ./Core/Src/FSMs/event_manager/event_manager_fsm.o
 .bss.ui_battery
                0x0000000020000298       0x30 ./Core/Src/FSMs/ui/ui_draw.o
                0x0000000020000298                ui_battery
 .bss.ui_drawers
                0x00000000200002c8       0x18 ./Core/Src/FSMs/ui/ui_draw.o
                0x00000000200002c8                ui_drawers
 .bss.ui_thermostat
                0x00000000200002e0       0x28 ./Core/Src/FSMs/ui/ui_draw.o
                0x00000000200002e0                ui_thermostat
 .bss.ui_petcall
                0x0000000020000308       0x10 ./Core/Src/FSMs/ui/ui_draw.o
                0x0000000020000308                ui_petcall
 .bss.ui_date_time
                0x0000000020000318       0x30 ./Core/Src/FSMs/ui/ui_draw.o
                0x0000000020000318                ui_date_time
 .bss.ui_feeder_menu
                0x0000000020000348      0x190 ./Core/Src/FSMs/ui/ui_draw.o
                0x0000000020000348                ui_feeder_menu
 .bss.ui_fsm    0x00000000200004d8       0x38 ./Core/Src/FSMs/ui/ui_fsm.o
 .bss.batt_dummy_val.0
                0x0000000020000510        0x1 ./Core/Src/FSMs/ui/ui_fsm.o
 *fill*         0x0000000020000511        0x3 
 .bss.hadc1     0x0000000020000514       0x30 ./Core/Src/init_periph.o
                0x0000000020000514                hadc1
 .bss.hi2c1     0x0000000020000544       0x54 ./Core/Src/init_periph.o
                0x0000000020000544                hi2c1
 .bss.hspi2     0x0000000020000598       0x58 ./Core/Src/init_periph.o
                0x0000000020000598                hspi2
 .bss.hdma_spi2_rx
                0x00000000200005f0       0x44 ./Core/Src/init_periph.o
                0x00000000200005f0                hdma_spi2_rx
 .bss.hdma_spi2_tx
                0x0000000020000634       0x44 ./Core/Src/init_periph.o
                0x0000000020000634                hdma_spi2_tx
 .bss.htim1     0x0000000020000678       0x48 ./Core/Src/init_periph.o
                0x0000000020000678                htim1
 .bss.__sbrk_heap_end
                0x00000000200006c0        0x4 ./Core/Src/sysmem.o
 .bss.Is_ili9488_Initialized
                0x00000000200006c4        0x1 ./Core/lcd/ili9488.o
 *fill*         0x00000000200006c5        0x1 
 .bss.yStart    0x00000000200006c6        0x2 ./Core/lcd/ili9488.o
 .bss.yEnd      0x00000000200006c8        0x2 ./Core/lcd/ili9488.o
 *fill*         0x00000000200006ca        0x2 
 .bss.scrparam.0
                0x00000000200006cc        0x8 ./Core/lcd/ili9488.o
 .bss.DrawProp  0x00000000200006d4        0xc ./Core/lcd/lcd_api.o
                0x00000000200006d4                DrawProp
 .bss.bitmap    0x00000000200006e0      0x366 ./Core/lcd/lcd_api.o
 *fill*         0x0000000020000a46        0x2 
 .bss.LCD_IO_DmaTransferStatus
                0x0000000020000a48        0x4 ./Core/lcd/lcd_spi_io.o
                0x0000000020000a48                LCD_IO_DmaTransferStatus
 .bss.d8s.2     0x0000000020000a4c        0x1 ./Core/lcd/lcd_spi_io.o
 *fill*         0x0000000020000a4d        0x1 
 .bss.d16s.1    0x0000000020000a4e        0x2 ./Core/lcd/lcd_spi_io.o
 .bss.dmadata.0
                0x0000000020000a50      0x100 ./Core/lcd/lcd_spi_io.o
 .bss.uwTick    0x0000000020000b50        0x4 ./Drivers/STM32F1xx_HAL_Driver/Src/stm32f1xx_hal.o
                0x0000000020000b50                uwTick
 .bss.__malloc_free_list
                0x0000000020000b54        0x4 d:/programs/st/stm32cubeide_1.9.0/stm32cubeide/plugins/com.st.stm32cube.ide.mcu.externaltools.gnu-tools-for-stm32.10.3-2021.10.win32_1.0.0.202111181127/tools/bin/../lib/gcc/arm-none-eabi/10.3.1/../../../../arm-none-eabi/lib/thumb/v7-m/nofp\libc_nano.a(lib_a-nano-mallocr.o)
                0x0000000020000b54                __malloc_free_list
 .bss.__malloc_sbrk_start
                0x0000000020000b58        0x4 d:/programs/st/stm32cubeide_1.9.0/stm32cubeide/plugins/com.st.stm32cube.ide.mcu.externaltools.gnu-tools-for-stm32.10.3-2021.10.win32_1.0.0.202111181127/tools/bin/../lib/gcc/arm-none-eabi/10.3.1/../../../../arm-none-eabi/lib/thumb/v7-m/nofp\libc_nano.a(lib_a-nano-mallocr.o)
                0x0000000020000b58                __malloc_sbrk_start
 .bss.__lock___malloc_recursive_mutex