Archive member included to satisfy reference by file (symbol)

c:/st/stm32cubeide_1.9.0/stm32cubeide/plugins/com.st.stm32cube.ide.mcu.externaltools.gnu-tools-for-stm32.10.3-2021.10.win32_1.0.0.202111181127/tools/bin/../lib/gcc/arm-none-eabi/10.3.1/../../../../arm-none-eabi/lib/thumb/v7-m/nofp\libc_nano.a(lib_a-assert.o)
                              ./Core/Src/API/ring_buffer.o (__assert_func)
c:/st/stm32cubeide_1.9.0/stm32cubeide/plugins/com.st.stm32cube.ide.mcu.externaltools.gnu-tools-for-stm32.10.3-2021.10.win32_1.0.0.202111181127/tools/bin/../lib/gcc/arm-none-eabi/10.3.1/../../../../arm-none-eabi/lib/thumb/v7-m/nofp\libc_nano.a(lib_a-errno.o)
                              ./Core/Src/syscalls.o (__errno)
c:/st/stm32cubeide_1.9.0/stm32cubeide/plugins/com.st.stm32cube.ide.mcu.externaltools.gnu-tools-for-stm32.10.3-2021.10.win32_1.0.0.202111181127/tools/bin/../lib/gcc/arm-none-eabi/10.3.1/../../../../arm-none-eabi/lib/thumb/v7-m/nofp\libc_nano.a(lib_a-exit.o)
                              c:/st/stm32cubeide_1.9.0/stm32cubeide/plugins/com.st.stm32cube.ide.mcu.externaltools.gnu-tools-for-stm32.10.3-2021.10.win32_1.0.0.202111181127/tools/bin/../lib/gcc/arm-none-eabi/10.3.1/../../../../arm-none-eabi/lib/thumb/v7-m/nofp/crt0.o (exit)
c:/st/stm32cubeide_1.9.0/stm32cubeide/plugins/com.st.stm32cube.ide.mcu.externaltools.gnu-tools-for-stm32.10.3-2021.10.win32_1.0.0.202111181127/tools/bin/../lib/gcc/arm-none-eabi/10.3.1/../../../../arm-none-eabi/lib/thumb/v7-m/nofp\libc_nano.a(lib_a-fprintf.o)
                              c:/st/stm32cubeide_1.9.0/stm32cubeide/plugins/com.st.stm32cube.ide.mcu.externaltools.gnu-tools-for-stm32.10.3-2021.10.win32_1.0.0.202111181127/tools/bin/../lib/gcc/arm-none-eabi/10.3.1/../../../../arm-none-eabi/lib/thumb/v7-m/nofp\libc_nano.a(lib_a-assert.o) (fiprintf)
c:/st/stm32cubeide_1.9.0/stm32cubeide/plugins/com.st.stm32cube.ide.mcu.externaltools.gnu-tools-for-stm32.10.3-2021.10.win32_1.0.0.202111181127/tools/bin/../lib/gcc/arm-none-eabi/10.3.1/../../../../arm-none-eabi/lib/thumb/v7-m/nofp\libc_nano.a(lib_a-impure.o)
                              c:/st/stm32cubeide_1.9.0/stm32cubeide/plugins/com.st.stm32cube.ide.mcu.externaltools.gnu-tools-for-stm32.10.3-2021.10.win32_1.0.0.202111181127/tools/bin/../lib/gcc/arm-none-eabi/10.3.1/../../../../arm-none-eabi/lib/thumb/v7-m/nofp\libc_nano.a(lib_a-exit.o) (_global_impure_ptr)
c:/st/stm32cubeide_1.9.0/stm32cubeide/plugins/com.st.stm32cube.ide.mcu.externaltools.gnu-tools-for-stm32.10.3-2021.10.win32_1.0.0.202111181127/tools/bin/../lib/gcc/arm-none-eabi/10.3.1/../../../../arm-none-eabi/lib/thumb/v7-m/nofp\libc_nano.a(lib_a-init.o)
                              c:/st/stm32cubeide_1.9.0/stm32cubeide/plugins/com.st.stm32cube.ide.mcu.externaltools.gnu-tools-for-stm32.10.3-2021.10.win32_1.0.0.202111181127/tools/bin/../lib/gcc/arm-none-eabi/10.3.1/../../../../arm-none-eabi/lib/thumb/v7-m/nofp/crt0.o (__libc_init_array)
c:/st/stm32cubeide_1.9.0/stm32cubeide/plugins/com.st.stm32cube.ide.mcu.externaltools.gnu-tools-for-stm32.10.3-2021.10.win32_1.0.0.202111181127/tools/bin/../lib/gcc/arm-none-eabi/10.3.1/../../../../arm-none-eabi/lib/thumb/v7-m/nofp\libc_nano.a(lib_a-malloc.o)
                              ./Core/Src/API/ring_buffer.o (malloc)
c:/st/stm32cubeide_1.9.0/stm32cubeide/plugins/com.st.stm32cube.ide.mcu.externaltools.gnu-tools-for-stm32.10.3-2021.10.win32_1.0.0.202111181127/tools/bin/../lib/gcc/arm-none-eabi/10.3.1/../../../../arm-none-eabi/lib/thumb/v7-m/nofp\libc_nano.a(lib_a-memset.o)
                              c:/st/stm32cubeide_1.9.0/stm32cubeide/plugins/com.st.stm32cube.ide.mcu.externaltools.gnu-tools-for-stm32.10.3-2021.10.win32_1.0.0.202111181127/tools/bin/../lib/gcc/arm-none-eabi/10.3.1/../../../../arm-none-eabi/lib/thumb/v7-m/nofp/crt0.o (memset)
c:/st/stm32cubeide_1.9.0/stm32cubeide/plugins/com.st.stm32cube.ide.mcu.externaltools.gnu-tools-for-stm32.10.3-2021.10.win32_1.0.0.202111181127/tools/bin/../lib/gcc/arm-none-eabi/10.3.1/../../../../arm-none-eabi/lib/thumb/v7-m/nofp\libc_nano.a(lib_a-nano-freer.o)
                              c:/st/stm32cubeide_1.9.0/stm32cubeide/plugins/com.st.stm32cube.ide.mcu.externaltools.gnu-tools-for-stm32.10.3-2021.10.win32_1.0.0.202111181127/tools/bin/../lib/gcc/arm-none-eabi/10.3.1/../../../../arm-none-eabi/lib/thumb/v7-m/nofp\libc_nano.a(lib_a-malloc.o) (_free_r)
c:/st/stm32cubeide_1.9.0/stm32cubeide/plugins/com.st.stm32cube.ide.mcu.externaltools.gnu-tools-for-stm32.10.3-2021.10.win32_1.0.0.202111181127/tools/bin/../lib/gcc/arm-none-eabi/10.3.1/../../../../arm-none-eabi/lib/thumb/v7-m/nofp\libc_nano.a(lib_a-nano-mallocr.o)
                              c:/st/stm32cubeide_1.9.0/stm32cubeide/plugins/com.st.stm32cube.ide.mcu.externaltools.gnu-tools-for-stm32.10.3-2021.10.win32_1.0.0.202111181127/tools/bin/../lib/gcc/arm-none-eabi/10.3.1/../../../../arm-none-eabi/lib/thumb/v7-m/nofp\libc_nano.a(lib_a-malloc.o) (_malloc_r)
[...]
Memory Configuration

Name             Origin             Length             Attributes
RAM              0x0000000020000000 0x0000000000005000 xrw
FLASH            0x0000000008000000 0x0000000000010000 xr
*default*        0x0000000000000000 0xffffffffffffffff

Linker script and memory map

LOAD c:/st/stm32cubeide_1.9.0/stm32cubeide/plugins/com.st.stm32cube.ide.mcu.externaltools.gnu-tools-for-stm32.10.3-2021.10.win32_1.0.0.202111181127/tools/bin/../lib/gcc/arm-none-eabi/10.3.1/thumb/v7-m/nofp/crti.o
LOAD c:/st/stm32cubeide_1.9.0/stm32cubeide/plugins/com.st.stm32cube.ide.mcu.externaltools.gnu-tools-for-stm32.10.3-2021.10.win32_1.0.0.202111181127/tools/bin/../lib/gcc/arm-none-eabi/10.3.1/thumb/v7-m/nofp/crtbegin.o
LOAD c:/st/stm32cubeide_1.9.0/stm32cubeide/plugins/com.st.stm32cube.ide.mcu.externaltools.gnu-tools-for-stm32.10.3-2021.10.win32_1.0.0.202111181127/tools/bin/../lib/gcc/arm-none-eabi/10.3.1/../../../../arm-none-eabi/lib/thumb/v7-m/nofp/crt0.o
LOAD ./Core/Src/API/ring_buffer.o
LOAD ./Core/Src/FSMs/event_manager.c/evt_mgmt_fsm.o
LOAD ./Core/Src/event_queue/event_queue.o
LOAD ./Core/Src/main.o
LOAD ./Core/Src/stm32f1xx_hal_msp.o
LOAD ./Core/Src/stm32f1xx_it.o
LOAD ./Core/Src/syscalls.o
LOAD ./Core/Src/sysmem.o
LOAD ./Core/Src/system_stm32f1xx.o
LOAD ./Core/Src/printf_dbg/itm_dbg.o
LOAD ./Core/Src/printf_dbg/printf_dbg.o
LOAD ./Core/Src/time_event/time_event.o
LOAD ./Core/Src/time_event/time_irq_update.o
LOAD ./Core/Startup/startup_stm32f103r8tx.o
LOAD ./Drivers/STM32F1xx_HAL_Driver/Src/stm32f1xx_hal.o
LOAD ./Drivers/STM32F1xx_HAL_Driver/Src/stm32f1xx_hal_adc.o
LOAD ./Drivers/STM32F1xx_HAL_Driver/Src/stm32f1xx_hal_adc_ex.o
LOAD ./Drivers/STM32F1xx_HAL_Driver/Src/stm32f1xx_hal_cortex.o
LOAD ./Drivers/STM32F1xx_HAL_Driver/Src/stm32f1xx_hal_dma.o
LOAD ./Drivers/STM32F1xx_HAL_Driver/Src/stm32f1xx_hal_exti.o
LOAD ./Drivers/STM32F1xx_HAL_Driver/Src/stm32f1xx_hal_flash.o
LOAD ./Drivers/STM32F1xx_HAL_Driver/Src/stm32f1xx_hal_flash_ex.o
LOAD ./Drivers/STM32F1xx_HAL_Driver/Src/stm32f1xx_hal_gpio.o
LOAD ./Drivers/STM32F1xx_HAL_Driver/Src/stm32f1xx_hal_gpio_ex.o
LOAD ./Drivers/STM32F1xx_HAL_Driver/Src/stm32f1xx_hal_i2c.o
LOAD ./Drivers/STM32F1xx_HAL_Driver/Src/stm32f1xx_hal_pwr.o
LOAD ./Drivers/STM32F1xx_HAL_Driver/Src/stm32f1xx_hal_rcc.o
LOAD ./Drivers/STM32F1xx_HAL_Driver/Src/stm32f1xx_hal_rcc_ex.o
LOAD ./Drivers/STM32F1xx_HAL_Driver/Src/stm32f1xx_hal_spi.o
LOAD ./Drivers/STM32F1xx_HAL_Driver/Src/stm32f1xx_hal_tim.o
LOAD ./Drivers/STM32F1xx_HAL_Driver/Src/stm32f1xx_hal_tim_ex.o
START GROUP
LOAD c:/st/stm32cubeide_1.9.0/stm32cubeide/plugins/com.st.stm32cube.ide.mcu.externaltools.gnu-tools-for-stm32.10.3-2021.10.win32_1.0.0.202111181127/tools/bin/../lib/gcc/arm-none-eabi/10.3.1/../../../../arm-none-eabi/lib/thumb/v7-m/nofp\libc_nano.a
LOAD c:/st/stm32cubeide_1.9.0/stm32cubeide/plugins/com.st.stm32cube.ide.mcu.externaltools.gnu-tools-for-stm32.10.3-2021.10.win32_1.0.0.202111181127/tools/bin/../lib/gcc/arm-none-eabi/10.3.1/../../../../arm-none-eabi/lib/thumb/v7-m/nofp\libm.a
END GROUP
START GROUP
LOAD c:/st/stm32cubeide_1.9.0/stm32cubeide/plugins/com.st.stm32cube.ide.mcu.externaltools.gnu-tools-for-stm32.10.3-2021.10.win32_1.0.0.202111181127/tools/bin/../lib/gcc/arm-none-eabi/10.3.1/thumb/v7-m/nofp\libgcc.a
LOAD c:/st/stm32cubeide_1.9.0/stm32cubeide/plugins/com.st.stm32cube.ide.mcu.externaltools.gnu-tools-for-stm32.10.3-2021.10.win32_1.0.0.202111181127/tools/bin/../lib/gcc/arm-none-eabi/10.3.1/../../../../arm-none-eabi/lib/thumb/v7-m/nofp\libc_nano.a
END GROUP
START GROUP
LOAD c:/st/stm32cubeide_1.9.0/stm32cubeide/plugins/com.st.stm32cube.ide.mcu.externaltools.gnu-tools-for-stm32.10.3-2021.10.win32_1.0.0.202111181127/tools/bin/../lib/gcc/arm-none-eabi/10.3.1/thumb/v7-m/nofp\libgcc.a
LOAD c:/st/stm32cubeide_1.9.0/stm32cubeide/plugins/com.st.stm32cube.ide.mcu.externaltools.gnu-tools-for-stm32.10.3-2021.10.win32_1.0.0.202111181127/tools/bin/../lib/gcc/arm-none-eabi/10.3.1/../../../../arm-none-eabi/lib/thumb/v7-m/nofp\libc_nano.a
LOAD c:/st/stm32cubeide_1.9.0/stm32cubeide/plugins/com.st.stm32cube.ide.mcu.externaltools.gnu-tools-for-stm32.10.3-2021.10.win32_1.0.0.202111181127/tools/bin/../lib/gcc/arm-none-eabi/10.3.1/../../../../arm-none-eabi/lib/thumb/v7-m/nofp\libnosys.a
END GROUP
START GROUP
LOAD c:/st/stm32cubeide_1.9.0/stm32cubeide/plugins/com.st.stm32cube.ide.mcu.externaltools.gnu-tools-for-stm32.10.3-2021.10.win32_1.0.0.202111181127/tools/bin/../lib/gcc/arm-none-eabi/10.3.1/thumb/v7-m/nofp\libgcc.a
LOAD c:/st/stm32cubeide_1.9.0/stm32cubeide/plugins/com.st.stm32cube.ide.mcu.externaltools.gnu-tools-for-stm32.10.3-2021.10.win32_1.0.0.202111181127/tools/bin/../lib/gcc/arm-none-eabi/10.3.1/../../../../arm-none-eabi/lib/thumb/v7-m/nofp\libc_nano.a
LOAD c:/st/stm32cubeide_1.9.0/stm32cubeide/plugins/com.st.stm32cube.ide.mcu.externaltools.gnu-tools-for-stm32.10.3-2021.10.win32_1.0.0.202111181127/tools/bin/../lib/gcc/arm-none-eabi/10.3.1/../../../../arm-none-eabi/lib/thumb/v7-m/nofp\libnosys.a
END GROUP
LOAD c:/st/stm32cubeide_1.9.0/stm32cubeide/plugins/com.st.stm32cube.ide.mcu.externaltools.gnu-tools-for-stm32.10.3-2021.10.win32_1.0.0.202111181127/tools/bin/../lib/gcc/arm-none-eabi/10.3.1/thumb/v7-m/nofp/crtend.o
LOAD c:/st/stm32cubeide_1.9.0/stm32cubeide/plugins/com.st.stm32cube.ide.mcu.externaltools.gnu-tools-for-stm32.10.3-2021.10.win32_1.0.0.202111181127/tools/bin/../lib/gcc/arm-none-eabi/10.3.1/thumb/v7-m/nofp/crtn.o
                0x0000000020005000                _estack = (ORIGIN (RAM) + LENGTH (RAM))
                0x0000000000000200                _Min_Heap_Size = 0x200
                0x0000000000000400                _Min_Stack_Size = 0x400

.isr_vector     0x0000000008000000      0x10c
                0x0000000008000000                . = ALIGN (0x4)
 *(.isr_vector)
 .isr_vector    0x0000000008000000      0x10c ./Core/Startup/startup_stm32f103r8tx.o
                0x0000000008000000                g_pfnVectors
                0x000000000800010c                . = ALIGN (0x4)

.text           0x000000000800010c     0x3968
                0x000000000800010c                . = ALIGN (0x4)
 *(.text)
 .text          0x000000000800010c       0x40 c:/st/stm32cubeide_1.9.0/stm32cubeide/plugins/com.st.stm32cube.ide.mcu.externaltools.gnu-tools-for-stm32.10.3-2021.10.win32_1.0.0.202111181127/tools/bin/../lib/gcc/arm-none-eabi/10.3.1/thumb/v7-m/nofp/crtbegin.o
 *(.text*)
 .text.tail_ptr_retreat
                0x000000000800014c       0x4c ./Core/Src/API/ring_buffer.o
 .text.is_ring_buffer_empty
                0x0000000008000198       0x4c ./Core/Src/API/ring_buffer.o
                0x0000000008000198                is_ring_buffer_empty
 .text.ring_buffer_init
                0x00000000080001e4       0x88 ./Core/Src/API/ring_buffer.o
                0x00000000080001e4                ring_buffer_init
 .text.ring_buffer_reset
                0x000000000800026c       0x40 ./Core/Src/API/ring_buffer.o
                0x000000000800026c                ring_buffer_reset
 .text.ring_buffer_get
                0x00000000080002ac       0x6c ./Core/Src/API/ring_buffer.o
                0x00000000080002ac                ring_buffer_get
 .text.ring_buffer_read
                0x0000000008000318       0x70 ./Core/Src/API/ring_buffer.o
                0x0000000008000318                ring_buffer_read
 .text.evt_mgmt_fsm_get
                0x0000000008000388       0x14 ./Core/Src/FSMs/event_manager.c/evt_mgmt_fsm.o
                0x0000000008000388                evt_mgmt_fsm_get
 .text.fsm_set_next_state
                0x000000000800039c       0x22 ./Core/Src/FSMs/event_manager.c/evt_mgmt_fsm.o
 .text.evt_mgmt_fsm_run
                0x00000000080003be       0x2e ./Core/Src/FSMs/event_manager.c/evt_mgmt_fsm.o
                0x00000000080003be                evt_mgmt_fsm_run
 .text.evt_mgmt_fsm_init
                0x00000000080003ec       0x28 ./Core/Src/FSMs/event_manager.c/evt_mgmt_fsm.o
                0x00000000080003ec                evt_mgmt_fsm_init
 .text.enter_seq_wait_event
                0x0000000008000414       0x18 ./Core/Src/FSMs/event_manager.c/evt_mgmt_fsm.o
 .text.exit_action_wait_event
                0x000000000800042c       0x22 ./Core/Src/FSMs/event_manager.c/evt_mgmt_fsm.o
 .text.during_action_wait_event
                0x000000000800044e       0x26 ./Core/Src/FSMs/event_manager.c/evt_mgmt_fsm.o
 .text.wait_event_on_react
                0x0000000008000474       0x40 ./Core/Src/FSMs/event_manager.c/evt_mgmt_fsm.o
 .text.enter_seq_notify_event
                0x00000000080004b4       0x1e ./Core/Src/FSMs/event_manager.c/evt_mgmt_fsm.o
 .text.entry_action_notify_event
                0x00000000080004d2       0x1a ./Core/Src/FSMs/event_manager.c/evt_mgmt_fsm.o
 .text.notify_event_on_react
                0x00000000080004ec       0x1e ./Core/Src/FSMs/event_manager.c/evt_mgmt_fsm.o
 .text.event_print_info
                0x000000000800050a       0x28 ./Core/Src/event_queue/event_queue.o
 .text.event_queue_init
                0x0000000008000532       0x2c ./Core/Src/event_queue/event_queue.o
                0x0000000008000532                event_queue_init
 .text.event_queue_get_pending
                0x000000000800055e       0x16 ./Core/Src/event_queue/event_queue.o
                0x000000000800055e                event_queue_get_pending
 .text.event_queue_read
                0x0000000008000574       0x90 ./Core/Src/event_queue/event_queue.o
                0x0000000008000574                event_queue_read
 .text.main     0x0000000008000604       0x3a ./Core/Src/main.o
                0x0000000008000604                main
 .text.SystemClock_Config
                0x000000000800063e       0xa0 ./Core/Src/main.o
                0x000000000800063e                SystemClock_Config
 *fill*         0x00000000080006de        0x2 
 .text.MX_ADC1_Init
                0x00000000080006e0       0x7c ./Core/Src/main.o
 .text.MX_I2C1_Init
                0x000000000800075c       0x5c ./Core/Src/main.o
 .text.MX_SPI2_Init
                0x00000000080007b8       0x6c ./Core/Src/main.o
 .text.MX_TIM1_Init
                0x0000000008000824       0x78 ./Core/Src/main.o
 .text.MX_GPIO_Init
                0x000000000800089c      0x18c ./Core/Src/main.o
 .text.Error_Handler
                0x0000000008000a28        0xa ./Core/Src/main.o
                0x0000000008000a28                Error_Handler
 *fill*         0x0000000008000a32        0x2 
 .text.HAL_MspInit
                0x0000000008000a34       0x64 ./Core/Src/stm32f1xx_hal_msp.o
                0x0000000008000a34                HAL_MspInit
 .text.HAL_ADC_MspInit
                0x0000000008000a98       0x78 ./Core/Src/stm32f1xx_hal_msp.o
                0x0000000008000a98                HAL_ADC_MspInit
 .text.HAL_I2C_MspInit
                0x0000000008000b10       0x7c ./Core/Src/stm32f1xx_hal_msp.o
                0x0000000008000b10                HAL_I2C_MspInit
 .text.HAL_SPI_MspInit
                0x0000000008000b8c       0x98 ./Core/Src/stm32f1xx_hal_msp.o
                0x0000000008000b8c                HAL_SPI_MspInit
 .text.HAL_TIM_OnePulse_MspInit
                0x0000000008000c24       0x3c ./Core/Src/stm32f1xx_hal_msp.o
                0x0000000008000c24                HAL_TIM_OnePulse_MspInit
 .text.NMI_Handler
                0x0000000008000c60        0x6 ./Core/Src/stm32f1xx_it.o
                0x0000000008000c60                NMI_Handler
 .text.HardFault_Handler
                0x0000000008000c66        0x6 ./Core/Src/stm32f1xx_it.o
                0x0000000008000c66                HardFault_Handler
 .text.MemManage_Handler
                0x0000000008000c6c        0x6 ./Core/Src/stm32f1xx_it.o
                0x0000000008000c6c                MemManage_Handler
 .text.BusFault_Handler
                0x0000000008000c72        0x6 ./Core/Src/stm32f1xx_it.o
                0x0000000008000c72                BusFault_Handler
 .text.UsageFault_Handler
                0x0000000008000c78        0x6 ./Core/Src/stm32f1xx_it.o
                0x0000000008000c78                UsageFault_Handler
 .text.SVC_Handler
                0x0000000008000c7e        0xc ./Core/Src/stm32f1xx_it.o
                0x0000000008000c7e                SVC_Handler
 .text.DebugMon_Handler
                0x0000000008000c8a        0xc ./Core/Src/stm32f1xx_it.o
                0x0000000008000c8a                DebugMon_Handler
 .text.PendSV_Handler
                0x0000000008000c96        0xc ./Core/Src/stm32f1xx_it.o
                0x0000000008000c96                PendSV_Handler
 .text.SysTick_Handler
                0x0000000008000ca2        0xc ./Core/Src/stm32f1xx_it.o
                0x0000000008000ca2                SysTick_Handler
 .text._getpid  0x0000000008000cae        0xe ./Core/Src/syscalls.o
                0x0000000008000cae                _getpid
 .text._kill    0x0000000008000cbc       0x20 ./Core/Src/syscalls.o
                0x0000000008000cbc                _kill
 .text._exit    0x0000000008000cdc       0x14 ./Core/Src/syscalls.o
                0x0000000008000cdc                _exit
 .text._read    0x0000000008000cf0       0x3a ./Core/Src/syscalls.o
                0x0000000008000cf0                _read
 .text._close   0x0000000008000d2a       0x16 ./Core/Src/syscalls.o
                0x0000000008000d2a                _close
 .text._fstat   0x0000000008000d40       0x1e ./Core/Src/syscalls.o
                0x0000000008000d40                _fstat
 .text._isatty  0x0000000008000d5e       0x14 ./Core/Src/syscalls.o
                0x0000000008000d5e                _isatty
 .text._lseek   0x0000000008000d72       0x18 ./Core/Src/syscalls.o
                0x0000000008000d72                _lseek
 *fill*         0x0000000008000d8a        0x2 
 .text._sbrk    0x0000000008000d8c       0x6c ./Core/Src/sysmem.o
                0x0000000008000d8c                _sbrk
 .text.SystemInit
                0x0000000008000df8        0xc ./Core/Src/system_stm32f1xx.o
                0x0000000008000df8                SystemInit
 .text.ITM_SendChar
                0x0000000008000e04       0x4c ./Core/Src/printf_dbg/itm_dbg.o
 .text.itm_write
                0x0000000008000e50       0x36 ./Core/Src/printf_dbg/itm_dbg.o
                0x0000000008000e50                itm_write
 .text._write   0x0000000008000e86       0x1e ./Core/Src/printf_dbg/printf_dbg.o
                0x0000000008000e86                _write
 .text.print_buffer
                0x0000000008000ea4       0x8c ./Core/Src/printf_dbg/printf_dbg.o
                0x0000000008000ea4                print_buffer
 .text.time_event_set_pending_update
                0x0000000008000f30       0x20 ./Core/Src/time_event/time_event.o
                0x0000000008000f30                time_event_set_pending_update
 .text.time_event_get_pending_update
                0x0000000008000f50       0x18 ./Core/Src/time_event/time_event.o
                0x0000000008000f50                time_event_get_pending_update
 .text.time_events_poll_update
                0x0000000008000f68       0x18 ./Core/Src/time_event/time_irq_update.o
                0x0000000008000f68                time_events_poll_update
 .text.Reset_Handler
                0x0000000008000f80       0x48 ./Core/Startup/startup_stm32f103r8tx.o
                0x0000000008000f80                Reset_Handler
 .text.Default_Handler
                0x0000000008000fc8        0x2 ./Core/Startup/startup_stm32f103r8tx.o
                0x0000000008000fc8                RTC_Alarm_IRQHandler
                0x0000000008000fc8                EXTI2_IRQHandler
                0x0000000008000fc8                TIM1_CC_IRQHandler
                0x0000000008000fc8                PVD_IRQHandler
                0x0000000008000fc8                EXTI3_IRQHandler
                0x0000000008000fc8                EXTI0_IRQHandler
                0x0000000008000fc8                I2C2_EV_IRQHandler
                0x0000000008000fc8                ADC1_2_IRQHandler
                0x0000000008000fc8                SPI1_IRQHandler
                0x0000000008000fc8                TAMPER_IRQHandler
                0x0000000008000fc8                DMA1_Channel4_IRQHandler
                0x0000000008000fc8                USART3_IRQHandler
                0x0000000008000fc8                RTC_IRQHandler
                0x0000000008000fc8                DMA1_Channel7_IRQHandler
                0x0000000008000fc8                CAN1_RX1_IRQHandler
                0x0000000008000fc8                TIM4_IRQHandler
                0x0000000008000fc8                I2C1_EV_IRQHandler
                0x0000000008000fc8                DMA1_Channel6_IRQHandler
                0x0000000008000fc8                TIM3_IRQHandler
                0x0000000008000fc8                RCC_IRQHandler
                0x0000000008000fc8                TIM1_TRG_COM_IRQHandler
                0x0000000008000fc8                DMA1_Channel1_IRQHandler
                0x0000000008000fc8                Default_Handler
                0x0000000008000fc8                EXTI15_10_IRQHandler
                0x0000000008000fc8                EXTI9_5_IRQHandler
                0x0000000008000fc8                SPI2_IRQHandler
                0x0000000008000fc8                DMA1_Channel5_IRQHandler
                0x0000000008000fc8                EXTI4_IRQHandler
                0x0000000008000fc8                USB_LP_CAN1_RX0_IRQHandler
                0x0000000008000fc8                USB_HP_CAN1_TX_IRQHandler
                0x0000000008000fc8                DMA1_Channel3_IRQHandler
                0x0000000008000fc8                TIM1_UP_IRQHandler
                0x0000000008000fc8                WWDG_IRQHandler
                0x0000000008000fc8                TIM2_IRQHandler
                0x0000000008000fc8                TIM1_BRK_IRQHandler
                0x0000000008000fc8                EXTI1_IRQHandler
                0x0000000008000fc8                USART2_IRQHandler
                0x0000000008000fc8                I2C2_ER_IRQHandler
                0x0000000008000fc8                DMA1_Channel2_IRQHandler
                0x0000000008000fc8                CAN1_SCE_IRQHandler
                0x0000000008000fc8                FLASH_IRQHandler
                0x0000000008000fc8                USART1_IRQHandler
                0x0000000008000fc8                I2C1_ER_IRQHandler
                0x0000000008000fc8                USBWakeUp_IRQHandler
 *fill*         0x0000000008000fca        0x2 
 .text.HAL_Init
                0x0000000008000fcc       0x2c ./Drivers/STM32F1xx_HAL_Driver/Src/stm32f1xx_hal.o
                0x0000000008000fcc                HAL_Init
 .text.HAL_InitTick
                0x0000000008000ff8       0x60 ./Drivers/STM32F1xx_HAL_Driver/Src/stm32f1xx_hal.o
                0x0000000008000ff8                HAL_InitTick
 .text.HAL_IncTick
                0x0000000008001058       0x24 ./Drivers/STM32F1xx_HAL_Driver/Src/stm32f1xx_hal.o
                0x0000000008001058                HAL_IncTick
 .text.HAL_GetTick
                0x000000000800107c       0x14 ./Drivers/STM32F1xx_HAL_Driver/Src/stm32f1xx_hal.o
                0x000000000800107c                HAL_GetTick
 .text.HAL_ADC_Init
                0x0000000008001090      0x1b0 ./Drivers/STM32F1xx_HAL_Driver/Src/stm32f1xx_hal_adc.o
                0x0000000008001090                HAL_ADC_Init
 .text.HAL_ADC_ConfigChannel
                0x0000000008001240      0x1f0 ./Drivers/STM32F1xx_HAL_Driver/Src/stm32f1xx_hal_adc.o
                0x0000000008001240                HAL_ADC_ConfigChannel
 .text.ADC_ConversionStop_Disable
                0x0000000008001430       0x82 ./Drivers/STM32F1xx_HAL_Driver/Src/stm32f1xx_hal_adc.o
                0x0000000008001430                ADC_ConversionStop_Disable
 *fill*         0x00000000080014b2        0x2 
 .text.__NVIC_SetPriorityGrouping
                0x00000000080014b4       0x48 ./Drivers/STM32F1xx_HAL_Driver/Src/stm32f1xx_hal_cortex.o
 .text.__NVIC_GetPriorityGrouping
                0x00000000080014fc       0x1c ./Drivers/STM32F1xx_HAL_Driver/Src/stm32f1xx_hal_cortex.o
 .text.__NVIC_SetPriority
                0x0000000008001518       0x54 ./Drivers/STM32F1xx_HAL_Driver/Src/stm32f1xx_hal_cortex.o
 .text.NVIC_EncodePriority
                0x000000000800156c       0x64 ./Drivers/STM32F1xx_HAL_Driver/Src/stm32f1xx_hal_cortex.o
 .text.SysTick_Config
                0x00000000080015d0       0x44 ./Drivers/STM32F1xx_HAL_Driver/Src/stm32f1xx_hal_cortex.o
 .text.HAL_NVIC_SetPriorityGrouping
                0x0000000008001614       0x16 ./Drivers/STM32F1xx_HAL_Driver/Src/stm32f1xx_hal_cortex.o
                0x0000000008001614                HAL_NVIC_SetPriorityGrouping
 .text.HAL_NVIC_SetPriority
                0x000000000800162a       0x38 ./Drivers/STM32F1xx_HAL_Driver/Src/stm32f1xx_hal_cortex.o
                0x000000000800162a                HAL_NVIC_SetPriority
 .text.HAL_SYSTICK_Config
                0x0000000008001662       0x18 ./Drivers/STM32F1xx_HAL_Driver/Src/stm32f1xx_hal_cortex.o
                0x0000000008001662                HAL_SYSTICK_Config
 *fill*         0x000000000800167a        0x2 
 .text.HAL_GPIO_Init
                0x000000000800167c      0x308 ./Drivers/STM32F1xx_HAL_Driver/Src/stm32f1xx_hal_gpio.o
                0x000000000800167c                HAL_GPIO_Init
 .text.HAL_GPIO_WritePin
                0x0000000008001984       0x30 ./Drivers/STM32F1xx_HAL_Driver/Src/stm32f1xx_hal_gpio.o
                0x0000000008001984                HAL_GPIO_WritePin
 .text.HAL_I2C_Init
                0x00000000080019b4      0x288 ./Drivers/STM32F1xx_HAL_Driver/Src/stm32f1xx_hal_i2c.o
                0x00000000080019b4                HAL_I2C_Init
 .text.HAL_RCC_OscConfig
                0x0000000008001c3c      0x504 ./Drivers/STM32F1xx_HAL_Driver/Src/stm32f1xx_hal_rcc.o
                0x0000000008001c3c                HAL_RCC_OscConfig
 .text.HAL_RCC_ClockConfig
                0x0000000008002140      0x1d4 ./Drivers/STM32F1xx_HAL_Driver/Src/stm32f1xx_hal_rcc.o
                0x0000000008002140                HAL_RCC_ClockConfig
 .text.HAL_RCC_GetSysClockFreq
                0x0000000008002314       0xbc ./Drivers/STM32F1xx_HAL_Driver/Src/stm32f1xx_hal_rcc.o
                0x0000000008002314                HAL_RCC_GetSysClockFreq
 .text.HAL_RCC_GetHCLKFreq
                0x00000000080023d0       0x14 ./Drivers/STM32F1xx_HAL_Driver/Src/stm32f1xx_hal_rcc.o
                0x00000000080023d0                HAL_RCC_GetHCLKFreq
 .text.HAL_RCC_GetPCLK1Freq
                0x00000000080023e4       0x28 ./Drivers/STM32F1xx_HAL_Driver/Src/stm32f1xx_hal_rcc.o
                0x00000000080023e4                HAL_RCC_GetPCLK1Freq
 .text.RCC_Delay
                0x000000000800240c       0x3c ./Drivers/STM32F1xx_HAL_Driver/Src/stm32f1xx_hal_rcc.o
 .text.HAL_RCCEx_PeriphCLKConfig
                0x0000000008002448      0x16c ./Drivers/STM32F1xx_HAL_Driver/Src/stm32f1xx_hal_rcc_ex.o
                0x0000000008002448                HAL_RCCEx_PeriphCLKConfig
 .text.HAL_SPI_Init
                0x00000000080025b4      0x108 ./Drivers/STM32F1xx_HAL_Driver/Src/stm32f1xx_hal_spi.o
                0x00000000080025b4                HAL_SPI_Init
 .text.HAL_TIM_OnePulse_Init
                0x00000000080026bc       0xa0 ./Drivers/STM32F1xx_HAL_Driver/Src/stm32f1xx_hal_tim.o
                0x00000000080026bc                HAL_TIM_OnePulse_Init
 .text.TIM_Base_SetConfig
                0x000000000800275c       0xc4 ./Drivers/STM32F1xx_HAL_Driver/Src/stm32f1xx_hal_tim.o
                0x000000000800275c                TIM_Base_SetConfig
 .text.HAL_TIMEx_MasterConfigSynchronization
                0x0000000008002820       0xbc ./Drivers/STM32F1xx_HAL_Driver/Src/stm32f1xx_hal_tim_ex.o
                0x0000000008002820                HAL_TIMEx_MasterConfigSynchronization
 .text.__assert_func
                0x00000000080028dc       0x3c c:/st/stm32cubeide_1.9.0/stm32cubeide/plugins/com.st.stm32cube.ide.mcu.externaltools.gnu-tools-for-stm32.10.3-2021.10.win32_1.0.0.202111181127/tools/bin/../lib/gcc/arm-none-eabi/10.3.1/../../../../arm-none-eabi/lib/thumb/v7-m/nofp\libc_nano.a(lib_a-assert.o)
                0x00000000080028dc                __assert_func
 .text.__errno  0x0000000008002918        0xc c:/st/stm32cubeide_1.9.0/stm32cubeide/plugins/com.st.stm32cube.ide.mcu.externaltools.gnu-tools-for-stm32.10.3-2021.10.win32_1.0.0.202111181127/tools/bin/../lib/gcc/arm-none-eabi/10.3.1/../../../../arm-none-eabi/lib/thumb/v7-m/nofp\libc_nano.a(lib_a-errno.o)
                0x0000000008002918                __errno
 .text.fprintf  0x0000000008002924       0x24 c:/st/stm32cubeide_1.9.0/stm32cubeide/plugins/com.st.stm32cube.ide.mcu.externaltools.gnu-tools-for-stm32.10.3-2021.10.win32_1.0.0.202111181127/tools/bin/../lib/gcc/arm-none-eabi/10.3.1/../../../../arm-none-eabi/lib/thumb/v7-m/nofp\libc_nano.a(lib_a-fprintf.o)
                0x0000000008002924                fiprintf
                0x0000000008002924                fprintf
 .text.__libc_init_array
                0x0000000008002948       0x48 c:/st/stm32cubeide_1.9.0/stm32cubeide/plugins/com.st.stm32cube.ide.mcu.externaltools.gnu-tools-for-stm32.10.3-2021.10.win32_1.0.0.202111181127/tools/bin/../lib/gcc/arm-none-eabi/10.3.1/../../../../arm-none-eabi/lib/thumb/v7-m/nofp\libc_nano.a(lib_a-init.o)
                0x0000000008002948                __libc_init_array
 .text.malloc   0x0000000008002990       0x10 c:/st/stm32cubeide_1.9.0/stm32cubeide/plugins/com.st.stm32cube.ide.mcu.externaltools.gnu-tools-for-stm32.10.3-2021.10.win32_1.0.0.202111181127/tools/bin/../lib/gcc/arm-none-eabi/10.3.1/../../../../arm-none-eabi/lib/thumb/v7-m/nofp\libc_nano.a(lib_a-malloc.o)
                0x0000000008002990                malloc
 .text.memset   0x00000000080029a0       0x10 c:/st/stm32cubeide_1.9.0/stm32cubeide/plugins/com.st.stm32cube.ide.mcu.externaltools.gnu-tools-for-stm32.10.3-2021.10.win32_1.0.0.202111181127/tools/bin/../lib/gcc/arm-none-eabi/10.3.1/../../../../arm-none-eabi/lib/thumb/v7-m/nofp\libc_nano.a(lib_a-memset.o)
                0x00000000080029a0                memset
 .text._free_r  0x00000000080029b0       0x90 c:/st/stm32cubeide_1.9.0/stm32cubeide/plugins/com.st.stm32cube.ide.mcu.externaltools.gnu-tools-for-stm32.10.3-2021.10.win32_1.0.0.202111181127/tools/bin/../lib/gcc/arm-none-eabi/10.3.1/../../../../arm-none-eabi/lib/thumb/v7-m/nofp\libc_nano.a(lib_a-nano-freer.o)
                0x00000000080029b0                _free_r
 .text.sbrk_aligned
                0x0000000008002a40       0x40 c:/st/stm32cubeide_1.9.0/stm32cubeide/plugins/com.st.stm32cube.ide.mcu.externaltools.gnu-tools-for-stm32.10.3-2021.10.win32_1.0.0.202111181127/tools/bin/../lib/gcc/arm-none-eabi/10.3.1/../../../../arm-none-eabi/lib/thumb/v7-m/nofp\libc_nano.a(lib_a-nano-mallocr.o)
 .text._malloc_r
                0x0000000008002a80       0xe8 c:/st/stm32cubeide_1.9.0/stm32cubeide/plugins/com.st.stm32cube.ide.mcu.externaltools.gnu-tools-for-stm32.10.3-2021.10.win32_1.0.0.202111181127/tools/bin/../lib/gcc/arm-none-eabi/10.3.1/../../../../arm-none-eabi/lib/thumb/v7-m/nofp\libc_nano.a(lib_a-nano-mallocr.o)
                0x0000000008002a80                _malloc_r
 .text.__sfputc_r
                0x0000000008002b68       0x2a c:/st/stm32cubeide_1.9.0/stm32cubeide/plugins/com.st.stm32cube.ide.mcu.externaltools.gnu-tools-for-stm32.10.3-2021.10.win32_1.0.0.202111181127/tools/bin/../lib/gcc/arm-none-eabi/10.3.1/../../../../arm-none-eabi/lib/thumb/v7-m/nofp\libc_nano.a(lib_a-nano-vfprintf.o)
 .text.__sfputs_r
                0x0000000008002b92       0x24 c:/st/stm32cubeide_1.9.0/stm32cubeide/plugins/com.st.stm32cube.ide.mcu.externaltools.gnu-tools-for-stm32.10.3-2021.10.win32_1.0.0.202111181127/tools/bin/../lib/gcc/arm-none-eabi/10.3.1/../../../../arm-none-eabi/lib/thumb/v7-m/nofp\libc_nano.a(lib_a-nano-vfprintf.o)
                0x0000000008002b92                __sfputs_r
 *fill*         0x0000000008002bb6        0x2 
 .text._vfprintf_r
                0x0000000008002bb8      0x260 c:/st/stm32cubeide_1.9.0/stm32cubeide/plugins/com.st.stm32cube.ide.mcu.externaltools.gnu-tools-for-stm32.10.3-2021.10.win32_1.0.0.202111181127/tools/bin/../lib/gcc/arm-none-eabi/10.3.1/../../../../arm-none-eabi/lib/thumb/v7-m/nofp\libc_nano.a(lib_a-nano-vfprintf.o)
                0x0000000008002bb8                _vfprintf_r
                0x0000000008002bb8                _vfiprintf_r
 .text._printf_common
                0x0000000008002e18       0xde c:/st/stm32cubeide_1.9.0/stm32cubeide/plugins/com.st.stm32cube.ide.mcu.externaltools.gnu-tools-for-stm32.10.3-2021.10.win32_1.0.0.202111181127/tools/bin/../lib/gcc/arm-none-eabi/10.3.1/../../../../arm-none-eabi/lib/thumb/v7-m/nofp\libc_nano.a(lib_a-nano-vfprintf_i.o)
                0x0000000008002e18                _printf_common
 *fill*         0x0000000008002ef6        0x2 
 .text._printf_i
                0x0000000008002ef8      0x24c c:/st/stm32cubeide_1.9.0/stm32cubeide/plugins/com.st.stm32cube.ide.mcu.externaltools.gnu-tools-for-stm32.10.3-2021.10.win32_1.0.0.202111181127/tools/bin/../lib/gcc/arm-none-eabi/10.3.1/../../../../arm-none-eabi/lib/thumb/v7-m/nofp\libc_nano.a(lib_a-nano-vfprintf_i.o)
                0x0000000008002ef8                _printf_i
 .text.printf   0x0000000008003144       0x30 c:/st/stm32cubeide_1.9.0/stm32cubeide/plugins/com.st.stm32cube.ide.mcu.externaltools.gnu-tools-for-stm32.10.3-2021.10.win32_1.0.0.202111181127/tools/bin/../lib/gcc/arm-none-eabi/10.3.1/../../../../arm-none-eabi/lib/thumb/v7-m/nofp\libc_nano.a(lib_a-printf.o)
                0x0000000008003144                iprintf
                0x0000000008003144                printf
 .text._puts_r  0x0000000008003174       0xdc c:/st/stm32cubeide_1.9.0/stm32cubeide/plugins/com.st.stm32cube.ide.mcu.externaltools.gnu-tools-for-stm32.10.3-2021.10.win32_1.0.0.202111181127/tools/bin/../lib/gcc/arm-none-eabi/10.3.1/../../../../arm-none-eabi/lib/thumb/v7-m/nofp\libc_nano.a(lib_a-puts.o)
                0x0000000008003174                _puts_r
 .text.puts     0x0000000008003250       0x10 c:/st/stm32cubeide_1.9.0/stm32cubeide/plugins/com.st.stm32cube.ide.mcu.externaltools.gnu-tools-for-stm32.10.3-2021.10.win32_1.0.0.202111181127/tools/bin/../lib/gcc/arm-none-eabi/10.3.1/../../../../arm-none-eabi/lib/thumb/v7-m/nofp\libc_nano.a(lib_a-puts.o)
                0x0000000008003250                puts
 .text._sbrk_r  0x0000000008003260       0x20 c:/st/stm32cubeide_1.9.0/stm32cubeide/plugins/com.st.stm32cube.ide.mcu.externaltools.gnu-tools-for-stm32.10.3-2021.10.win32_1.0.0.202111181127/tools/bin/../lib/gcc/arm-none-eabi/10.3.1/../../../../arm-none-eabi/lib/thumb/v7-m/nofp\libc_nano.a(lib_a-sbrkr.o)
                0x0000000008003260                _sbrk_r
 .text.__swbuf_r
                0x0000000008003280       0xa4 c:/st/stm32cubeide_1.9.0/stm32cubeide/plugins/com.st.stm32cube.ide.mcu.externaltools.gnu-tools-for-stm32.10.3-2021.10.win32_1.0.0.202111181127/tools/bin/../lib/gcc/arm-none-eabi/10.3.1/../../../../arm-none-eabi/lib/thumb/v7-m/nofp\libc_nano.a(lib_a-wbuf.o)
                0x0000000008003280                __swbuf_r
 .text.__swsetup_r
                0x0000000008003324       0xdc c:/st/stm32cubeide_1.9.0/stm32cubeide/plugins/com.st.stm32cube.ide.mcu.externaltools.gnu-tools-for-stm32.10.3-2021.10.win32_1.0.0.202111181127/tools/bin/../lib/gcc/arm-none-eabi/10.3.1/../../../../arm-none-eabi/lib/thumb/v7-m/nofp\libc_nano.a(lib_a-wsetup.o)
                0x0000000008003324                __swsetup_r
 .text.abort    0x0000000008003400        0xe c:/st/stm32cubeide_1.9.0/stm32cubeide/plugins/com.st.stm32cube.ide.mcu.externaltools.gnu-tools-for-stm32.10.3-2021.10.win32_1.0.0.202111181127/tools/bin/../lib/gcc/arm-none-eabi/10.3.1/../../../../arm-none-eabi/lib/thumb/v7-m/nofp\libc_nano.a(lib_a-abort.o)
                0x0000000008003400                abort
 *fill*         0x000000000800340e        0x2 
 .text.__sflush_r
                0x0000000008003410      0x104 c:/st/stm32cubeide_1.9.0/stm32cubeide/plugins/com.st.stm32cube.ide.mcu.externaltools.gnu-tools-for-stm32.10.3-2021.10.win32_1.0.0.202111181127/tools/bin/../lib/gcc/arm-none-eabi/10.3.1/../../../../arm-none-eabi/lib/thumb/v7-m/nofp\libc_nano.a(lib_a-fflush.o)
                0x0000000008003410                __sflush_r
 .text._fflush_r
                0x0000000008003514       0x78 c:/st/stm32cubeide_1.9.0/stm32cubeide/plugins/com.st.stm32cube.ide.mcu.externaltools.gnu-tools-for-stm32.10.3-2021.10.win32_1.0.0.202111181127/tools/bin/../lib/gcc/arm-none-eabi/10.3.1/../../../../arm-none-eabi/lib/thumb/v7-m/nofp\libc_nano.a(lib_a-fflush.o)
                0x0000000008003514                _fflush_r
 .text.std      0x000000000800358c       0x48 c:/st/stm32cubeide_1.9.0/stm32cubeide/plugins/com.st.stm32cube.ide.mcu.externaltools.gnu-tools-for-stm32.10.3-2021.10.win32_1.0.0.202111181127/tools/bin/../lib/gcc/arm-none-eabi/10.3.1/../../../../arm-none-eabi/lib/thumb/v7-m/nofp\libc_nano.a(lib_a-findfp.o)
 .text._cleanup_r
                0x00000000080035d4        0xc c:/st/stm32cubeide_1.9.0/stm32cubeide/plugins/com.st.stm32cube.ide.mcu.externaltools.gnu-tools-for-stm32.10.3-2021.10.win32_1.0.0.202111181127/tools/bin/../lib/gcc/arm-none-eabi/10.3.1/../../../../arm-none-eabi/lib/thumb/v7-m/nofp\libc_nano.a(lib_a-findfp.o)
                0x00000000080035d4                _cleanup_r
 .text.__sfmoreglue
                0x00000000080035e0       0x2c c:/st/stm32cubeide_1.9.0/stm32cubeide/plugins/com.st.stm32cube.ide.mcu.externaltools.gnu-tools-for-stm32.10.3-2021.10.win32_1.0.0.202111181127/tools/bin/../lib/gcc/arm-none-eabi/10.3.1/../../../../arm-none-eabi/lib/thumb/v7-m/nofp\libc_nano.a(lib_a-findfp.o)
                0x00000000080035e0                __sfmoreglue
 .text.__sfp_lock_acquire
                0x000000000800360c        0xc c:/st/stm32cubeide_1.9.0/stm32cubeide/plugins/com.st.stm32cube.ide.mcu.externaltools.gnu-tools-for-stm32.10.3-2021.10.win32_1.0.0.202111181127/tools/bin/../lib/gcc/arm-none-eabi/10.3.1/../../../../arm-none-eabi/lib/thumb/v7-m/nofp\libc_nano.a(lib_a-findfp.o)
                0x000000000800360c                __sfp_lock_acquire
 .text.__sfp_lock_release
                0x0000000008003618        0xc c:/st/stm32cubeide_1.9.0/stm32cubeide/plugins/com.st.stm32cube.ide.mcu.externaltools.gnu-tools-for-stm32.10.3-2021.10.win32_1.0.0.202111181127/tools/bin/../lib/gcc/arm-none-eabi/10.3.1/../../../../arm-none-eabi/lib/thumb/v7-m/nofp\libc_nano.a(lib_a-findfp.o)
                0x0000000008003618                __sfp_lock_release
 .text.__sinit_lock_acquire
                0x0000000008003624        0xc c:/st/stm32cubeide_1.9.0/stm32cubeide/plugins/com.st.stm32cube.ide.mcu.externaltools.gnu-tools-for-stm32.10.3-2021.10.win32_1.0.0.202111181127/tools/bin/../lib/gcc/arm-none-eabi/10.3.1/../../../../arm-none-eabi/lib/thumb/v7-m/nofp\libc_nano.a(lib_a-findfp.o)
                0x0000000008003624                __sinit_lock_acquire
 .text.__sinit_lock_release
                0x0000000008003630        0xc c:/st/stm32cubeide_1.9.0/stm32cubeide/plugins/com.st.stm32cube.ide.mcu.externaltools.gnu-tools-for-stm32.10.3-2021.10.win32_1.0.0.202111181127/tools/bin/../lib/gcc/arm-none-eabi/10.3.1/../../../../arm-none-eabi/lib/thumb/v7-m/nofp\libc_nano.a(lib_a-findfp.o)
                0x0000000008003630                __sinit_lock_release
 .text.__sinit  0x000000000800363c       0x70 c:/st/stm32cubeide_1.9.0/stm32cubeide/plugins/com.st.stm32cube.ide.mcu.externaltools.gnu-tools-for-stm32.10.3-2021.10.win32_1.0.0.202111181127/tools/bin/../lib/gcc/arm-none-eabi/10.3.1/../../../../arm-none-eabi/lib/thumb/v7-m/nofp\libc_nano.a(lib_a-findfp.o)
                0x000000000800363c                __sinit
 .text.__sfp    0x00000000080036ac       0x8c c:/st/stm32cubeide_1.9.0/stm32cubeide/plugins/com.st.stm32cube.ide.mcu.externaltools.gnu-tools-for-stm32.10.3-2021.10.win32_1.0.0.202111181127/tools/bin/../lib/gcc/arm-none-eabi/10.3.1/../../../../arm-none-eabi/lib/thumb/v7-m/nofp\libc_nano.a(lib_a-findfp.o)
                0x00000000080036ac                __sfp
 .text._fwalk_reent
                0x0000000008003738       0x3e c:/st/stm32cubeide_1.9.0/stm32cubeide/plugins/com.st.stm32cube.ide.mcu.externaltools.gnu-tools-for-stm32.10.3-2021.10.win32_1.0.0.202111181127/tools/bin/../lib/gcc/arm-none-eabi/10.3.1/../../../../arm-none-eabi/lib/thumb/v7-m/nofp\libc_nano.a(lib_a-fwalk.o)
                0x0000000008003738                _fwalk_reent
 .text.__retarget_lock_init_recursive
                0x0000000008003776        0x2 c:/st/stm32cubeide_1.9.0/stm32cubeide/plugins/com.st.stm32cube.ide.mcu.externaltools.gnu-tools-for-stm32.10.3-2021.10.win32_1.0.0.202111181127/tools/bin/../lib/gcc/arm-none-eabi/10.3.1/../../../../arm-none-eabi/lib/thumb/v7-m/nofp\libc_nano.a(lib_a-lock.o)
                0x0000000008003776                __retarget_lock_init_recursive
 .text.__retarget_lock_acquire_recursive
                0x0000000008003778        0x2 c:/st/stm32cubeide_1.9.0/stm32cubeide/plugins/com.st.stm32cube.ide.mcu.externaltools.gnu-tools-for-stm32.10.3-2021.10.win32_1.0.0.202111181127/tools/bin/../lib/gcc/arm-none-eabi/10.3.1/../../../../arm-none-eabi/lib/thumb/v7-m/nofp\libc_nano.a(lib_a-lock.o)
                0x0000000008003778                __retarget_lock_acquire_recursive
 .text.__retarget_lock_release_recursive
                0x000000000800377a        0x2 c:/st/stm32cubeide_1.9.0/stm32cubeide/plugins/com.st.stm32cube.ide.mcu.externaltools.gnu-tools-for-stm32.10.3-2021.10.win32_1.0.0.202111181127/tools/bin/../lib/gcc/arm-none-eabi/10.3.1/../../../../arm-none-eabi/lib/thumb/v7-m/nofp\libc_nano.a(lib_a-lock.o)
                0x000000000800377a                __retarget_lock_release_recursive
 .text.__swhatbuf_r
                0x000000000800377c       0x4a c:/st/stm32cubeide_1.9.0/stm32cubeide/plugins/com.st.stm32cube.ide.mcu.externaltools.gnu-tools-for-stm32.10.3-2021.10.win32_1.0.0.202111181127/tools/bin/../lib/gcc/arm-none-eabi/10.3.1/../../../../arm-none-eabi/lib/thumb/v7-m/nofp\libc_nano.a(lib_a-makebuf.o)
                0x000000000800377c                __swhatbuf_r
 *fill*         0x00000000080037c6        0x2 
 .text.__smakebuf_r
                0x00000000080037c8       0x80 c:/st/stm32cubeide_1.9.0/stm32cubeide/plugins/com.st.stm32cube.ide.mcu.externaltools.gnu-tools-for-stm32.10.3-2021.10.win32_1.0.0.202111181127/tools/bin/../lib/gcc/arm-none-eabi/10.3.1/../../../../arm-none-eabi/lib/thumb/v7-m/nofp\libc_nano.a(lib_a-makebuf.o)
                0x00000000080037c8                __smakebuf_r
 .text.memchr   0x0000000008003848       0x1c c:/st/stm32cubeide_1.9.0/stm32cubeide/plugins/com.st.stm32cube.ide.mcu.externaltools.gnu-tools-for-stm32.10.3-2021.10.win32_1.0.0.202111181127/tools/bin/../lib/gcc/arm-none-eabi/10.3.1/../../../../arm-none-eabi/lib/thumb/v7-m/nofp\libc_nano.a(lib_a-memchr-stub.o)
                0x0000000008003848                memchr
 .text.__malloc_lock
                0x0000000008003864        0xc c:/st/stm32cubeide_1.9.0/stm32cubeide/plugins/com.st.stm32cube.ide.mcu.externaltools.gnu-tools-for-stm32.10.3-2021.10.win32_1.0.0.202111181127/tools/bin/../lib/gcc/arm-none-eabi/10.3.1/../../../../arm-none-eabi/lib/thumb/v7-m/nofp\libc_nano.a(lib_a-mlock.o)
                0x0000000008003864                __malloc_lock
 .text.__malloc_unlock
                0x0000000008003870        0xc c:/st/stm32cubeide_1.9.0/stm32cubeide/plugins/com.st.stm32cube.ide.mcu.externaltools.gnu-tools-for-stm32.10.3-2021.10.win32_1.0.0.202111181127/tools/bin/../lib/gcc/arm-none-eabi/10.3.1/../../../../arm-none-eabi/lib/thumb/v7-m/nofp\libc_nano.a(lib_a-mlock.o)
                0x0000000008003870                __malloc_unlock
 .text._raise_r
                0x000000000800387c       0x50 c:/st/stm32cubeide_1.9.0/stm32cubeide/plugins/com.st.stm32cube.ide.mcu.externaltools.gnu-tools-for-stm32.10.3-2021.10.win32_1.0.0.202111181127/tools/bin/../lib/gcc/arm-none-eabi/10.3.1/../../../../arm-none-eabi/lib/thumb/v7-m/nofp\libc_nano.a(lib_a-signal.o)
                0x000000000800387c                _raise_r
 .text.raise    0x00000000080038cc       0x10 c:/st/stm32cubeide_1.9.0/stm32cubeide/plugins/com.st.stm32cube.ide.mcu.externaltools.gnu-tools-for-stm32.10.3-2021.10.win32_1.0.0.202111181127/tools/bin/../lib/gcc/arm-none-eabi/10.3.1/../../../../arm-none-eabi/lib/thumb/v7-m/nofp\libc_nano.a(lib_a-signal.o)
                0x00000000080038cc                raise
 .text._kill_r  0x00000000080038dc       0x24 c:/st/stm32cubeide_1.9.0/stm32cubeide/plugins/com.st.stm32cube.ide.mcu.externaltools.gnu-tools-for-stm32.10.3-2021.10.win32_1.0.0.202111181127/tools/bin/../lib/gcc/arm-none-eabi/10.3.1/../../../../arm-none-eabi/lib/thumb/v7-m/nofp\libc_nano.a(lib_a-signalr.o)
                0x00000000080038dc                _kill_r
 .text._getpid_r
                0x0000000008003900        0x4 c:/st/stm32cubeide_1.9.0/stm32cubeide/plugins/com.st.stm32cube.ide.mcu.externaltools.gnu-tools-for-stm32.10.3-2021.10.win32_1.0.0.202111181127/tools/bin/../lib/gcc/arm-none-eabi/10.3.1/../../../../arm-none-eabi/lib/thumb/v7-m/nofp\libc_nano.a(lib_a-signalr.o)
                0x0000000008003900                _getpid_r
 .text.__sread  0x0000000008003904       0x22 c:/st/stm32cubeide_1.9.0/stm32cubeide/plugins/com.st.stm32cube.ide.mcu.externaltools.gnu-tools-for-stm32.10.3-2021.10.win32_1.0.0.202111181127/tools/bin/../lib/gcc/arm-none-eabi/10.3.1/../../../../arm-none-eabi/lib/thumb/v7-m/nofp\libc_nano.a(lib_a-stdio.o)
                0x0000000008003904                __sread
 .text.__swrite
                0x0000000008003926       0x38 c:/st/stm32cubeide_1.9.0/stm32cubeide/plugins/com.st.stm32cube.ide.mcu.externaltools.gnu-tools-for-stm32.10.3-2021.10.win32_1.0.0.202111181127/tools/bin/../lib/gcc/arm-none-eabi/10.3.1/../../../../arm-none-eabi/lib/thumb/v7-m/nofp\libc_nano.a(lib_a-stdio.o)
                0x0000000008003926                __swrite
 .text.__sseek  0x000000000800395e       0x24 c:/st/stm32cubeide_1.9.0/stm32cubeide/plugins/com.st.stm32cube.ide.mcu.externaltools.gnu-tools-for-stm32.10.3-2021.10.win32_1.0.0.202111181127/tools/bin/../lib/gcc/arm-none-eabi/10.3.1/../../../../arm-none-eabi/lib/thumb/v7-m/nofp\libc_nano.a(lib_a-stdio.o)
                0x000000000800395e                __sseek
 .text.__sclose
                0x0000000008003982        0x8 c:/st/stm32cubeide_1.9.0/stm32cubeide/plugins/com.st.stm32cube.ide.mcu.externaltools.gnu-tools-for-stm32.10.3-2021.10.win32_1.0.0.202111181127/tools/bin/../lib/gcc/arm-none-eabi/10.3.1/../../../../arm-none-eabi/lib/thumb/v7-m/nofp\libc_nano.a(lib_a-stdio.o)
                0x0000000008003982                __sclose
 *fill*         0x000000000800398a        0x2 
 .text._write_r
                0x000000000800398c       0x24 c:/st/stm32cubeide_1.9.0/stm32cubeide/plugins/com.st.stm32cube.ide.mcu.externaltools.gnu-tools-for-stm32.10.3-2021.10.win32_1.0.0.202111181127/tools/bin/../lib/gcc/arm-none-eabi/10.3.1/../../../../arm-none-eabi/lib/thumb/v7-m/nofp\libc_nano.a(lib_a-writer.o)
                0x000000000800398c                _write_r
 .text._close_r
                0x00000000080039b0       0x20 c:/st/stm32cubeide_1.9.0/stm32cubeide/plugins/com.st.stm32cube.ide.mcu.externaltools.gnu-tools-for-stm32.10.3-2021.10.win32_1.0.0.202111181127/tools/bin/../lib/gcc/arm-none-eabi/10.3.1/../../../../arm-none-eabi/lib/thumb/v7-m/nofp\libc_nano.a(lib_a-closer.o)
                0x00000000080039b0                _close_r
 .text._fstat_r
                0x00000000080039d0       0x24 c:/st/stm32cubeide_1.9.0/stm32cubeide/plugins/com.st.stm32cube.ide.mcu.externaltools.gnu-tools-for-stm32.10.3-2021.10.win32_1.0.0.202111181127/tools/bin/../lib/gcc/arm-none-eabi/10.3.1/../../../../arm-none-eabi/lib/thumb/v7-m/nofp\libc_nano.a(lib_a-fstatr.o)
                0x00000000080039d0                _fstat_r
 .text._isatty_r
                0x00000000080039f4       0x20 c:/st/stm32cubeide_1.9.0/stm32cubeide/plugins/com.st.stm32cube.ide.mcu.externaltools.gnu-tools-for-stm32.10.3-2021.10.win32_1.0.0.202111181127/tools/bin/../lib/gcc/arm-none-eabi/10.3.1/../../../../arm-none-eabi/lib/thumb/v7-m/nofp\libc_nano.a(lib_a-isattyr.o)
                0x00000000080039f4                _isatty_r
 .text._lseek_r
                0x0000000008003a14       0x24 c:/st/stm32cubeide_1.9.0/stm32cubeide/plugins/com.st.stm32cube.ide.mcu.externaltools.gnu-tools-for-stm32.10.3-2021.10.win32_1.0.0.202111181127/tools/bin/../lib/gcc/arm-none-eabi/10.3.1/../../../../arm-none-eabi/lib/thumb/v7-m/nofp\libc_nano.a(lib_a-lseekr.o)
                0x0000000008003a14                _lseek_r
 .text._read_r  0x0000000008003a38       0x24 c:/st/stm32cubeide_1.9.0/stm32cubeide/plugins/com.st.stm32cube.ide.mcu.externaltools.gnu-tools-for-stm32.10.3-2021.10.win32_1.0.0.202111181127/tools/bin/../lib/gcc/arm-none-eabi/10.3.1/../../../../arm-none-eabi/lib/thumb/v7-m/nofp\libc_nano.a(lib_a-readr.o)
                0x0000000008003a38                _read_r
 *(.glue_7)
 .glue_7        0x0000000008003a5c        0x0 linker stubs
 *(.glue_7t)
 .glue_7t       0x0000000008003a5c        0x0 linker stubs
 *(.eh_frame)
 .eh_frame      0x0000000008003a5c        0x0 c:/st/stm32cubeide_1.9.0/stm32cubeide/plugins/com.st.stm32cube.ide.mcu.externaltools.gnu-tools-for-stm32.10.3-2021.10.win32_1.0.0.202111181127/tools/bin/../lib/gcc/arm-none-eabi/10.3.1/thumb/v7-m/nofp/crtbegin.o
 *(.init)
 .init          0x0000000008003a5c        0x4 c:/st/stm32cubeide_1.9.0/stm32cubeide/plugins/com.st.stm32cube.ide.mcu.externaltools.gnu-tools-for-stm32.10.3-2021.10.win32_1.0.0.202111181127/tools/bin/../lib/gcc/arm-none-eabi/10.3.1/thumb/v7-m/nofp/crti.o
                0x0000000008003a5c                _init
 .init          0x0000000008003a60        0x8 c:/st/stm32cubeide_1.9.0/stm32cubeide/plugins/com.st.stm32cube.ide.mcu.externaltools.gnu-tools-for-stm32.10.3-2021.10.win32_1.0.0.202111181127/tools/bin/../lib/gcc/arm-none-eabi/10.3.1/thumb/v7-m/nofp/crtn.o
 *(.fini)
 .fini          0x0000000008003a68        0x4 c:/st/stm32cubeide_1.9.0/stm32cubeide/plugins/com.st.stm32cube.ide.mcu.externaltools.gnu-tools-for-stm32.10.3-2021.10.win32_1.0.0.202111181127/tools/bin/../lib/gcc/arm-none-eabi/10.3.1/thumb/v7-m/nofp/crti.o
                0x0000000008003a68                _fini
 .fini          0x0000000008003a6c        0x8 c:/st/stm32cubeide_1.9.0/stm32cubeide/plugins/com.st.stm32cube.ide.mcu.externaltools.gnu-tools-for-stm32.10.3-2021.10.win32_1.0.0.202111181127/tools/bin/../lib/gcc/arm-none-eabi/10.3.1/thumb/v7-m/nofp/crtn.o
                0x0000000008003a74                . = ALIGN (0x4)
                0x0000000008003a74                _etext = .

.vfp11_veneer   0x0000000008003a74        0x0
 .vfp11_veneer  0x0000000008003a74        0x0 linker stubs

.v4_bx          0x0000000008003a74        0x0
 .v4_bx         0x0000000008003a74        0x0 linker stubs

.iplt           0x0000000008003a74        0x0
 .iplt          0x0000000008003a74        0x0 c:/st/stm32cubeide_1.9.0/stm32cubeide/plugins/com.st.stm32cube.ide.mcu.externaltools.gnu-tools-for-stm32.10.3-2021.10.win32_1.0.0.202111181127/tools/bin/../lib/gcc/arm-none-eabi/10.3.1/thumb/v7-m/nofp/crtbegin.o

.rodata         0x0000000008003a74      0x2d0
                0x0000000008003a74                . = ALIGN (0x4)
 *(.rodata)
 .rodata        0x0000000008003a74       0x99 ./Core/Src/API/ring_buffer.o
 *fill*         0x0000000008003b0d        0x3 
 .rodata        0x0000000008003b10       0x5e ./Core/Src/event_queue/event_queue.o
 *fill*         0x0000000008003b6e        0x2 
 .rodata        0x0000000008003b70       0x5e ./Core/Src/printf_dbg/printf_dbg.o
 *fill*         0x0000000008003bce        0x2 
 .rodata        0x0000000008003bd0       0x10 ./Drivers/STM32F1xx_HAL_Driver/Src/stm32f1xx_hal_rcc.o
 *(.rodata*)
 .rodata.__func__.13
                0x0000000008003be0       0x11 ./Core/Src/API/ring_buffer.o
 *fill*         0x0000000008003bf1        0x3 
 .rodata.__func__.12
                0x0000000008003bf4       0x15 ./Core/Src/API/ring_buffer.o
 *fill*         0x0000000008003c09        0x3 
 .rodata.__func__.10
                0x0000000008003c0c       0x11 ./Core/Src/API/ring_buffer.o
 *fill*         0x0000000008003c1d        0x3 
 .rodata.__func__.8
                0x0000000008003c20       0x12 ./Core/Src/API/ring_buffer.o
 *fill*         0x0000000008003c32        0x2 
 .rodata.__func__.3
                0x0000000008003c34       0x10 ./Core/Src/API/ring_buffer.o
 .rodata.__func__.1
                0x0000000008003c44       0x11 ./Core/Src/API/ring_buffer.o
 *fill*         0x0000000008003c55        0x3 
 .rodata.AHBPrescTable
                0x0000000008003c58       0x10 ./Core/Src/system_stm32f1xx.o
                0x0000000008003c58                AHBPrescTable
 .rodata.APBPrescTable
                0x0000000008003c68        0x8 ./Core/Src/system_stm32f1xx.o
                0x0000000008003c68                APBPrescTable
 .rodata.__assert_func.str1.1
                0x0000000008003c70       0x3c c:/st/stm32cubeide_1.9.0/stm32cubeide/plugins/com.st.stm32cube.ide.mcu.externaltools.gnu-tools-for-stm32.10.3-2021.10.win32_1.0.0.202111181127/tools/bin/../lib/gcc/arm-none-eabi/10.3.1/../../../../arm-none-eabi/lib/thumb/v7-m/nofp\libc_nano.a(lib_a-assert.o)
                                         0x3d (size before relaxing)
 .rodata._global_impure_ptr
                0x0000000008003cac        0x4 c:/st/stm32cubeide_1.9.0/stm32cubeide/plugins/com.st.stm32cube.ide.mcu.externaltools.gnu-tools-for-stm32.10.3-2021.10.win32_1.0.0.202111181127/tools/bin/../lib/gcc/arm-none-eabi/10.3.1/../../../../arm-none-eabi/lib/thumb/v7-m/nofp\libc_nano.a(lib_a-impure.o)
                0x0000000008003cac                _global_impure_ptr
 .rodata._vfprintf_r.str1.1
                0x0000000008003cb0       0x11 c:/st/stm32cubeide_1.9.0/stm32cubeide/plugins/com.st.stm32cube.ide.mcu.externaltools.gnu-tools-for-stm32.10.3-2021.10.win32_1.0.0.202111181127/tools/bin/../lib/gcc/arm-none-eabi/10.3.1/../../../../arm-none-eabi/lib/thumb/v7-m/nofp\libc_nano.a(lib_a-nano-vfprintf.o)
 .rodata._printf_i.str1.1
                0x0000000008003cc1       0x22 c:/st/stm32cubeide_1.9.0/stm32cubeide/plugins/com.st.stm32cube.ide.mcu.externaltools.gnu-tools-for-stm32.10.3-2021.10.win32_1.0.0.202111181127/tools/bin/../lib/gcc/arm-none-eabi/10.3.1/../../../../arm-none-eabi/lib/thumb/v7-m/nofp\libc_nano.a(lib_a-nano-vfprintf_i.o)
 *fill*         0x0000000008003ce3        0x1 
 .rodata.__sf_fake_stderr
                0x0000000008003ce4       0x20 c:/st/stm32cubeide_1.9.0/stm32cubeide/plugins/com.st.stm32cube.ide.mcu.externaltools.gnu-tools-for-stm32.10.3-2021.10.win32_1.0.0.202111181127/tools/bin/../lib/gcc/arm-none-eabi/10.3.1/../../../../arm-none-eabi/lib/thumb/v7-m/nofp\libc_nano.a(lib_a-findfp.o)
                0x0000000008003ce4                __sf_fake_stderr
 .rodata.__sf_fake_stdin
                0x0000000008003d04       0x20 c:/st/stm32cubeide_1.9.0/stm32cubeide/plugins/com.st.stm32cube.ide.mcu.externaltools.gnu-tools-for-stm32.10.3-2021.10.win32_1.0.0.202111181127/tools/bin/../lib/gcc/arm-none-eabi/10.3.1/../../../../arm-none-eabi/lib/thumb/v7-m/nofp\libc_nano.a(lib_a-findfp.o)
                0x0000000008003d04                __sf_fake_stdin
 .rodata.__sf_fake_stdout
                0x0000000008003d24       0x20 c:/st/stm32cubeide_1.9.0/stm32cubeide/plugins/com.st.stm32cube.ide.mcu.externaltools.gnu-tools-for-stm32.10.3-2021.10.win32_1.0.0.202111181127/tools/bin/../lib/gcc/arm-none-eabi/10.3.1/../../../../arm-none-eabi/lib/thumb/v7-m/nofp\libc_nano.a(lib_a-findfp.o)
                0x0000000008003d24                __sf_fake_stdout
                0x0000000008003d44                . = ALIGN (0x4)

.rel.dyn        0x0000000008003d44        0x0
 .rel.iplt      0x0000000008003d44        0x0 c:/st/stm32cubeide_1.9.0/stm32cubeide/plugins/com.st.stm32cube.ide.mcu.externaltools.gnu-tools-for-stm32.10.3-2021.10.win32_1.0.0.202111181127/tools/bin/../lib/gcc/arm-none-eabi/10.3.1/thumb/v7-m/nofp/crtbegin.o

.ARM.extab      0x0000000008003d44        0x0
                0x0000000008003d44                . = ALIGN (0x4)
 *(.ARM.extab* .gnu.linkonce.armextab.*)
                0x0000000008003d44                . = ALIGN (0x4)

.ARM            0x0000000008003d44        0x0
                0x0000000008003d44                . = ALIGN (0x4)
                0x0000000008003d44                __exidx_start = .
 *(.ARM.exidx*)
                0x0000000008003d44                __exidx_end = .
                0x0000000008003d44                . = ALIGN (0x4)

.preinit_array  0x0000000008003d44        0x0
                0x0000000008003d44                . = ALIGN (0x4)
                0x0000000008003d44                PROVIDE (__preinit_array_start = .)
 *(.preinit_array*)
                0x0000000008003d44                PROVIDE (__preinit_array_end = .)
                0x0000000008003d44                . = ALIGN (0x4)

.init_array     0x0000000008003d44        0x4
                0x0000000008003d44                . = ALIGN (0x4)
                0x0000000008003d44                PROVIDE (__init_array_start = .)
 *(SORT_BY_NAME(.init_array.*))
 *(.init_array*)
 .init_array    0x0000000008003d44        0x4 c:/st/stm32cubeide_1.9.0/stm32cubeide/plugins/com.st.stm32cube.ide.mcu.externaltools.gnu-tools-for-stm32.10.3-2021.10.win32_1.0.0.202111181127/tools/bin/../lib/gcc/arm-none-eabi/10.3.1/thumb/v7-m/nofp/crtbegin.o
                0x0000000008003d48                PROVIDE (__init_array_end = .)
                0x0000000008003d48                . = ALIGN (0x4)

.fini_array     0x0000000008003d48        0x4
                0x0000000008003d48                . = ALIGN (0x4)
                [!provide]                        PROVIDE (__fini_array_start = .)
 *(SORT_BY_NAME(.fini_array.*))
 *(.fini_array*)
 .fini_array    0x0000000008003d48        0x4 c:/st/stm32cubeide_1.9.0/stm32cubeide/plugins/com.st.stm32cube.ide.mcu.externaltools.gnu-tools-for-stm32.10.3-2021.10.win32_1.0.0.202111181127/tools/bin/../lib/gcc/arm-none-eabi/10.3.1/thumb/v7-m/nofp/crtbegin.o
                [!provide]                        PROVIDE (__fini_array_end = .)
                0x0000000008003d4c                . = ALIGN (0x4)
                0x0000000008003d4c                _sidata = LOADADDR (.data)

.data           0x0000000020000000       0x90 load address 0x0000000008003d4c
                0x0000000020000000                . = ALIGN (0x4)
                0x0000000020000000                _sdata = .
 *(.data)
 *(.data*)
 .data.SystemCoreClock
                0x0000000020000000        0x4 ./Core/Src/system_stm32f1xx.o
                0x0000000020000000                SystemCoreClock
 .data.str_color
                0x0000000020000004       0x20 ./Core/Src/printf_dbg/printf_dbg.o
                0x0000000020000004                str_color
 .data.uwTickPrio
                0x0000000020000024        0x4 ./Drivers/STM32F1xx_HAL_Driver/Src/stm32f1xx_hal.o
                0x0000000020000024                uwTickPrio
 .data.uwTickFreq
                0x0000000020000028        0x1 ./Drivers/STM32F1xx_HAL_Driver/Src/stm32f1xx_hal.o
                0x0000000020000028                uwTickFreq
 *fill*         0x0000000020000029        0x3 
 .data._impure_ptr
                0x000000002000002c        0x4 c:/st/stm32cubeide_1.9.0/stm32cubeide/plugins/com.st.stm32cube.ide.mcu.externaltools.gnu-tools-for-stm32.10.3-2021.10.win32_1.0.0.202111181127/tools/bin/../lib/gcc/arm-none-eabi/10.3.1/../../../../arm-none-eabi/lib/thumb/v7-m/nofp\libc_nano.a(lib_a-impure.o)
                0x000000002000002c                _impure_ptr
 .data.impure_data
                0x0000000020000030       0x60 c:/st/stm32cubeide_1.9.0/stm32cubeide/plugins/com.st.stm32cube.ide.mcu.externaltools.gnu-tools-for-stm32.10.3-2021.10.win32_1.0.0.202111181127/tools/bin/../lib/gcc/arm-none-eabi/10.3.1/../../../../arm-none-eabi/lib/thumb/v7-m/nofp\libc_nano.a(lib_a-impure.o)
 *(.RamFunc)
 *(.RamFunc*)
                0x0000000020000090                . = ALIGN (0x4)
                0x0000000020000090                _edata = .

.igot.plt       0x0000000020000090        0x0 load address 0x0000000008003ddc
 .igot.plt      0x0000000020000090        0x0 c:/st/stm32cubeide_1.9.0/stm32cubeide/plugins/com.st.stm32cube.ide.mcu.externaltools.gnu-tools-for-stm32.10.3-2021.10.win32_1.0.0.202111181127/tools/bin/../lib/gcc/arm-none-eabi/10.3.1/thumb/v7-m/nofp/crtbegin.o
                0x0000000020000090                . = ALIGN (0x4)

.bss            0x0000000020000090      0x284 load address 0x0000000008003ddc
                0x0000000020000090                _sbss = .
                0x0000000020000090                __bss_start__ = _sbss
 *(.bss)
 .bss           0x0000000020000090       0x1c c:/st/stm32cubeide_1.9.0/stm32cubeide/plugins/com.st.stm32cube.ide.mcu.externaltools.gnu-tools-for-stm32.10.3-2021.10.win32_1.0.0.202111181127/tools/bin/../lib/gcc/arm-none-eabi/10.3.1/thumb/v7-m/nofp/crtbegin.o
 *(.bss*)
 .bss.queue_buffer
                0x00000000200000ac       0xc8 ./Core/Src/FSMs/event_manager.c/evt_mgmt_fsm.o
 .bss.evt_mgmt_fsm
                0x0000000020000174       0x60 ./Core/Src/FSMs/event_manager.c/evt_mgmt_fsm.o
 .bss.hadc1     0x00000000200001d4       0x30 ./Core/Src/main.o
                0x00000000200001d4                hadc1
 .bss.hi2c1     0x0000000020000204       0x54 ./Core/Src/main.o
                0x0000000020000204                hi2c1
 .bss.hspi2     0x0000000020000258       0x58 ./Core/Src/main.o
                0x0000000020000258                hspi2
 .bss.htim1     0x00000000200002b0       0x48 ./Core/Src/main.o
                0x00000000200002b0                htim1
 .bss.__sbrk_heap_end
                0x00000000200002f8        0x4 ./Core/Src/sysmem.o
 .bss.pending_time_update
                0x00000000200002fc        0x1 ./Core/Src/time_event/time_event.o
                0x00000000200002fc                pending_time_update
 *fill*         0x00000000200002fd        0x3 
 .bss.uwTick    0x0000000020000300        0x4 ./Drivers/STM32F1xx_HAL_Driver/Src/stm32f1xx_hal.o
                0x0000000020000300                uwTick
 .bss.__malloc_free_list
                0x0000000020000304        0x4 c:/st/stm32cubeide_1.9.0/stm32cubeide/plugins/com.st.stm32cube.ide.mcu.externaltools.gnu-tools-for-stm32.10.3-2021.10.win32_1.0.0.202111181127/tools/bin/../lib/gcc/arm-none-eabi/10.3.1/../../../../arm-none-eabi/lib/thumb/v7-m/nofp\libc_nano.a(lib_a-nano-mallocr.o)
                0x0000000020000304                __malloc_free_list
 .bss.__malloc_sbrk_start
                0x0000000020000308        0x4 c:/st/stm32cubeide_1.9.0/stm32cubeide/plugins/com.st.stm32cube.ide.mcu.externaltools.gnu-tools-for-stm32.10.3-2021.10.win32_1.0.0.202111181127/tools/bin/../lib/gcc/arm-none-eabi/10.3.1/../../../../arm-none-eabi/lib/thumb/v7-m/nofp\libc_nano.a(lib_a-nano-mallocr.o)
                0x0000000020000308                __malloc_sbrk_start
 .bss.__lock___malloc_recursive_mutex
                0x000000002000030c        0x1 c:/st/stm32cubeide_1.9.0/stm32cubeide/plugins/com.st.stm32cube.ide.mcu.externaltools.gnu-tools-for-stm32.10.3-2021.10.win32_1.0.0.202111181127/tools/bin/../lib/gcc/arm-none-eabi/10.3.1/../../../../arm-none-eabi/lib/thumb/v7-m/nofp\libc_nano.a(lib_a-lock.o)
                0x000000002000030c                __lock___malloc_recursive_mutex
 .bss.__lock___sfp_recursive_mutex
                0x000000002000030d        0x1 c:/st/stm32cubeide_1.9.0/stm32cubeide/plugins/com.st.stm32cube.ide.mcu.externaltools.gnu-tools-for-stm32.10.3-2021.10.win32_1.0.0.202111181127/tools/bin/../lib/gcc/arm-none-eabi/10.3.1/../../../../arm-none-eabi/lib/thumb/v7-m/nofp\libc_nano.a(lib_a-lock.o)
                0x000000002000030d                __lock___sfp_recursive_mutex
 .bss.__lock___sinit_recursive_mutex
                0x000000002000030e        0x1 c:/st/stm32cubeide_1.9.0/stm32cubeide/plugins/com.st.stm32cube.ide.mcu.externaltools.gnu-tools-for-stm32.10.3-2021.10.win32_1.0.0.202111181127/tools/bin/../lib/gcc/arm-none-eabi/10.3.1/../../../../arm-none-eabi/lib/thumb/v7-m/nofp\libc_nano.a(lib_a-lock.o)
                0x000000002000030e                __lock___sinit_recursive_mutex
 *fill*         0x000000002000030f        0x1 
 .bss.errno     0x0000000020000310        0x4 c:/st/stm32cubeide_1.9.0/stm32cubeide/plugins/com.st.stm32cube.ide.mcu.externaltools.gnu-tools-for-stm32.10.3-2021.10.win32_1.0.0.202111181127/tools/bin/../lib/gcc/arm-none-eabi/10.3.1/../../../../arm-none-eabi/lib/thumb/v7-m/nofp\libc_nano.a(lib_a-reent.o)
                0x0000000020000310                errno
 *(COMMON)
                0x0000000020000314                . = ALIGN (0x4)
                0x0000000020000314                _ebss = .
                0x0000000020000314                __bss_end__ = _ebss

._user_heap_stack
                0x0000000020000314      0x604 load address 0x0000000008003ddc
                0x0000000020000318                . = ALIGN (0x8)
 *fill*         0x0000000020000314        0x4 
                [!provide]                        PROVIDE (end = .)
                0x0000000020000318                PROVIDE (_end = .)
                0x0000000020000518                . = (. + _Min_Heap_Size)
 *fill*         0x0000000020000318      0x200 
                0x0000000020000918                . = (. + _Min_Stack_Size)
 *fill*         0x0000000020000518      0x400 
                0x0000000020000918                . = ALIGN (0x8)

/DISCARD/
 libc.a(*)
 libm.a(*)
 libgcc.a(*)

.ARM.attributes
                0x0000000000000000       0x29
 *(.ARM.attributes)
 .ARM.attributes
                0x0000000000000000       0x1d c:/st/stm32cubeide_1.9.0/stm32cubeide/plugins/com.st.stm32cube.ide.mcu.externaltools.gnu-tools-for-stm32.10.3-2021.10.win32_1.0.0.202111181127/tools/bin/../lib/gcc/arm-none-eabi/10.3.1/thumb/v7-m/nofp/crti.o
 .ARM.attributes
                0x000000000000001d       0x2d c:/st/stm32cubeide_1.9.0/stm32cubeide/plugins/com.st.stm32cube.ide.mcu.externaltools.gnu-tools-for-stm32.10.3-2021.10.win32_1.0.0.202111181127/tools/bin/../lib/gcc/arm-none-eabi/10.3.1/thumb/v7-m/nofp/crtbegin.o
 .ARM.attributes
                0x000000000000004a       0x2d ./Core/Src/API/ring_buffer.o
 .ARM.attributes
                0x0000000000000077       0x2d ./Core/Src/FSMs/event_manager.c/evt_mgmt_fsm.o
 .ARM.attributes
                0x00000000000000a4       0x2d ./Core/Src/event_queue/event_queue.o
 .ARM.attributes
                0x00000000000000d1       0x2d ./Core/Src/main.o
 .ARM.attributes
                0x00000000000000fe       0x2d ./Core/Src/stm32f1xx_hal_msp.o
 .ARM.attributes
                0x000000000000012b       0x2d ./Core/Src/stm32f1xx_it.o
 .ARM.attributes
                0x0000000000000158       0x2d ./Core/Src/syscalls.o
 .ARM.attributes
                0x0000000000000185       0x2d ./Core/Src/sysmem.o
 .ARM.attributes
                0x00000000000001b2       0x2d ./Core/Src/system_stm32f1xx.o
 .ARM.attributes
                0x00000000000001df       0x2d ./Core/Src/printf_dbg/itm_dbg.o
 .ARM.attributes
                0x000000000000020c       0x2d ./Core/Src/printf_dbg/printf_dbg.o
 .ARM.attributes
                0x0000000000000239       0x2d ./Core/Src/time_event/time_event.o
 .ARM.attributes
                0x0000000000000266       0x2d ./Core/Src/time_event/time_irq_update.o
 .ARM.attributes
                0x0000000000000293       0x21 ./Core/Startup/startup_stm32f103r8tx.o
 .ARM.attributes
                0x00000000000002b4       0x2d ./Drivers/STM32F1xx_HAL_Driver/Src/stm32f1xx_hal.o
 .ARM.attributes
                0x00000000000002e1       0x2d ./Drivers/STM32F1xx_HAL_Driver/Src/stm32f1xx_hal_adc.o
 .ARM.attributes
                0x000000000000030e       0x2d ./Drivers/STM32F1xx_HAL_Driver/Src/stm32f1xx_hal_cortex.o
 .ARM.attributes
                0x000000000000033b       0x2d ./Drivers/STM32F1xx_HAL_Driver/Src/stm32f1xx_hal_gpio.o
 .ARM.attributes
                0x0000000000000368       0x2d ./Drivers/STM32F1xx_HAL_Driver/Src/stm32f1xx_hal_i2c.o
 .ARM.attributes
                0x0000000000000395       0x2d ./Drivers/STM32F1xx_HAL_Driver/Src/stm32f1xx_hal_rcc.o
 .ARM.attributes
                0x00000000000003c2       0x2d ./Drivers/STM32F1xx_HAL_Driver/Src/stm32f1xx_hal_rcc_ex.o
 .ARM.attributes
                0x00000000000003ef       0x2d ./Drivers/STM32F1xx_HAL_Driver/Src/stm32f1xx_hal_spi.o
 .ARM.attributes
                0x000000000000041c       0x2d ./Drivers/STM32F1xx_HAL_Driver/Src/stm32f1xx_hal_tim.o
 .ARM.attributes
                0x0000000000000449       0x2d ./Drivers/STM32F1xx_HAL_Driver/Src/stm32f1xx_hal_tim_ex.o
 .ARM.attributes
                0x0000000000000476       0x2d c:/st/stm32cubeide_1.9.0/stm32cubeide/plugins/com.st.stm32cube.ide.mcu.externaltools.gnu-tools-for-stm32.10.3-2021.10.win32_1.0.0.202111181127/tools/bin/../lib/gcc/arm-none-eabi/10.3.1/../../../../arm-none-eabi/lib/thumb/v7-m/nofp\libc_nano.a(lib_a-assert.o)
 .ARM.attributes
                0x00000000000004a3       0x2d c:/st/stm32cubeide_1.9.0/stm32cubeide/plugins/com.st.stm32cube.ide.mcu.externaltools.gnu-tools-for-stm32.10.3-2021.10.win32_1.0.0.202111181127/tools/bin/../lib/gcc/arm-none-eabi/10.3.1/../../../../arm-none-eabi/lib/thumb/v7-m/nofp\libc_nano.a(lib_a-errno.o)
 .ARM.attributes
                0x00000000000004d0       0x2d c:/st/stm32cubeide_1.9.0/stm32cubeide/plugins/com.st.stm32cube.ide.mcu.externaltools.gnu-tools-for-stm32.10.3-2021.10.win32_1.0.0.202111181127/tools/bin/../lib/gcc/arm-none-eabi/10.3.1/../../../../arm-none-eabi/lib/thumb/v7-m/nofp\libc_nano.a(lib_a-fprintf.o)
 .ARM.attributes
                0x00000000000004fd       0x2d c:/st/stm32cubeide_1.9.0/stm32cubeide/plugins/com.st.stm32cube.ide.mcu.externaltools.gnu-tools-for-stm32.10.3-2021.10.win32_1.0.0.202111181127/tools/bin/../lib/gcc/arm-none-eabi/10.3.1/../../../../arm-none-eabi/lib/thumb/v7-m/nofp\libc_nano.a(lib_a-impure.o)
 .ARM.attributes
                0x000000000000052a       0x2d c:/st/stm32cubeide_1.9.0/stm32cubeide/plugins/com.st.stm32cube.ide.mcu.externaltools.gnu-tools-for-stm32.10.3-2021.10.win32_1.0.0.202111181127/tools/bin/../lib/gcc/arm-none-eabi/10.3.1/../../../../arm-none-eabi/lib/thumb/v7-m/nofp\libc_nano.a(lib_a-init.o)
 .ARM.attributes
                0x0000000000000557       0x2d c:/st/stm32cubeide_1.9.0/stm32cubeide/plugins/com.st.stm32cube.ide.mcu.externaltools.gnu-tools-for-stm32.10.3-2021.10.win32_1.0.0.202111181127/tools/bin/../lib/gcc/arm-none-eabi/10.3.1/../../../../arm-none-eabi/lib/thumb/v7-m/nofp\libc_nano.a(lib_a-malloc.o)
 .ARM.attributes
                0x0000000000000584       0x2d c:/st/stm32cubeide_1.9.0/stm32cubeide/plugins/com.st.stm32cube.ide.mcu.externaltools.gnu-tools-for-stm32.10.3-2021.10.win32_1.0.0.202111181127/tools/bin/../lib/gcc/arm-none-eabi/10.3.1/../../../../arm-none-eabi/lib/thumb/v7-m/nofp\libc_nano.a(lib_a-memset.o)
 .ARM.attributes
                0x00000000000005b1       0x2d c:/st/stm32cubeide_1.9.0/stm32cubeide/plugins/com.st.stm32cube.ide.mcu.externaltools.gnu-tools-for-stm32.10.3-2021.10.win32_1.0.0.202111181127/tools/bin/../lib/gcc/arm-none-eabi/10.3.1/../../../../arm-none-eabi/lib/thumb/v7-m/nofp\libc_nano.a(lib_a-nano-freer.o)
 .ARM.attributes
                0x00000000000005de       0x2d c:/st/stm32cubeide_1.9.0/stm32cubeide/plugins/com.st.stm32cube.ide.mcu.externaltools.gnu-tools-for-stm32.10.3-2021.10.win32_1.0.0.202111181127/tools/bin/../lib/gcc/arm-none-eabi/10.3.1/../../../../arm-none-eabi/lib/thumb/v7-m/nofp\libc_nano.a(lib_a-nano-mallocr.o)
 .ARM.attributes
                0x000000000000060b       0x2d c:/st/stm32cubeide_1.9.0/stm32cubeide/plugins/com.st.stm32cube.ide.mcu.externaltools.gnu-tools-for-stm32.10.3-2021.10.win32_1.0.0.202111181127/tools/bin/../lib/gcc/arm-none-eabi/10.3.1/../../../../arm-none-eabi/lib/thumb/v7-m/nofp\libc_nano.a(lib_a-nano-vfprintf.o)
 .ARM.attributes
                0x0000000000000638       0x2d c:/st/stm32cubeide_1.9.0/stm32cubeide/plugins/com.st.stm32cube.ide.mcu.externaltools.gnu-tools-for-stm32.10.3-2021.10.win32_1.0.0.202111181127/tools/bin/../lib/gcc/arm-none-eabi/10.3.1/../../../../arm-none-eabi/lib/thumb/v7-m/nofp\libc_nano.a(lib_a-nano-vfprintf_i.o)
 .ARM.attributes
                0x0000000000000665       0x2d c:/st/stm32cubeide_1.9.0/stm32cubeide/plugins/com.st.stm32cube.ide.mcu.externaltools.gnu-tools-for-stm32.10.3-2021.10.win32_1.0.0.202111181127/tools/bin/../lib/gcc/arm-none-eabi/10.3.1/../../../../arm-none-eabi/lib/thumb/v7-m/nofp\libc_nano.a(lib_a-printf.o)
 .ARM.attributes
                0x0000000000000692       0x2d c:/st/stm32cubeide_1.9.0/stm32cubeide/plugins/com.st.stm32cube.ide.mcu.externaltools.gnu-tools-for-stm32.10.3-2021.10.win32_1.0.0.202111181127/tools/bin/../lib/gcc/arm-none-eabi/10.3.1/../../../../arm-none-eabi/lib/thumb/v7-m/nofp\libc_nano.a(lib_a-puts.o)
 .ARM.attributes
                0x00000000000006bf       0x2d c:/st/stm32cubeide_1.9.0/stm32cubeide/plugins/com.st.stm32cube.ide.mcu.externaltools.gnu-tools-for-stm32.10.3-2021.10.win32_1.0.0.202111181127/tools/bin/../lib/gcc/arm-none-eabi/10.3.1/../../../../arm-none-eabi/lib/thumb/v7-m/nofp\libc_nano.a(lib_a-sbrkr.o)
 .ARM.attributes
                0x00000000000006ec       0x2d c:/st/stm32cubeide_1.9.0/stm32cubeide/plugins/com.st.stm32cube.ide.mcu.externaltools.gnu-tools-for-stm32.10.3-2021.10.win32_1.0.0.202111181127/tools/bin/../lib/gcc/arm-none-eabi/10.3.1/../../../../arm-none-eabi/lib/thumb/v7-m/nofp\libc_nano.a(lib_a-wbuf.o)
 .ARM.attributes
                0x0000000000000719       0x2d c:/st/stm32cubeide_1.9.0/stm32cubeide/plugins/com.st.stm32cube.ide.mcu.externaltools.gnu-tools-for-stm32.10.3-2021.10.win32_1.0.0.202111181127/tools/bin/../lib/gcc/arm-none-eabi/10.3.1/../../../../arm-none-eabi/lib/thumb/v7-m/nofp\libc_nano.a(lib_a-wsetup.o)
 .ARM.attributes
                0x0000000000000746       0x2d c:/st/stm32cubeide_1.9.0/stm32cubeide/plugins/com.st.stm32cube.ide.mcu.externaltools.gnu-tools-for-stm32.10.3-2021.10.win32_1.0.0.202111181127/tools/bin/../lib/gcc/arm-none-eabi/10.3.1/../../../../arm-none-eabi/lib/thumb/v7-m/nofp\libc_nano.a(lib_a-abort.o)
 .ARM.attributes
                0x0000000000000773       0x2d c:/st/stm32cubeide_1.9.0/stm32cubeide/plugins/com.st.stm32cube.ide.mcu.externaltools.gnu-tools-for-stm32.10.3-2021.10.win32_1.0.0.202111181127/tools/bin/../lib/gcc/arm-none-eabi/10.3.1/../../../../arm-none-eabi/lib/thumb/v7-m/nofp\libc_nano.a(lib_a-fflush.o)
 .ARM.attributes
                0x00000000000007a0       0x2d c:/st/stm32cubeide_1.9.0/stm32cubeide/plugins/com.st.stm32cube.ide.mcu.externaltools.gnu-tools-for-stm32.10.3-2021.10.win32_1.0.0.202111181127/tools/bin/../lib/gcc/arm-none-eabi/10.3.1/../../../../arm-none-eabi/lib/thumb/v7-m/nofp\libc_nano.a(lib_a-findfp.o)
 .ARM.attributes
                0x00000000000007cd       0x2d c:/st/stm32cubeide_1.9.0/stm32cubeide/plugins/com.st.stm32cube.ide.mcu.externaltools.gnu-tools-for-stm32.10.3-2021.10.win32_1.0.0.202111181127/tools/bin/../lib/gcc/arm-none-eabi/10.3.1/../../../../arm-none-eabi/lib/thumb/v7-m/nofp\libc_nano.a(lib_a-fwalk.o)
 .ARM.attributes
                0x00000000000007fa       0x2d c:/st/stm32cubeide_1.9.0/stm32cubeide/plugins/com.st.stm32cube.ide.mcu.externaltools.gnu-tools-for-stm32.10.3-2021.10.win32_1.0.0.202111181127/tools/bin/../lib/gcc/arm-none-eabi/10.3.1/../../../../arm-none-eabi/lib/thumb/v7-m/nofp\libc_nano.a(lib_a-lock.o)
 .ARM.attributes
                0x0000000000000827       0x2d c:/st/stm32cubeide_1.9.0/stm32cubeide/plugins/com.st.stm32cube.ide.mcu.externaltools.gnu-tools-for-stm32.10.3-2021.10.win32_1.0.0.202111181127/tools/bin/../lib/gcc/arm-none-eabi/10.3.1/../../../../arm-none-eabi/lib/thumb/v7-m/nofp\libc_nano.a(lib_a-makebuf.o)
 .ARM.attributes
                0x0000000000000854       0x2d c:/st/stm32cubeide_1.9.0/stm32cubeide/plugins/com.st.stm32cube.ide.mcu.externaltools.gnu-tools-for-stm32.10.3-2021.10.win32_1.0.0.202111181127/tools/bin/../lib/gcc/arm-none-eabi/10.3.1/../../../../arm-none-eabi/lib/thumb/v7-m/nofp\libc_nano.a(lib_a-memchr-stub.o)
 .ARM.attributes
                0x0000000000000881       0x2d c:/st/stm32cubeide_1.9.0/stm32cubeide/plugins/com.st.stm32cube.ide.mcu.externaltools.gnu-tools-for-stm32.10.3-2021.10.win32_1.0.0.202111181127/tools/bin/../lib/gcc/arm-none-eabi/10.3.1/../../../../arm-none-eabi/lib/thumb/v7-m/nofp\libc_nano.a(lib_a-mlock.o)
 .ARM.attributes
                0x00000000000008ae       0x2d c:/st/stm32cubeide_1.9.0/stm32cubeide/plugins/com.st.stm32cube.ide.mcu.externaltools.gnu-tools-for-stm32.10.3-2021.10.win32_1.0.0.202111181127/tools/bin/../lib/gcc/arm-none-eabi/10.3.1/../../../../arm-none-eabi/lib/thumb/v7-m/nofp\libc_nano.a(lib_a-reent.o)
 .ARM.attributes
                0x00000000000008db       0x2d c:/st/stm32cubeide_1.9.0/stm32cubeide/plugins/com.st.stm32cube.ide.mcu.externaltools.gnu-tools-for-stm32.10.3-2021.10.win32_1.0.0.202111181127/tools/bin/../lib/gcc/arm-none-eabi/10.3.1/../../../../arm-none-eabi/lib/thumb/v7-m/nofp\libc_nano.a(lib_a-signal.o)
 .ARM.attributes
                0x0000000000000908       0x2d c:/st/stm32cubeide_1.9.0/stm32cubeide/plugins/com.st.stm32cube.ide.mcu.externaltools.gnu-tools-for-stm32.10.3-2021.10.win32_1.0.0.202111181127/tools/bin/../lib/gcc/arm-none-eabi/10.3.1/../../../../arm-none-eabi/lib/thumb/v7-m/nofp\libc_nano.a(lib_a-signalr.o)
 .ARM.attributes
                0x0000000000000935       0x2d c:/st/stm32cubeide_1.9.0/stm32cubeide/plugins/com.st.stm32cube.ide.mcu.externaltools.gnu-tools-for-stm32.10.3-2021.10.win32_1.0.0.202111181127/tools/bin/../lib/gcc/arm-none-eabi/10.3.1/../../../../arm-none-eabi/lib/thumb/v7-m/nofp\libc_nano.a(lib_a-stdio.o)
 .ARM.attributes
                0x0000000000000962       0x2d c:/st/stm32cubeide_1.9.0/stm32cubeide/plugins/com.st.stm32cube.ide.mcu.externaltools.gnu-tools-for-stm32.10.3-2021.10.win32_1.0.0.202111181127/tools/bin/../lib/gcc/arm-none-eabi/10.3.1/../../../../arm-none-eabi/lib/thumb/v7-m/nofp\libc_nano.a(lib_a-writer.o)
 .ARM.attributes
                0x000000000000098f       0x2d c:/st/stm32cubeide_1.9.0/stm32cubeide/plugins/com.st.stm32cube.ide.mcu.externaltools.gnu-tools-for-stm32.10.3-2021.10.win32_1.0.0.202111181127/tools/bin/../lib/gcc/arm-none-eabi/10.3.1/../../../../arm-none-eabi/lib/thumb/v7-m/nofp\libc_nano.a(lib_a-closer.o)
 .ARM.attributes
                0x00000000000009bc       0x2d c:/st/stm32cubeide_1.9.0/stm32cubeide/plugins/com.st.stm32cube.ide.mcu.externaltools.gnu-tools-for-stm32.10.3-2021.10.win32_1.0.0.202111181127/tools/bin/../lib/gcc/arm-none-eabi/10.3.1/../../../../arm-none-eabi/lib/thumb/v7-m/nofp\libc_nano.a(lib_a-fstatr.o)
 .ARM.attributes
                0x00000000000009e9       0x2d c:/st/stm32cubeide_1.9.0/stm32cubeide/plugins/com.st.stm32cube.ide.mcu.externaltools.gnu-tools-for-stm32.10.3-2021.10.win32_1.0.0.202111181127/tools/bin/../lib/gcc/arm-none-eabi/10.3.1/../../../../arm-none-eabi/lib/thumb/v7-m/nofp\libc_nano.a(lib_a-isattyr.o)
 .ARM.attributes
                0x0000000000000a16       0x2d c:/st/stm32cubeide_1.9.0/stm32cubeide/plugins/com.st.stm32cube.ide.mcu.externaltools.gnu-tools-for-stm32.10.3-2021.10.win32_1.0.0.202111181127/tools/bin/../lib/gcc/arm-none-eabi/10.3.1/../../../../arm-none-eabi/lib/thumb/v7-m/nofp\libc_nano.a(lib_a-lseekr.o)
 .ARM.attributes
                0x0000000000000a43       0x2d c:/st/stm32cubeide_1.9.0/stm32cubeide/plugins/com.st.stm32cube.ide.mcu.externaltools.gnu-tools-for-stm32.10.3-2021.10.win32_1.0.0.202111181127/tools/bin/../lib/gcc/arm-none-eabi/10.3.1/../../../../arm-none-eabi/lib/thumb/v7-m/nofp\libc_nano.a(lib_a-readr.o)
 .ARM.attributes
                0x0000000000000a70       0x1d c:/st/stm32cubeide_1.9.0/stm32cubeide/plugins/com.st.stm32cube.ide.mcu.externaltools.gnu-tools-for-stm32.10.3-2021.10.win32_1.0.0.202111181127/tools/bin/../lib/gcc/arm-none-eabi/10.3.1/thumb/v7-m/nofp/crtn.o
OUTPUT(pet_feeder.elf elf32-littlearm)
LOAD linker stubs
LOAD c:/st/stm32cubeide_1.9.0/stm32cubeide/plugins/com.st.stm32cube.ide.mcu.externaltools.gnu-tools-for-stm32.10.3-2021.10.win32_1.0.0.202111181127/tools/bin/../lib/gcc/arm-none-eabi/10.3.1/../../../../arm-none-eabi/lib/thumb/v7-m/nofp\libc.a
LOAD c:/st/stm32cubeide_1.9.0/stm32cubeide/plugins/com.st.stm32cube.ide.mcu.externaltools.gnu-tools-for-stm32.10.3-2021.10.win32_1.0.0.202111181127/tools/bin/../lib/gcc/arm-none-eabi/10.3.1/../../../../arm-none-eabi/lib/thumb/v7-m/nofp\libm.a
LOAD c:/st/stm32cubeide_1.9.0/stm32cubeide/plugins/com.st.stm32cube.ide.mcu.externaltools.gnu-tools-for-stm32.10.3-2021.10.win32_1.0.0.202111181127/tools/bin/../lib/gcc/arm-none-eabi/10.3.1/thumb/v7-m/nofp\libgcc.a

.debug_info     0x0000000000000000     0xfa47
 .debug_info    0x0000000000000000      0x665 ./Core/Src/API/ring_buffer.o
 .debug_info    0x0000000000000665      0x5f9 ./Core/Src/FSMs/event_manager.c/evt_mgmt_fsm.o
 .debug_info    0x0000000000000c5e      0x4a0 ./Core/Src/event_queue/event_queue.o
 .debug_info    0x00000000000010fe     0x14c7 ./Core/Src/main.o
 .debug_info    0x00000000000025c5     0x122b ./Core/Src/stm32f1xx_hal_msp.o
 .debug_info    0x00000000000037f0      0x122 ./Core/Src/stm32f1xx_it.o
 .debug_info    0x0000000000003912      0x6e0 ./Core/Src/syscalls.o
 .debug_info    0x0000000000003ff2      0x171 ./Core/Src/sysmem.o
 .debug_info    0x0000000000004163      0x23d ./Core/Src/system_stm32f1xx.o
 .debug_info    0x00000000000043a0      0x3ce ./Core/Src/printf_dbg/itm_dbg.o
 .debug_info    0x000000000000476e      0x1f9 ./Core/Src/printf_dbg/printf_dbg.o
 .debug_info    0x0000000000004967      0x1ff ./Core/Src/time_event/time_event.o
 .debug_info    0x0000000000004b66       0xc0 ./Core/Src/time_event/time_irq_update.o
 .debug_info    0x0000000000004c26       0x22 ./Core/Startup/startup_stm32f103r8tx.o
 .debug_info    0x0000000000004c48      0x734 ./Drivers/STM32F1xx_HAL_Driver/Src/stm32f1xx_hal.o
 .debug_info    0x000000000000537c      0xcd9 ./Drivers/STM32F1xx_HAL_Driver/Src/stm32f1xx_hal_adc.o
 .debug_info    0x0000000000006055      0xb20 ./Drivers/STM32F1xx_HAL_Driver/Src/stm32f1xx_hal_cortex.o
 .debug_info    0x0000000000006b75      0x615 ./Drivers/STM32F1xx_HAL_Driver/Src/stm32f1xx_hal_gpio.o
 .debug_info    0x000000000000718a     0x2734 ./Drivers/STM32F1xx_HAL_Driver/Src/stm32f1xx_hal_i2c.o
 .debug_info    0x00000000000098be      0x860 ./Drivers/STM32F1xx_HAL_Driver/Src/stm32f1xx_hal_rcc.o
 .debug_info    0x000000000000a11e      0x3e0 ./Drivers/STM32F1xx_HAL_Driver/Src/stm32f1xx_hal_rcc_ex.o
 .debug_info    0x000000000000a4fe     0x1658 ./Drivers/STM32F1xx_HAL_Driver/Src/stm32f1xx_hal_spi.o
 .debug_info    0x000000000000bb56     0x29de ./Drivers/STM32F1xx_HAL_Driver/Src/stm32f1xx_hal_tim.o
 .debug_info    0x000000000000e534     0x1513 ./Drivers/STM32F1xx_HAL_Driver/Src/stm32f1xx_hal_tim_ex.o

.debug_abbrev   0x0000000000000000     0x28d9
 .debug_abbrev  0x0000000000000000      0x205 ./Core/Src/API/ring_buffer.o
 .debug_abbrev  0x0000000000000205      0x19d ./Core/Src/FSMs/event_manager.c/evt_mgmt_fsm.o
 .debug_abbrev  0x00000000000003a2      0x1a2 ./Core/Src/event_queue/event_queue.o
 .debug_abbrev  0x0000000000000544      0x2bc ./Core/Src/main.o
 .debug_abbrev  0x0000000000000800      0x1e5 ./Core/Src/stm32f1xx_hal_msp.o
 .debug_abbrev  0x00000000000009e5       0x74 ./Core/Src/stm32f1xx_it.o
 .debug_abbrev  0x0000000000000a59      0x1b3 ./Core/Src/syscalls.o
 .debug_abbrev  0x0000000000000c0c       0xbb ./Core/Src/sysmem.o
 .debug_abbrev  0x0000000000000cc7      0x13b ./Core/Src/system_stm32f1xx.o
 .debug_abbrev  0x0000000000000e02      0x17e ./Core/Src/printf_dbg/itm_dbg.o
 .debug_abbrev  0x0000000000000f80      0x133 ./Core/Src/printf_dbg/printf_dbg.o
 .debug_abbrev  0x00000000000010b3      0x107 ./Core/Src/time_event/time_event.o
 .debug_abbrev  0x00000000000011ba       0x78 ./Core/Src/time_event/time_irq_update.o
 .debug_abbrev  0x0000000000001232       0x12 ./Core/Startup/startup_stm32f103r8tx.o
 .debug_abbrev  0x0000000000001244      0x1fb ./Drivers/STM32F1xx_HAL_Driver/Src/stm32f1xx_hal.o
 .debug_abbrev  0x000000000000143f      0x210 ./Drivers/STM32F1xx_HAL_Driver/Src/stm32f1xx_hal_adc.o
 .debug_abbrev  0x000000000000164f      0x2ed ./Drivers/STM32F1xx_HAL_Driver/Src/stm32f1xx_hal_cortex.o
 .debug_abbrev  0x000000000000193c      0x1bb ./Drivers/STM32F1xx_HAL_Driver/Src/stm32f1xx_hal_gpio.o
 .debug_abbrev  0x0000000000001af7      0x288 ./Drivers/STM32F1xx_HAL_Driver/Src/stm32f1xx_hal_i2c.o
 .debug_abbrev  0x0000000000001d7f      0x2a8 ./Drivers/STM32F1xx_HAL_Driver/Src/stm32f1xx_hal_rcc.o
 .debug_abbrev  0x0000000000002027      0x182 ./Drivers/STM32F1xx_HAL_Driver/Src/stm32f1xx_hal_rcc_ex.o
 .debug_abbrev  0x00000000000021a9      0x26e ./Drivers/STM32F1xx_HAL_Driver/Src/stm32f1xx_hal_spi.o
 .debug_abbrev  0x0000000000002417      0x25d ./Drivers/STM32F1xx_HAL_Driver/Src/stm32f1xx_hal_tim.o
 .debug_abbrev  0x0000000000002674      0x265 ./Drivers/STM32F1xx_HAL_Driver/Src/stm32f1xx_hal_tim_ex.o

.debug_aranges  0x0000000000000000     0x1200
 .debug_aranges
                0x0000000000000000       0x90 ./Core/Src/API/ring_buffer.o
 .debug_aranges
                0x0000000000000090       0x88 ./Core/Src/FSMs/event_manager.c/evt_mgmt_fsm.o
 .debug_aranges
                0x0000000000000118       0x50 ./Core/Src/event_queue/event_queue.o
 .debug_aranges
                0x0000000000000168       0x58 ./Core/Src/main.o
 .debug_aranges
                0x00000000000001c0       0x60 ./Core/Src/stm32f1xx_hal_msp.o
 .debug_aranges
                0x0000000000000220       0x60 ./Core/Src/stm32f1xx_it.o
 .debug_aranges
                0x0000000000000280       0xa8 ./Core/Src/syscalls.o
 .debug_aranges
                0x0000000000000328       0x20 ./Core/Src/sysmem.o
 .debug_aranges
                0x0000000000000348       0x28 ./Core/Src/system_stm32f1xx.o
 .debug_aranges
                0x0000000000000370       0x38 ./Core/Src/printf_dbg/itm_dbg.o
 .debug_aranges
                0x00000000000003a8       0x28 ./Core/Src/printf_dbg/printf_dbg.o
 .debug_aranges
                0x00000000000003d0       0x50 ./Core/Src/time_event/time_event.o
 .debug_aranges
                0x0000000000000420       0x28 ./Core/Src/time_event/time_irq_update.o
 .debug_aranges
                0x0000000000000448       0x28 ./Core/Startup/startup_stm32f103r8tx.o
 .debug_aranges
                0x0000000000000470       0xe0 ./Drivers/STM32F1xx_HAL_Driver/Src/stm32f1xx_hal.o
 .debug_aranges
                0x0000000000000550       0xf0 ./Drivers/STM32F1xx_HAL_Driver/Src/stm32f1xx_hal_adc.o
 .debug_aranges
                0x0000000000000640      0x100 ./Drivers/STM32F1xx_HAL_Driver/Src/stm32f1xx_hal_cortex.o
 .debug_aranges
                0x0000000000000740       0x58 ./Drivers/STM32F1xx_HAL_Driver/Src/stm32f1xx_hal_gpio.o
 .debug_aranges
                0x0000000000000798      0x2a0 ./Drivers/STM32F1xx_HAL_Driver/Src/stm32f1xx_hal_i2c.o
 .debug_aranges
                0x0000000000000a38       0x90 ./Drivers/STM32F1xx_HAL_Driver/Src/stm32f1xx_hal_rcc.o
 .debug_aranges
                0x0000000000000ac8       0x30 ./Drivers/STM32F1xx_HAL_Driver/Src/stm32f1xx_hal_rcc_ex.o
 .debug_aranges
                0x0000000000000af8      0x1d0 ./Drivers/STM32F1xx_HAL_Driver/Src/stm32f1xx_hal_spi.o
 .debug_aranges
                0x0000000000000cc8      0x3d0 ./Drivers/STM32F1xx_HAL_Driver/Src/stm32f1xx_hal_tim.o
 .debug_aranges
                0x0000000000001098      0x168 ./Drivers/STM32F1xx_HAL_Driver/Src/stm32f1xx_hal_tim_ex.o

.debug_ranges   0x0000000000000000     0x10b0
 .debug_ranges  0x0000000000000000       0x80 ./Core/Src/API/ring_buffer.o
 .debug_ranges  0x0000000000000080       0x78 ./Core/Src/FSMs/event_manager.c/evt_mgmt_fsm.o
 .debug_ranges  0x00000000000000f8       0x40 ./Core/Src/event_queue/event_queue.o
 .debug_ranges  0x0000000000000138       0x48 ./Core/Src/main.o
 .debug_ranges  0x0000000000000180       0x50 ./Core/Src/stm32f1xx_hal_msp.o
 .debug_ranges  0x00000000000001d0       0x50 ./Core/Src/stm32f1xx_it.o
 .debug_ranges  0x0000000000000220       0x98 ./Core/Src/syscalls.o
 .debug_ranges  0x00000000000002b8       0x10 ./Core/Src/sysmem.o
 .debug_ranges  0x00000000000002c8       0x18 ./Core/Src/system_stm32f1xx.o
 .debug_ranges  0x00000000000002e0       0x28 ./Core/Src/printf_dbg/itm_dbg.o
 .debug_ranges  0x0000000000000308       0x18 ./Core/Src/printf_dbg/printf_dbg.o
 .debug_ranges  0x0000000000000320       0x40 ./Core/Src/time_event/time_event.o
 .debug_ranges  0x0000000000000360       0x18 ./Core/Src/time_event/time_irq_update.o
 .debug_ranges  0x0000000000000378       0x20 ./Core/Startup/startup_stm32f103r8tx.o
 .debug_ranges  0x0000000000000398       0xd0 ./Drivers/STM32F1xx_HAL_Driver/Src/stm32f1xx_hal.o
 .debug_ranges  0x0000000000000468       0xe0 ./Drivers/STM32F1xx_HAL_Driver/Src/stm32f1xx_hal_adc.o
 .debug_ranges  0x0000000000000548       0xf0 ./Drivers/STM32F1xx_HAL_Driver/Src/stm32f1xx_hal_cortex.o
 .debug_ranges  0x0000000000000638       0x48 ./Drivers/STM32F1xx_HAL_Driver/Src/stm32f1xx_hal_gpio.o
 .debug_ranges  0x0000000000000680      0x2b8 ./Drivers/STM32F1xx_HAL_Driver/Src/stm32f1xx_hal_i2c.o
 .debug_ranges  0x0000000000000938       0x80 ./Drivers/STM32F1xx_HAL_Driver/Src/stm32f1xx_hal_rcc.o
 .debug_ranges  0x00000000000009b8       0x20 ./Drivers/STM32F1xx_HAL_Driver/Src/stm32f1xx_hal_rcc_ex.o
 .debug_ranges  0x00000000000009d8      0x1c0 ./Drivers/STM32F1xx_HAL_Driver/Src/stm32f1xx_hal_spi.o
 .debug_ranges  0x0000000000000b98      0x3c0 ./Drivers/STM32F1xx_HAL_Driver/Src/stm32f1xx_hal_tim.o
 .debug_ranges  0x0000000000000f58      0x158 ./Drivers/STM32F1xx_HAL_Driver/Src/stm32f1xx_hal_tim_ex.o

.debug_macro    0x0000000000000000    0x1a9d8
 .debug_macro   0x0000000000000000      0x208 ./Core/Src/API/ring_buffer.o
 .debug_macro   0x0000000000000208      0xa6c ./Core/Src/API/ring_buffer.o
 .debug_macro   0x0000000000000c74       0x22 ./Core/Src/API/ring_buffer.o
 .debug_macro   0x0000000000000c96       0x4c ./Core/Src/API/ring_buffer.o
 .debug_macro   0x0000000000000ce2       0x18 ./Core/Src/API/ring_buffer.o
 .debug_macro   0x0000000000000cfa       0x94 ./Core/Src/API/ring_buffer.o
 .debug_macro   0x0000000000000d8e       0x3c ./Core/Src/API/ring_buffer.o
 .debug_macro   0x0000000000000dca       0x34 ./Core/Src/API/ring_buffer.o
 .debug_macro   0x0000000000000dfe       0x16 ./Core/Src/API/ring_buffer.o
 .debug_macro   0x0000000000000e14       0x57 ./Core/Src/API/ring_buffer.o
 .debug_macro   0x0000000000000e6b       0x97 ./Core/Src/API/ring_buffer.o
 .debug_macro   0x0000000000000f02      0x341 ./Core/Src/API/ring_buffer.o
 .debug_macro   0x0000000000001243       0xfd ./Core/Src/API/ring_buffer.o
 .debug_macro   0x0000000000001340       0x10 ./Core/Src/API/ring_buffer.o
 .debug_macro   0x0000000000001350       0x16 ./Core/Src/API/ring_buffer.o
 .debug_macro   0x0000000000001366       0x43 ./Core/Src/API/ring_buffer.o
 .debug_macro   0x00000000000013a9       0x34 ./Core/Src/API/ring_buffer.o
 .debug_macro   0x00000000000013dd       0x10 ./Core/Src/API/ring_buffer.o
 .debug_macro   0x00000000000013ed       0x58 ./Core/Src/API/ring_buffer.o
 .debug_macro   0x0000000000001445       0x71 ./Core/Src/API/ring_buffer.o
 .debug_macro   0x00000000000014b6       0x1c ./Core/Src/API/ring_buffer.o
 .debug_macro   0x00000000000014d2      0x12a ./Core/Src/API/ring_buffer.o
 .debug_macro   0x00000000000015fc       0x10 ./Core/Src/API/ring_buffer.o
 .debug_macro   0x000000000000160c       0x6a ./Core/Src/API/ring_buffer.o
 .debug_macro   0x0000000000001676       0x1c ./Core/Src/API/ring_buffer.o
 .debug_macro   0x0000000000001692       0x52 ./Core/Src/API/ring_buffer.o
 .debug_macro   0x00000000000016e4       0x22 ./Core/Src/API/ring_buffer.o
 .debug_macro   0x0000000000001706       0x10 ./Core/Src/API/ring_buffer.o
 .debug_macro   0x0000000000001716       0x52 ./Core/Src/API/ring_buffer.o
 .debug_macro   0x0000000000001768       0xd5 ./Core/Src/API/ring_buffer.o
 .debug_macro   0x000000000000183d       0x1c ./Core/Src/API/ring_buffer.o
 .debug_macro   0x0000000000001859       0x3d ./Core/Src/API/ring_buffer.o
 .debug_macro   0x0000000000001896       0x16 ./Core/Src/API/ring_buffer.o
 .debug_macro   0x00000000000018ac      0x145 ./Core/Src/API/ring_buffer.o
 .debug_macro   0x00000000000019f1      0x103 ./Core/Src/API/ring_buffer.o
 .debug_macro   0x0000000000001af4      0x1df ./Core/Src/API/ring_buffer.o
 .debug_macro   0x0000000000001cd3       0x16 ./Core/Src/API/ring_buffer.o
 .debug_macro   0x0000000000001ce9       0x16 ./Core/Src/API/ring_buffer.o
 .debug_macro   0x0000000000001cff       0x35 ./Core/Src/API/ring_buffer.o
 .debug_macro   0x0000000000001d34       0x16 ./Core/Src/API/ring_buffer.o
 .debug_macro   0x0000000000001d4a       0x29 ./Core/Src/API/ring_buffer.o
 .debug_macro   0x0000000000001d73      0x3b9 ./Core/Src/FSMs/event_manager.c/evt_mgmt_fsm.o
 .debug_macro   0x000000000000212c       0x10 ./Core/Src/FSMs/event_manager.c/evt_mgmt_fsm.o
 .debug_macro   0x000000000000213c       0x22 ./Core/Src/FSMs/event_manager.c/evt_mgmt_fsm.o
 .debug_macro   0x000000000000215e       0x2e ./Core/Src/FSMs/event_manager.c/evt_mgmt_fsm.o
 .debug_macro   0x000000000000218c       0x22 ./Core/Src/FSMs/event_manager.c/evt_mgmt_fsm.o
 .debug_macro   0x00000000000021ae       0x1c ./Core/Src/FSMs/event_manager.c/evt_mgmt_fsm.o
 .debug_macro   0x00000000000021ca       0x22 ./Core/Src/FSMs/event_manager.c/evt_mgmt_fsm.o
 .debug_macro   0x00000000000021ec       0xbd ./Core/Src/FSMs/event_manager.c/evt_mgmt_fsm.o
 .debug_macro   0x00000000000022a9      0xd23 ./Core/Src/FSMs/event_manager.c/evt_mgmt_fsm.o
 .debug_macro   0x0000000000002fcc     0xe09e ./Core/Src/FSMs/event_manager.c/evt_mgmt_fsm.o
 .debug_macro   0x000000000001106a       0x6d ./Core/Src/FSMs/event_manager.c/evt_mgmt_fsm.o
 .debug_macro   0x00000000000110d7      0x227 ./Core/Src/FSMs/event_manager.c/evt_mgmt_fsm.o
 .debug_macro   0x00000000000112fe     0x3468 ./Core/Src/FSMs/event_manager.c/evt_mgmt_fsm.o
 .debug_macro   0x0000000000014766       0x56 ./Core/Src/FSMs/event_manager.c/evt_mgmt_fsm.o
 .debug_macro   0x00000000000147bc      0x5be ./Core/Src/FSMs/event_manager.c/evt_mgmt_fsm.o
 .debug_macro   0x0000000000014d7a      0x289 ./Core/Src/FSMs/event_manager.c/evt_mgmt_fsm.o
 .debug_macro   0x0000000000015003      0x1cb ./Core/Src/FSMs/event_manager.c/evt_mgmt_fsm.o
 .debug_macro   0x00000000000151ce      0x114 ./Core/Src/FSMs/event_manager.c/evt_mgmt_fsm.o
 .debug_macro   0x00000000000152e2      0x1b2 ./Core/Src/FSMs/event_manager.c/evt_mgmt_fsm.o
 .debug_macro   0x0000000000015494       0x27 ./Core/Src/FSMs/event_manager.c/evt_mgmt_fsm.o
 .debug_macro   0x00000000000154bb      0x136 ./Core/Src/FSMs/event_manager.c/evt_mgmt_fsm.o
 .debug_macro   0x00000000000155f1      0x1bc ./Core/Src/FSMs/event_manager.c/evt_mgmt_fsm.o
 .debug_macro   0x00000000000157ad       0x34 ./Core/Src/FSMs/event_manager.c/evt_mgmt_fsm.o
 .debug_macro   0x00000000000157e1       0x3c ./Core/Src/FSMs/event_manager.c/evt_mgmt_fsm.o
 .debug_macro   0x000000000001581d       0x57 ./Core/Src/FSMs/event_manager.c/evt_mgmt_fsm.o
 .debug_macro   0x0000000000015874      0x46a ./Core/Src/FSMs/event_manager.c/evt_mgmt_fsm.o
 .debug_macro   0x0000000000015cde      0x1b5 ./Core/Src/FSMs/event_manager.c/evt_mgmt_fsm.o
 .debug_macro   0x0000000000015e93       0x88 ./Core/Src/FSMs/event_manager.c/evt_mgmt_fsm.o
 .debug_macro   0x0000000000015f1b      0x241 ./Core/Src/FSMs/event_manager.c/evt_mgmt_fsm.o
 .debug_macro   0x000000000001615c      0x287 ./Core/Src/FSMs/event_manager.c/evt_mgmt_fsm.o
 .debug_macro   0x00000000000163e3      0x141 ./Core/Src/FSMs/event_manager.c/evt_mgmt_fsm.o
 .debug_macro   0x0000000000016524      0x217 ./Core/Src/FSMs/event_manager.c/evt_mgmt_fsm.o
 .debug_macro   0x000000000001673b      0x8d1 ./Core/Src/FSMs/event_manager.c/evt_mgmt_fsm.o
 .debug_macro   0x000000000001700c       0x83 ./Core/Src/FSMs/event_manager.c/evt_mgmt_fsm.o
 .debug_macro   0x000000000001708f       0x10 ./Core/Src/FSMs/event_manager.c/evt_mgmt_fsm.o
 .debug_macro   0x000000000001709f       0x2e ./Core/Src/FSMs/event_manager.c/evt_mgmt_fsm.o
 .debug_macro   0x00000000000170cd      0x3a9 ./Core/Src/event_queue/event_queue.o
 .debug_macro   0x0000000000017476      0x39c ./Core/Src/main.o
 .debug_macro   0x0000000000017812       0x8e ./Core/Src/main.o
 .debug_macro   0x00000000000178a0       0x51 ./Core/Src/main.o
 .debug_macro   0x00000000000178f1      0x174 ./Core/Src/main.o
 .debug_macro   0x0000000000017a65       0x5c ./Core/Src/main.o
 .debug_macro   0x0000000000017ac1      0x1b8 ./Core/Src/main.o
 .debug_macro   0x0000000000017c79       0x52 ./Core/Src/main.o
 .debug_macro   0x0000000000017ccb       0x16 ./Core/Src/main.o
 .debug_macro   0x0000000000017ce1      0x1d0 ./Core/Src/stm32f1xx_hal_msp.o
 .debug_macro   0x0000000000017eb1      0x1da ./Core/Src/stm32f1xx_it.o
 .debug_macro   0x000000000001808b      0x24c ./Core/Src/syscalls.o
 .debug_macro   0x00000000000182d7       0x10 ./Core/Src/syscalls.o
 .debug_macro   0x00000000000182e7       0x10 ./Core/Src/syscalls.o
 .debug_macro   0x00000000000182f7       0x10 ./Core/Src/syscalls.o
 .debug_macro   0x0000000000018307       0x35 ./Core/Src/syscalls.o
 .debug_macro   0x000000000001833c      0x12c ./Core/Src/syscalls.o
 .debug_macro   0x0000000000018468       0x10 ./Core/Src/syscalls.o
 .debug_macro   0x0000000000018478      0x241 ./Core/Src/syscalls.o
 .debug_macro   0x00000000000186b9       0x1c ./Core/Src/syscalls.o
 .debug_macro   0x00000000000186d5       0x10 ./Core/Src/syscalls.o
 .debug_macro   0x00000000000186e5      0x189 ./Core/Src/syscalls.o
 .debug_macro   0x000000000001886e       0x16 ./Core/Src/syscalls.o
 .debug_macro   0x0000000000018884       0xce ./Core/Src/syscalls.o
 .debug_macro   0x0000000000018952       0xff ./Core/Src/sysmem.o
 .debug_macro   0x0000000000018a51      0x23b ./Core/Src/sysmem.o
 .debug_macro   0x0000000000018c8c      0x1c1 ./Core/Src/system_stm32f1xx.o
 .debug_macro   0x0000000000018e4d      0x32f ./Core/Src/printf_dbg/itm_dbg.o
 .debug_macro   0x000000000001917c      0x341 ./Core/Src/printf_dbg/printf_dbg.o
 .debug_macro   0x00000000000194bd       0xaf ./Core/Src/time_event/time_event.o
 .debug_macro   0x000000000001956c      0x1d4 ./Core/Src/time_event/time_irq_update.o
 .debug_macro   0x0000000000019740      0x1e5 ./Drivers/STM32F1xx_HAL_Driver/Src/stm32f1xx_hal.o
 .debug_macro   0x0000000000019925      0x1de ./Drivers/STM32F1xx_HAL_Driver/Src/stm32f1xx_hal_adc.o
 .debug_macro   0x0000000000019b03      0x1c1 ./Drivers/STM32F1xx_HAL_Driver/Src/stm32f1xx_hal_cortex.o
 .debug_macro   0x0000000000019cc4      0x22c ./Drivers/STM32F1xx_HAL_Driver/Src/stm32f1xx_hal_gpio.o